Component: ARM Compiler 5.06 update 4 (build 422) Tool: armlink [4d35d2]

==============================================================================

Section Cross References

    startup_stm32f407xx.o(RESET) refers to startup_stm32f407xx.o(STACK) for __initial_sp
    startup_stm32f407xx.o(RESET) refers to startup_stm32f407xx.o(.text) for Reset_Handler
    startup_stm32f407xx.o(RESET) refers to stm32f4xx_it.o(i.NMI_Handler) for NMI_Handler
    startup_stm32f407xx.o(RESET) refers to stm32f4xx_it.o(i.HardFault_Handler) for HardFault_Handler
    startup_stm32f407xx.o(RESET) refers to stm32f4xx_it.o(i.MemManage_Handler) for MemManage_Handler
    startup_stm32f407xx.o(RESET) refers to stm32f4xx_it.o(i.BusFault_Handler) for BusFault_Handler
    startup_stm32f407xx.o(RESET) refers to stm32f4xx_it.o(i.UsageFault_Handler) for UsageFault_Handler
    startup_stm32f407xx.o(RESET) refers to stm32f4xx_it.o(i.SVC_Handler) for SVC_Handler
    startup_stm32f407xx.o(RESET) refers to stm32f4xx_it.o(i.DebugMon_Handler) for DebugMon_Handler
    startup_stm32f407xx.o(RESET) refers to stm32f4xx_it.o(i.PendSV_Handler) for PendSV_Handler
    startup_stm32f407xx.o(RESET) refers to stm32f4xx_it.o(i.SysTick_Handler) for SysTick_Handler
    startup_stm32f407xx.o(RESET) refers to stm32f4xx_it.o(i.EXTI0_IRQHandler) for EXTI0_IRQHandler
    startup_stm32f407xx.o(RESET) refers to stm32f4xx_it.o(i.EXTI3_IRQHandler) for EXTI3_IRQHandler
    startup_stm32f407xx.o(RESET) refers to stm32f4xx_it.o(i.EXTI4_IRQHandler) for EXTI4_IRQHandler
    startup_stm32f407xx.o(RESET) refers to stm32f4xx_it.o(i.DMA1_Stream1_IRQHandler) for DMA1_Stream1_IRQHandler
    startup_stm32f407xx.o(RESET) refers to stm32f4xx_it.o(i.DMA1_Stream5_IRQHandler) for DMA1_Stream5_IRQHandler
    startup_stm32f407xx.o(RESET) refers to stm32f4xx_it.o(i.CAN1_TX_IRQHandler) for CAN1_TX_IRQHandler
    startup_stm32f407xx.o(RESET) refers to stm32f4xx_it.o(i.CAN1_RX0_IRQHandler) for CAN1_RX0_IRQHandler
    startup_stm32f407xx.o(RESET) refers to stm32f4xx_it.o(i.EXTI9_5_IRQHandler) for EXTI9_5_IRQHandler
    startup_stm32f407xx.o(RESET) refers to stm32f4xx_it.o(i.TIM2_IRQHandler) for TIM2_IRQHandler
    startup_stm32f407xx.o(RESET) refers to stm32f4xx_it.o(i.TIM3_IRQHandler) for TIM3_IRQHandler
    startup_stm32f407xx.o(RESET) refers to remote_control.o(i.USART3_IRQHandler) for USART3_IRQHandler
    startup_stm32f407xx.o(RESET) refers to bsp_imu.o(i.DMA2_Stream2_IRQHandler) for DMA2_Stream2_IRQHandler
    startup_stm32f407xx.o(RESET) refers to stm32f4xx_it.o(i.DMA2_Stream3_IRQHandler) for DMA2_Stream3_IRQHandler
    startup_stm32f407xx.o(RESET) refers to stm32f4xx_it.o(i.CAN2_RX0_IRQHandler) for CAN2_RX0_IRQHandler
    startup_stm32f407xx.o(RESET) refers to stm32f4xx_it.o(i.OTG_FS_IRQHandler) for OTG_FS_IRQHandler
    startup_stm32f407xx.o(.text) refers to system_stm32f4xx.o(i.SystemInit) for SystemInit
    startup_stm32f407xx.o(.text) refers to entry.o(.ARM.Collect$$$$00000000) for __main
    main.o(i.SystemClock_Config) refers to memseta.o(.text) for __aeabi_memclr4
    main.o(i.SystemClock_Config) refers to stm32f4xx_hal_rcc.o(i.HAL_RCC_OscConfig) for HAL_RCC_OscConfig
    main.o(i.SystemClock_Config) refers to main.o(i.Error_Handler) for Error_Handler
    main.o(i.SystemClock_Config) refers to stm32f4xx_hal_rcc.o(i.HAL_RCC_ClockConfig) for HAL_RCC_ClockConfig
    main.o(i.main) refers to stm32f4xx_hal.o(i.HAL_Init) for HAL_Init
    main.o(i.main) refers to main.o(i.SystemClock_Config) for SystemClock_Config
    main.o(i.main) refers to gpio.o(i.MX_GPIO_Init) for MX_GPIO_Init
    main.o(i.main) refers to dma.o(i.MX_DMA_Init) for MX_DMA_Init
    main.o(i.main) refers to can.o(i.MX_CAN1_Init) for MX_CAN1_Init
    main.o(i.main) refers to can.o(i.MX_CAN2_Init) for MX_CAN2_Init
    main.o(i.main) refers to tim.o(i.MX_TIM2_Init) for MX_TIM2_Init
    main.o(i.main) refers to i2c.o(i.MX_I2C3_Init) for MX_I2C3_Init
    main.o(i.main) refers to spi.o(i.MX_SPI1_Init) for MX_SPI1_Init
    main.o(i.main) refers to tim.o(i.MX_TIM10_Init) for MX_TIM10_Init
    main.o(i.main) refers to usart.o(i.MX_USART3_UART_Init) for MX_USART3_UART_Init
    main.o(i.main) refers to usb_device.o(i.MX_USB_DEVICE_Init) for MX_USB_DEVICE_Init
    main.o(i.main) refers to usart.o(i.MX_USART2_UART_Init) for MX_USART2_UART_Init
    main.o(i.main) refers to tim.o(i.MX_TIM3_Init) for MX_TIM3_Init
    main.o(i.main) refers to remote_control.o(i.remote_control_init) for remote_control_init
    main.o(i.main) refers to bsp_can.o(i.can_filter_init) for can_filter_init
    main.o(i.main) refers to gimbal.o(i.gimbal_init) for gimbal_init
    main.o(i.main) refers to stm32f4xx_hal_tim.o(i.HAL_TIM_Base_Start) for HAL_TIM_Base_Start
    main.o(i.main) refers to stm32f4xx_hal_tim.o(i.HAL_TIM_PWM_Start) for HAL_TIM_PWM_Start
    main.o(i.main) refers to delay.o(i.delay_init) for delay_init
    main.o(i.main) refers to bsp_imu.o(i.IMU_Init) for IMU_Init
[...]
    HAL_TIM_MspPostInit                      0x08004e19   Thumb Code    86  tim.o(i.HAL_TIM_MspPostInit)
    HAL_TIM_OC_DelayElapsedCallback          0x08004e7d   Thumb Code     2  stm32f4xx_hal_tim.o(i.HAL_TIM_OC_DelayElapsedCallback)
    HAL_TIM_PWM_ConfigChannel                0x08004e7f   Thumb Code   260  stm32f4xx_hal_tim.o(i.HAL_TIM_PWM_ConfigChannel)
    HAL_TIM_PWM_Init                         0x08004f83   Thumb Code   102  stm32f4xx_hal_tim.o(i.HAL_TIM_PWM_Init)
    HAL_TIM_PWM_MspInit                      0x08004fe9   Thumb Code     2  stm32f4xx_hal_tim.o(i.HAL_TIM_PWM_MspInit)
    HAL_TIM_PWM_PulseFinishedCallback        0x08004feb   Thumb Code     2  stm32f4xx_hal_tim.o(i.HAL_TIM_PWM_PulseFinishedCallback)
    HAL_TIM_PWM_Start                        0x08004fed   Thumb Code   238  stm32f4xx_hal_tim.o(i.HAL_TIM_PWM_Start)
    HAL_TIM_PeriodElapsedCallback            0x080050f9   Thumb Code   448  mode.o(i.HAL_TIM_PeriodElapsedCallback)
    HAL_TIM_TriggerCallback                  0x080052f1   Thumb Code     2  stm32f4xx_hal_tim.o(i.HAL_TIM_TriggerCallback)
    HAL_UART_Init                            0x080052f3   Thumb Code   118  stm32f4xx_hal_uart.o(i.HAL_UART_Init)
    HAL_UART_MspInit                         0x08005369   Thumb Code   374  usart.o(i.HAL_UART_MspInit)
    HardFault_Handler                        0x08005501   Thumb Code     4  stm32f4xx_it.o(i.HardFault_Handler)
    IMU_Init                                 0x0800594d   Thumb Code   176  bsp_imu.o(i.IMU_Init)
    INS_task                                 0x08005a39   Thumb Code   756  bsp_imu.o(i.INS_task)
    MX_CAN1_Init                             0x08005dd5   Thumb Code    58  can.o(i.MX_CAN1_Init)
    MX_CAN2_Init                             0x08005e19   Thumb Code    58  can.o(i.MX_CAN2_Init)
    MX_DMA_Init                              0x08005e5d   Thumb Code   130  dma.o(i.MX_DMA_Init)
    MX_GPIO_Init                             0x08005ee5   Thumb Code   430  gpio.o(i.MX_GPIO_Init)
    MX_I2C3_Init                             0x080060a9   Thumb Code    48  i2c.o(i.MX_I2C3_Init)
    MX_SPI1_Init                             0x080060e5   Thumb Code    62  spi.o(i.MX_SPI1_Init)
    MX_TIM10_Init                            0x0800612d   Thumb Code   100  tim.o(i.MX_TIM10_Init)
    MX_TIM2_Init                             0x08006199   Thumb Code   104  tim.o(i.MX_TIM2_Init)
    MX_TIM3_Init                             0x08006205   Thumb Code   100  tim.o(i.MX_TIM3_Init)
    MX_USART2_UART_Init                      0x08006271   Thumb Code    46  usart.o(i.MX_USART2_UART_Init)
    MX_USART3_UART_Init                      0x080062a9   Thumb Code    48  usart.o(i.MX_USART3_UART_Init)
    MX_USB_DEVICE_Init                       0x080062e5   Thumb Code    60  usb_device.o(i.MX_USB_DEVICE_Init)
    MahonyAHRSupdate                         0x08006331   Thumb Code  1418  mahonyahrs.o(i.MahonyAHRSupdate)
    MahonyAHRSupdateIMU                      0x080068dd   Thumb Code   730  mahonyahrs.o(i.MahonyAHRSupdateIMU)
    MemManage_Handler                        0x08006bd9   Thumb Code     4  stm32f4xx_it.o(i.MemManage_Handler)
    NMI_Handler                              0x08006bdd   Thumb Code     4  stm32f4xx_it.o(i.NMI_Handler)
    OTG_FS_IRQHandler                        0x08006be1   Thumb Code    10  stm32f4xx_it.o(i.OTG_FS_IRQHandler)
    PID_Calc                                 0x08006e51   Thumb Code   330  pid.o(i.PID_Calc)
    PID_Init                                 0x08006fa1   Thumb Code   106  pid.o(i.PID_Init)
    PID_angleloop_calc                       0x08007011   Thumb Code   376  pid.o(i.PID_angleloop_calc)
    PID_angleloop_init                       0x0800718d   Thumb Code    94  pid.o(i.PID_angleloop_init)
    PID_calc                                 0x080071f1   Thumb Code   376  pid.o(i.PID_calc)
    PID_init                                 0x0800736d   Thumb Code    94  pid.o(i.PID_init)
    PendSV_Handler                           0x080073d1   Thumb Code     2  stm32f4xx_it.o(i.PendSV_Handler)
    RC_data_is_error                         0x080073d5   Thumb Code   146  remote_control.o(i.RC_data_is_error)
    SPI1_DMA_enable                          0x080075cd   Thumb Code 10024  bsp_spi.o(i.SPI1_DMA_enable)
    SPI1_DMA_init                            0x08009d09   Thumb Code   360  bsp_spi.o(i.SPI1_DMA_init)
    SVC_Handler                              0x08009fe9   Thumb Code     2  stm32f4xx_it.o(i.SVC_Handler)
    Send_USB                                 0x08009ffd   Thumb Code    92  usbd_cdc_if.o(i.Send_USB)
    SysTick_Handler                          0x0800a061   Thumb Code     8  stm32f4xx_it.o(i.SysTick_Handler)
    SystemClock_Config                       0x0800a069   Thumb Code   170  main.o(i.SystemClock_Config)
    SystemInit                               0x0800a11d   Thumb Code    14  system_stm32f4xx.o(i.SystemInit)
    TIM2_IRQHandler                          0x0800a131   Thumb Code    10  stm32f4xx_it.o(i.TIM2_IRQHandler)
    TIM3_IRQHandler                          0x0800a141   Thumb Code    10  stm32f4xx_it.o(i.TIM3_IRQHandler)
    TIM_Base_SetConfig                       0x0800a151   Thumb Code   186  stm32f4xx_hal_tim.o(i.TIM_Base_SetConfig)
    TIM_CCxChannelCmd                        0x0800a239   Thumb Code    34  stm32f4xx_hal_tim.o(i.TIM_CCxChannelCmd)
    TIM_ETR_SetConfig                        0x0800a25b   Thumb Code    22  stm32f4xx_hal_tim.o(i.TIM_ETR_SetConfig)
    TIM_OC2_SetConfig                        0x0800a2f5   Thumb Code   114  stm32f4xx_hal_tim.o(i.TIM_OC2_SetConfig)
    UPPER_COMM_TX                            0x0800a6b9   Thumb Code    38  usbd_cdc_if.o(i.UPPER_COMM_TX)
    USART3_IRQHandler                        0x0800a6ed   Thumb Code   304  remote_control.o(i.USART3_IRQHandler)
    USBD_CDC_GetDeviceQualifierDescriptor    0x0800aa71   Thumb Code    10  usbd_cdc.o(i.USBD_CDC_GetDeviceQualifierDescriptor)
    USBD_CDC_ReceivePacket                   0x0800acf1   Thumb Code    74  usbd_cdc.o(i.USBD_CDC_ReceivePacket)
    USBD_CDC_RegisterInterface               0x0800ad41   Thumb Code    24  usbd_cdc.o(i.USBD_CDC_RegisterInterface)
    USBD_CDC_SetRxBuffer                     0x0800ad59   Thumb Code    30  usbd_cdc.o(i.USBD_CDC_SetRxBuffer)
    USBD_CDC_SetTxBuffer                     0x0800ad77   Thumb Code    36  usbd_cdc.o(i.USBD_CDC_SetTxBuffer)
    USBD_CDC_TransmitPacket                  0x0800aedd   Thumb Code    86  usbd_cdc.o(i.USBD_CDC_TransmitPacket)
    USBD_ClrClassConfig                      0x0800af39   Thumb Code    28  usbd_core.o(i.USBD_ClrClassConfig)
    USBD_CoreFindEP                          0x0800af93   Thumb Code     6  usbd_core.o(i.USBD_CoreFindEP)
    USBD_CoreFindIF                          0x0800af99   Thumb Code     6  usbd_core.o(i.USBD_CoreFindIF)
    USBD_CtlContinueRx                       0x0800af9f   Thumb Code    24  usbd_ioreq.o(i.USBD_CtlContinueRx)
    USBD_CtlContinueSendData                 0x0800afb7   Thumb Code    24  usbd_ioreq.o(i.USBD_CtlContinueSendData)
    USBD_CtlError                            0x0800afcf   Thumb Code    24  usbd_ctlreq.o(i.USBD_CtlError)
    USBD_CtlPrepareRx                        0x0800afe7   Thumb Code    40  usbd_ioreq.o(i.USBD_CtlPrepareRx)
    USBD_CtlReceiveStatus                    0x0800b00f   Thumb Code    26  usbd_ioreq.o(i.USBD_CtlReceiveStatus)
    USBD_CtlSendData                         0x0800b029   Thumb Code    34  usbd_ioreq.o(i.USBD_CtlSendData)
    USBD_CtlSendStatus                       0x0800b04b   Thumb Code    26  usbd_ioreq.o(i.USBD_CtlSendStatus)
    USBD_FS_ConfigStrDescriptor              0x0800b065   Thumb Code    34  usbd_desc.o(i.USBD_FS_ConfigStrDescriptor)
    USBD_FS_DeviceDescriptor                 0x0800b099   Thumb Code    10  usbd_desc.o(i.USBD_FS_DeviceDescriptor)
    USBD_FS_InterfaceStrDescriptor           0x0800b0a9   Thumb Code    34  usbd_desc.o(i.USBD_FS_InterfaceStrDescriptor)
    USBD_FS_LangIDStrDescriptor              0x0800b0e1   Thumb Code    10  usbd_desc.o(i.USBD_FS_LangIDStrDescriptor)
    USBD_FS_ManufacturerStrDescriptor        0x0800b0f1   Thumb Code    20  usbd_desc.o(i.USBD_FS_ManufacturerStrDescriptor)
    USBD_FS_ProductStrDescriptor             0x0800b11d   Thumb Code    34  usbd_desc.o(i.USBD_FS_ProductStrDescriptor)
    USBD_FS_SerialStrDescriptor              0x0800b15d   Thumb Code    18  usbd_desc.o(i.USBD_FS_SerialStrDescriptor)
    USBD_GetEpDesc                           0x0800b3c7   Thumb Code    80  usbd_core.o(i.USBD_GetEpDesc)
    USBD_GetNextDesc                         0x0800b42d   Thumb Code    20  usbd_core.o(i.USBD_GetNextDesc)
    USBD_GetString                           0x0800b49b   Thumb Code    84  usbd_ctlreq.o(i.USBD_GetString)
    USBD_Get_USB_Status                      0x0800b4ef   Thumb Code    44  usbd_conf.o(i.USBD_Get_USB_Status)
    USBD_Init                                0x0800b51b   Thumb Code    58  usbd_core.o(i.USBD_Init)
    USBD_LL_ClearStallEP                     0x0800b555   Thumb Code    38  usbd_conf.o(i.USBD_LL_ClearStallEP)
    USBD_LL_CloseEP                          0x0800b57b   Thumb Code    38  usbd_conf.o(i.USBD_LL_CloseEP)
    USBD_LL_DataInStage                      0x0800b5a1   Thumb Code   264  usbd_core.o(i.USBD_LL_DataInStage)
    USBD_LL_DataOutStage                     0x0800b6a9   Thumb Code   258  usbd_core.o(i.USBD_LL_DataOutStage)
    USBD_LL_DevConnected                     0x0800b7ab   Thumb Code     6  usbd_core.o(i.USBD_LL_DevConnected)
    USBD_LL_DevDisconnected                  0x0800b7b1   Thumb Code    38  usbd_core.o(i.USBD_LL_DevDisconnected)
    USBD_LL_GetRxDataSize                    0x0800b7d7   Thumb Code    18  usbd_conf.o(i.USBD_LL_GetRxDataSize)
    USBD_LL_Init                             0x0800b7e9   Thumb Code   100  usbd_conf.o(i.USBD_LL_Init)
    USBD_LL_IsStallEP                        0x0800b851   Thumb Code    56  usbd_conf.o(i.USBD_LL_IsStallEP)
    USBD_LL_IsoINIncomplete                  0x0800b889   Thumb Code    72  usbd_core.o(i.USBD_LL_IsoINIncomplete)
    USBD_LL_IsoOUTIncomplete                 0x0800b8d1   Thumb Code    72  usbd_core.o(i.USBD_LL_IsoOUTIncomplete)
    USBD_LL_OpenEP                           0x0800b919   Thumb Code    48  usbd_conf.o(i.USBD_LL_OpenEP)
    USBD_LL_PrepareReceive                   0x0800b949   Thumb Code    48  usbd_conf.o(i.USBD_LL_PrepareReceive)
    USBD_LL_Reset                            0x0800b979   Thumb Code   108  usbd_core.o(i.USBD_LL_Reset)
    USBD_LL_Resume                           0x0800b9e5   Thumb Code    22  usbd_core.o(i.USBD_LL_Resume)
    USBD_LL_SOF                              0x0800b9fb   Thumb Code    40  usbd_core.o(i.USBD_LL_SOF)
    USBD_LL_SetSpeed                         0x0800ba23   Thumb Code     8  usbd_core.o(i.USBD_LL_SetSpeed)
    USBD_LL_SetUSBAddress                    0x0800ba2b   Thumb Code    38  usbd_conf.o(i.USBD_LL_SetUSBAddress)
    USBD_LL_SetupStage                       0x0800ba51   Thumb Code   118  usbd_core.o(i.USBD_LL_SetupStage)
    USBD_LL_StallEP                          0x0800bac7   Thumb Code    38  usbd_conf.o(i.USBD_LL_StallEP)
    USBD_LL_Start                            0x0800baed   Thumb Code    30  usbd_conf.o(i.USBD_LL_Start)
    USBD_LL_Suspend                          0x0800bb0b   Thumb Code    28  usbd_core.o(i.USBD_LL_Suspend)
    USBD_LL_Transmit                         0x0800bb27   Thumb Code    48  usbd_conf.o(i.USBD_LL_Transmit)
    USBD_ParseSetupRequest                   0x0800bb57   Thumb Code    54  usbd_ctlreq.o(i.USBD_ParseSetupRequest)
    USBD_RegisterClass                       0x0800bb8d   Thumb Code    72  usbd_core.o(i.USBD_RegisterClass)
    USBD_RunTestMode                         0x0800bbd5   Thumb Code     6  usbd_core.o(i.USBD_RunTestMode)
    USBD_SetClassConfig                      0x0800bc35   Thumb Code    32  usbd_core.o(i.USBD_SetClassConfig)
    USBD_Start                               0x0800bd91   Thumb Code    12  usbd_core.o(i.USBD_Start)
    USBD_StdDevReq                           0x0800bd9d   Thumb Code   174  usbd_ctlreq.o(i.USBD_StdDevReq)
    USBD_StdEPReq                            0x0800be4b   Thumb Code   640  usbd_ctlreq.o(i.USBD_StdEPReq)
    USBD_StdItfReq                           0x0800c0cb   Thumb Code   174  usbd_ctlreq.o(i.USBD_StdItfReq)
    USBD_static_free                         0x0800c179   Thumb Code     2  usbd_conf.o(i.USBD_static_free)
    USBD_static_malloc                       0x0800c17d   Thumb Code     6  usbd_conf.o(i.USBD_static_malloc)
    USB_ActivateEndpoint                     0x0800c189   Thumb Code   202  stm32f4xx_ll_usb.o(i.USB_ActivateEndpoint)
    USB_ActivateSetup                        0x0800c259   Thumb Code    40  stm32f4xx_ll_usb.o(i.USB_ActivateSetup)
    USB_CoreInit                             0x0800c281   Thumb Code   136  stm32f4xx_ll_usb.o(i.USB_CoreInit)
    USB_DeactivateEndpoint                   0x0800c361   Thumb Code   318  stm32f4xx_ll_usb.o(i.USB_DeactivateEndpoint)
    USB_DevConnect                           0x0800c4ad   Thumb Code    36  stm32f4xx_ll_usb.o(i.USB_DevConnect)
    USB_DevDisconnect                        0x0800c4d1   Thumb Code    36  stm32f4xx_ll_usb.o(i.USB_DevDisconnect)
    USB_DevInit                              0x0800c4f5   Thumb Code   480  stm32f4xx_ll_usb.o(i.USB_DevInit)
    USB_DisableGlobalInt                     0x0800c6dd   Thumb Code    14  stm32f4xx_ll_usb.o(i.USB_DisableGlobalInt)
    USB_EP0_OutStart                         0x0800c6ed   Thumb Code   106  stm32f4xx_ll_usb.o(i.USB_EP0_OutStart)
    USB_EPClearStall                         0x0800c75d   Thumb Code   142  stm32f4xx_ll_usb.o(i.USB_EPClearStall)
    USB_EPSetStall                           0x0800c7eb   Thumb Code   154  stm32f4xx_ll_usb.o(i.USB_EPSetStall)
    USB_EPStartXfer                          0x0800c885   Thumb Code   944  stm32f4xx_ll_usb.o(i.USB_EPStartXfer)
    USB_EPStopXfer                           0x0800cc39   Thumb Code   236  stm32f4xx_ll_usb.o(i.USB_EPStopXfer)
    USB_EnableGlobalInt                      0x0800cd25   Thumb Code    14  stm32f4xx_ll_usb.o(i.USB_EnableGlobalInt)
    USB_FlushRxFifo                          0x0800cd33   Thumb Code    80  stm32f4xx_ll_usb.o(i.USB_FlushRxFifo)
    USB_FlushTxFifo                          0x0800cd83   Thumb Code    84  stm32f4xx_ll_usb.o(i.USB_FlushTxFifo)
    USB_GetDevSpeed                          0x0800cdd7   Thumb Code    38  stm32f4xx_ll_usb.o(i.USB_GetDevSpeed)
    USB_GetMode                              0x0800cdfd   Thumb Code    10  stm32f4xx_ll_usb.o(i.USB_GetMode)
    USB_ReadDevAllInEpInterrupt              0x0800ce07   Thumb Code    20  stm32f4xx_ll_usb.o(i.USB_ReadDevAllInEpInterrupt)
    USB_ReadDevAllOutEpInterrupt             0x0800ce1b   Thumb Code    20  stm32f4xx_ll_usb.o(i.USB_ReadDevAllOutEpInterrupt)
    USB_ReadDevInEPInterrupt                 0x0800ce2f   Thumb Code    50  stm32f4xx_ll_usb.o(i.USB_ReadDevInEPInterrupt)
    USB_ReadDevOutEPInterrupt                0x0800ce61   Thumb Code    26  stm32f4xx_ll_usb.o(i.USB_ReadDevOutEPInterrupt)
    USB_ReadInterrupts                       0x0800ce7b   Thumb Code    10  stm32f4xx_ll_usb.o(i.USB_ReadInterrupts)
    USB_ReadPacket                           0x0800ce85   Thumb Code    96  stm32f4xx_ll_usb.o(i.USB_ReadPacket)
    USB_SetCurrentMode                       0x0800cee5   Thumb Code   104  stm32f4xx_ll_usb.o(i.USB_SetCurrentMode)
    USB_SetDevAddress                        0x0800cf4d   Thumb Code    42  stm32f4xx_ll_usb.o(i.USB_SetDevAddress)
    USB_SetDevSpeed                          0x0800cf77   Thumb Code    18  stm32f4xx_ll_usb.o(i.USB_SetDevSpeed)
    USB_SetTurnaroundTime                    0x0800cf89   Thumb Code   192  stm32f4xx_ll_usb.o(i.USB_SetTurnaroundTime)
    USB_WritePacket                          0x0800d071   Thumb Code    68  stm32f4xx_ll_usb.o(i.USB_WritePacket)
    UsageFault_Handler                       0x0800d0b5   Thumb Code     4  stm32f4xx_it.o(i.UsageFault_Handler)
    Verify_CRC16_Check_Sum                   0x0800d0b9   Thumb Code    60  usbd_cdc_if.o(i.Verify_CRC16_Check_Sum)
    __ARM_fpclassifyf                        0x0800d0f5   Thumb Code    38  fpclassifyf.o(i.__ARM_fpclassifyf)
    __hardfp_asinf                           0x0800d155   Thumb Code   258  asinf.o(i.__hardfp_asinf)
    __hardfp_atan2f                          0x0800d281   Thumb Code   502  atan2f.o(i.__hardfp_atan2f)
    __hardfp_fabs                            0x0800d4d1   Thumb Code    20  fabs.o(i.__hardfp_fabs)
    __hardfp_sqrt                            0x0800d4e5   Thumb Code   122  sqrt.o(i.__hardfp_sqrt)
    __mathlib_flt_infnan                     0x0800d55f   Thumb Code     6  funder.o(i.__mathlib_flt_infnan)
    __mathlib_flt_infnan2                    0x0800d565   Thumb Code     6  funder.o(i.__mathlib_flt_infnan2)
    __mathlib_flt_invalid                    0x0800d56d   Thumb Code    10  funder.o(i.__mathlib_flt_invalid)
    __mathlib_flt_underflow                  0x0800d57d   Thumb Code    10  funder.o(i.__mathlib_flt_underflow)
    __scatterload_copy                       0x0800d58d   Thumb Code    14  handlers.o(i.__scatterload_copy)
    __scatterload_null                       0x0800d59b   Thumb Code     2  handlers.o(i.__scatterload_null)
    __scatterload_zeroinit                   0x0800d59d   Thumb Code    14  handlers.o(i.__scatterload_zeroinit)
    __set_errno                              0x0800d5ad   Thumb Code     6  errno.o(i.__set_errno)
    bmi088_accel_init                        0x0800d5b9   Thumb Code   302  bmi088driver.o(i.bmi088_accel_init)
    bmi088_accel_self_test                   0x0800d6ed   Thumb Code   760  bmi088driver.o(i.bmi088_accel_self_test)
    bmi088_gyro_init                         0x0800d9e9   Thumb Code   238  bmi088driver.o(i.bmi088_gyro_init)
    bmi088_gyro_self_test                    0x0800dadd   Thumb Code   208  bmi088driver.o(i.bmi088_gyro_self_test)
    can_filter_init                          0x0800dbad   Thumb Code    84  bsp_can.o(i.can_filter_init)
    cdc_vcp_data_rx                          0x0800dc09   Thumb Code   300  usbd_cdc_if.o(i.cdc_vcp_data_rx)
    control_mode_judge                       0x0800dd55   Thumb Code    68  rc_task.o(i.control_mode_judge)
    delay_init                               0x0800dda1   Thumb Code    32  delay.o(i.delay_init)
    delay_ms                                 0x0800ddd1   Thumb Code    76  delay.o(i.delay_ms)
    delay_us                                 0x0800de21   Thumb Code    76  delay.o(i.delay_us)
    get_angle                                0x0800de71   Thumb Code   220  bsp_imu.o(i.get_angle)
    get_gimbal_motor_measure_point           0x0800df4d   Thumb Code    14  can_receive.o(i.get_gimbal_motor_measure_point)
    get_motor_measure                        0x0800df61   Thumb Code    70  can_receive.o(i.get_motor_measure)
    get_remote_control_point                 0x0800dfa9   Thumb Code     4  remote_control.o(i.get_remote_control_point)
    gimbal_ctrl_loop                         0x0800dfb1   Thumb Code   310  gimbal.o(i.gimbal_ctrl_loop)
    gimbal_init                              0x0800e0f1   Thumb Code   274  gimbal.o(i.gimbal_init)
    gimbal_rc_to_ctrl_vector                 0x0800e235   Thumb Code   324  gimbal.o(i.gimbal_rc_to_ctrl_vector)
    gimbal_rc_to_set                         0x0800e3b1   Thumb Code    56  gimbal.o(i.gimbal_rc_to_set)
    gimbal_task                              0x0800e3f1   Thumb Code   410  gimbal.o(i.gimbal_task)
    imu_pwm_set                              0x0800e855   Thumb Code     8  bsp_imu_pwm.o(i.imu_pwm_set)
    int16_abs                                0x0800e905   Thumb Code    16  math.o(i.int16_abs)
    invSqrt                                  0x0800e915   Thumb Code    56  mahonyahrs.o(i.invSqrt)
    ist8310_IIC_read_muli_reg                0x0800e951   Thumb Code    30  ist8310driver_middleware.o(i.ist8310_IIC_read_muli_reg)
    ist8310_read_mag                         0x0800e975   Thumb Code   136  ist8310driver.o(i.ist8310_read_mag)
    key_control_data                         0x0800ea01   Thumb Code   916  rc_task.o(i.key_control_data)
    limits_change                            0x0800edfd   Thumb Code    68  math.o(i.limits_change)
    main                                     0x0800ee41   Thumb Code   108  main.o(i.main)
    mode_control                             0x0800eebd   Thumb Code   176  mode.o(i.mode_control)
    mode_select                              0x0800ef7d   Thumb Code   102  mode.o(i.mode_select)
    remote_control_init                      0x0800efed   Thumb Code    16  remote_control.o(i.remote_control_init)
    shoot_task                               0x0800f0f5   Thumb Code   156  gimbal.o(i.shoot_task)
    sqrtf                                    0x0800f1a5   Thumb Code    62  sqrtf.o(i.sqrtf)
    update_angle                             0x0800f1e5   Thumb Code   186  can_receive.o(i.update_angle)
    AHBPrescTable                            0x0800f2b0   Data          16  system_stm32f4xx.o(.constdata)
    APBPrescTable                            0x0800f2c0   Data           8  system_stm32f4xx.o(.constdata)
    Region$$Table$$Base                      0x0800f51c   Number         0  anon$$obj.o(Region$$Table)
    Region$$Table$$Limit                     0x0800f53c   Number         0  anon$$obj.o(Region$$Table)
    uwTick                                   0x20000004   Data           4  stm32f4xx_hal.o(.data)
    uwTickPrio                               0x20000008   Data           4  stm32f4xx_hal.o(.data)
    uwTickFreq                               0x2000000c   Data           1  stm32f4xx_hal.o(.data)
    SystemCoreClock                          0x20000010   Data           4  system_stm32f4xx.o(.data)
    gyro_dma_rx_buf                          0x20000014   Data           8  bsp_imu.o(.data)
    gyro_dma_tx_buf                          0x2000001c   Data           8  bsp_imu.o(.data)
    accel_dma_tx_buf                         0x20000024   Data           9  bsp_imu.o(.data)
    accel_temp_dma_rx_buf                    0x2000002d   Data           4  bsp_imu.o(.data)
    accel_temp_dma_tx_buf                    0x20000031   Data           4  bsp_imu.o(.data)
    gyro_update_flag                         0x20000035   Data           1  bsp_imu.o(.data)
    accel_update_flag                        0x20000036   Data           1  bsp_imu.o(.data)
    accel_temp_update_flag                   0x20000037   Data           1  bsp_imu.o(.data)
    mag_update_flag                          0x20000038   Data           1  bsp_imu.o(.data)
    imu_start_dma_flag                       0x20000039   Data           1  bsp_imu.o(.data)
    gyro_scale_factor                        0x2000003c   Data          36  bsp_imu.o(.data)
    accel_scale_factor                       0x20000060   Data          36  bsp_imu.o(.data)
    mag_scale_factor                         0x20000084   Data          36  bsp_imu.o(.data)
    s                                        0x200000b0   Data           1  bsp_imu.o(.data)
    rxup_flag                                0x200000d4   Data           4  can_receive.o(.data)
    watch_can_2                              0x200000d8   Data           4  can_receive.o(.data)
    Gimbal_Precision_Mode                    0x200000dc   Data           4  gimbal.o(.data)
    Vision_Precision_Mode                    0x200000e0   Data           4  gimbal.o(.data)
    PITCH_ch                                 0x200000e4   Data           4  gimbal.o(.data)
    watch_pitch_set                          0x200000e8   Data           4  gimbal.o(.data)
    FRIC_ch                                  0x200000ec   Data           4  gimbal.o(.data)
    flag_fric                                0x200000f0   Data           4  gimbal.o(.data)
    num                                      0x200000f4   Data           4  gimbal.o(.data)
    pit_x                                    0x200000f8   Data           4  gimbal.o(.data)
    pit_y                                    0x200000fc   Data           4  gimbal.o(.data)
    speed_a                                  0x20000100   Data           4  gimbal.o(.data)
    speed_add                                0x20000104   Data           4  gimbal.o(.data)
    gim_flag                                 0x20000108   Data           4  gimbal.o(.data)
    PITCH_set                                0x2000010c   Data           4  gimbal.o(.data)
    FRIC_set                                 0x20000110   Data           4  gimbal.o(.data)
    fric_w                                   0x20000114   Data           4  gimbal.o(.data)
    pit_w                                    0x20000118   Data           4  gimbal.o(.data)
    angle_target                             0x2000011c   Data           4  gimbal.o(.data)
    speed_x                                  0x20000120   Data           4  gimbal.o(.data)
    PITCH_set_g                              0x20000124   Data           4  gimbal.o(.data)
    add_speed_p                              0x20000128   Data           4  gimbal.o(.data)
    sent_tray                                0x2000012c   Data           4  gimbal.o(.data)
    Transmission_Mode                        0x20000138   Data           4  remote_control.o(.data)
    lose_control                             0x2000013c   Data           4  remote_control.o(.data)
    vision_mode                              0x20000142   Data           1  vision_task.o(.data)
    vision_switch_flag                       0x20000144   Data           4  rc_task.o(.data)
    F_flag                                   0x20000148   Data           4  rc_task.o(.data)
    frie_first_flag                          0x2000014c   Data           4  rc_task.o(.data)
    Fric_Switch_Flag                         0x20000150   Data           4  rc_task.o(.data)
    Shoot_Num                                0x20000154   Data           4  rc_task.o(.data)
    MOUSE_pre_left_cnt                       0x20000158   Data           4  rc_task.o(.data)
    Chassis_Spin_Delay_Cnt                   0x2000015c   Data           4  rc_task.o(.data)
    Gimbal_Reverse_Bottom_Delay_Cnt          0x20000160   Data           4  rc_task.o(.data)
    Chassis_Reverse_Bottom_Delay_Cnt         0x20000164   Data           4  rc_task.o(.data)
    Gimbal_Precision_Mode_Delay_Cnt          0x20000168   Data           4  rc_task.o(.data)
    Chassis_TurnAround_Delay_Cnt             0x2000016c   Data           4  rc_task.o(.data)
    Fric_Switch_Delay_Cnt                    0x20000170   Data           4  rc_task.o(.data)
    Pitch_Calibration_Delay_Cnt              0x20000174   Data           4  rc_task.o(.data)
    KEY_MODE                                 0x20000178   Data           1  rc_task.o(.data)
    shoot_true                               0x2000017c   Data           4  rc_task.o(.data)
    shoot_true_cnt                           0x20000180   Data           4  rc_task.o(.data)
    R_flag                                   0x20000184   Data           4  rc_task.o(.data)
    R_cnt                                    0x20000188   Data           4  rc_task.o(.data)
    flag_cnt                                 0x2000018c   Data           4  rc_task.o(.data)
    mode_s1                                  0x20000190   Data           4  rc_task.o(.data)
    mode_s2                                  0x20000194   Data           4  rc_task.o(.data)
    twoKp                                    0x20000198   Data           4  mahonyahrs.o(.data)
    twoKi                                    0x2000019c   Data           4  mahonyahrs.o(.data)
    integralFBx                              0x200001a0   Data           4  mahonyahrs.o(.data)
    integralFBy                              0x200001a4   Data           4  mahonyahrs.o(.data)
    integralFBz                              0x200001a8   Data           4  mahonyahrs.o(.data)
    w_IMU_Y                                  0x200001dc   Data           2  can_comm.o(.data)
    watch_can_comm                           0x200001e0   Data           4  can_comm.o(.data)
    see_imu_1                                0x200001e4   Data           4  can_comm.o(.data)
    see_imu_2                                0x200001e8   Data           4  can_comm.o(.data)
    x                                        0x200001ec   Data           4  can_comm.o(.data)
    y                                        0x200001f0   Data           4  can_comm.o(.data)
    z                                        0x200001f4   Data           4  can_comm.o(.data)
    num_IMU                                  0x200001f8   Data           2  can_comm.o(.data)
    yaw                                      0x200001fc   Data           4  can_comm.o(.data)
    tray                                     0x20000200   Data           4  can_comm.o(.data)
    s1                                       0x20000204   Data           4  can_comm.o(.data)
    s2                                       0x20000208   Data           4  can_comm.o(.data)
    speed_g1                                 0x2000020c   Data           4  mode.o(.data)
    speed_g2                                 0x20000210   Data           4  mode.o(.data)
    speed_g3                                 0x20000214   Data           4  mode.o(.data)
    mode_s                                   0x20000218   Data           4  mode.o(.data)
    Mode                                     0x2000021c   Data           1  mode.o(.data)
    V_Mode                                   0x2000021d   Data           1  mode.o(.data)
    lever_flag                               0x20000220   Data           4  mode.o(.data)
    lever_num                                0x20000224   Data           4  mode.o(.data)
    num_flag                                 0x20000228   Data           4  mode.o(.data)
    IMU_cnt                                  0x2000022c   Data           4  mode.o(.data)
    start_flag                               0x20000230   Data           4  mode.o(.data)
    MS_Count                                 0x20000234   Data           4  mode.o(.data)
    S_Count                                  0x20000238   Data           4  mode.o(.data)
    BMI088_ACCEL_SEN                         0x2000023c   Data           4  bmi088driver.o(.data)
    BMI088_GYRO_SEN                          0x20000240   Data           4  bmi088driver.o(.data)
    FS_Desc                                  0x20000268   Data          28  usbd_desc.o(.data)
    USBD_FS_DeviceDesc                       0x20000284   Data          18  usbd_desc.o(.data)
    USBD_LangIDDesc                          0x20000298   Data           4  usbd_desc.o(.data)
    USBD_StringSerial                        0x2000029c   Data          26  usbd_desc.o(.data)
    USBD_Interface_fops_FS                   0x200002b8   Data          20  usbd_cdc_if.o(.data)
    mode_flag                                0x200002cc   Data           2  usbd_cdc_if.o(.data)
    top_flag                                 0x200002ce   Data           2  usbd_cdc_if.o(.data)
    shoot_flag                               0x200002d0   Data           2  usbd_cdc_if.o(.data)
    start_receive_flag                       0x200002d2   Data           1  usbd_cdc_if.o(.data)
    USBD_CDC                                 0x200002e0   Data          56  usbd_cdc.o(.data)
    hcan1                                    0x20000364   Data          40  can.o(.bss)
    hcan2                                    0x2000038c   Data          40  can.o(.bss)
    hi2c3                                    0x200003b4   Data          84  i2c.o(.bss)
    hspi1                                    0x20000408   Data          88  spi.o(.bss)
    hdma_spi1_rx                             0x20000460   Data          96  spi.o(.bss)
    hdma_spi1_tx                             0x200004c0   Data          96  spi.o(.bss)
    htim2                                    0x20000520   Data          72  tim.o(.bss)
    htim3                                    0x20000568   Data          72  tim.o(.bss)
    htim10                                   0x200005b0   Data          72  tim.o(.bss)
    huart2                                   0x200005f8   Data          72  usart.o(.bss)
    huart3                                   0x20000640   Data          72  usart.o(.bss)
    hdma_usart2_rx                           0x20000688   Data          96  usart.o(.bss)
    hdma_usart3_rx                           0x200006e8   Data          96  usart.o(.bss)
    accel_dma_rx_buf                         0x20000748   Data           9  bsp_imu.o(.bss)
    bmi088_real_data                         0x20000754   Data          36  bsp_imu.o(.bss)
    ist8310_real_data                        0x20000778   Data          16  bsp_imu.o(.bss)
    gyro_offset                              0x20000788   Data          12  bsp_imu.o(.bss)
    gyro_cali_offset                         0x20000794   Data          12  bsp_imu.o(.bss)
    accel_offset                             0x200007a0   Data          12  bsp_imu.o(.bss)
    accel_cali_offset                        0x200007ac   Data          12  bsp_imu.o(.bss)
    mag_offset                               0x200007b8   Data          12  bsp_imu.o(.bss)
    mag_cali_offset                          0x200007c4   Data          12  bsp_imu.o(.bss)
    INS_gyro                                 0x20000840   Data          12  bsp_imu.o(.bss)
    INS_quat                                 0x20000864   Data          16  bsp_imu.o(.bss)
    INS_angle                                0x20000874   Data          12  bsp_imu.o(.bss)
    gimbal_y                                 0x20000880   Data         292  bsp_imu.o(.bss)
    gimbal_r                                 0x200009a4   Data         292  bsp_imu.o(.bss)
    rc_shoot                                 0x20000c0c   Data         380  gimbal.o(.bss)
    shoot                                    0x20000d88   Data         312  gimbal.o(.bss)
    gimbal_p                                 0x20000ec0   Data         536  gimbal.o(.bss)
    gimbal_move                              0x200010d8   Data        1252  gimbal.o(.bss)
    rc_ctrl                                  0x200015bc   Data          22  remote_control.o(.bss)
    global_ctrl                              0x200015d2   Data          22  remote_control.o(.bss)
    rc_sent                                  0x200015e8   Data          28  remote_control.o(.bss)
    rc_data                                  0x20001604   Data          22  remote_control.o(.bss)
    vision_sent                              0x20001664   Data          20  vision_task.o(.bss)
    chassis_tx                               0x20001678   Data          16  can_comm.o(.bss)
    tray_mode                                0x20001688   Data          12  can_comm.o(.bss)
    hUsbDeviceFS                             0x2000176c   Data         732  usb_device.o(.bss)
    USBD_StrDesc                             0x20001a48   Data         512  usbd_desc.o(.bss)
    usb_tx                                   0x20001c48   Data          17  usbd_cdc_if.o(.bss)
    usb_rx                                   0x20001c59   Data          17  usbd_cdc_if.o(.bss)
    UserRxBufferFS                           0x20001c6a   Data        2048  usbd_cdc_if.o(.bss)
    UserTxBufferFS                           0x2000246a   Data        2048  usbd_cdc_if.o(.bss)
    usbtemp                                  0x20002c6a   Data          64  usbd_cdc_if.o(.bss)
    Buffer                                   0x20002caa   Data          20  usbd_cdc_if.o(.bss)
    receive_data                             0x20002cbe   Data          36  usbd_cdc_if.o(.bss)
    pack_rx                                  0x20002ce2   Data          17  usbd_cdc_if.o(.bss)
    hpcd_USB_OTG_FS                          0x20002cf4   Data        1252  usbd_conf.o(.bss)
    __initial_sp                             0x200037f8   Data           0  startup_stm32f407xx.o(STACK)



==============================================================================

Memory Map of the image

  Image Entry point : 0x08000189

  Load Region LR_IROM1 (Base: 0x08000000, Size: 0x0000f8a0, Max: 0x00100000, ABSOLUTE, COMPRESSED[0x0000f658])

    Execution Region ER_IROM1 (Exec base: 0x08000000, Load base: 0x08000000, Size: 0x0000f53c, Max: 0x00100000, ABSOLUTE)

    Exec Addr    Load Addr    Size         Type   Attr      Idx    E Section Name        Object

    0x08000000   0x08000000   0x00000188   Data   RO            3    RESET               startup_stm32f407xx.o
    0x08000188   0x08000188   0x00000000   Code   RO         7496  * .ARM.Collect$$$$00000000  mc_w.l(entry.o)
    0x08000188   0x08000188   0x00000004   Code   RO         7571    .ARM.Collect$$$$00000001  mc_w.l(entry2.o)
    0x0800018c   0x0800018c   0x00000004   Code   RO         7574    .ARM.Collect$$$$00000004  mc_w.l(entry5.o)
    0x08000190   0x08000190   0x00000000   Code   RO         7576    .ARM.Collect$$$$00000008  mc_w.l(entry7b.o)
    0x08000190   0x08000190   0x00000000   Code   RO         7578    .ARM.Collect$$$$0000000A  mc_w.l(entry8b.o)
    0x08000190   0x08000190   0x00000008   Code   RO         7579    .ARM.Collect$$$$0000000B  mc_w.l(entry9a.o)
    0x08000198   0x08000198   0x00000000   Code   RO         7581    .ARM.Collect$$$$0000000D  mc_w.l(entry10a.o)
    0x08000198   0x08000198   0x00000000   Code   RO         7583    .ARM.Collect$$$$0000000F  mc_w.l(entry11a.o)
    0x08000198   0x08000198   0x00000004   Code   RO         7572    .ARM.Collect$$$$00002712  mc_w.l(entry2.o)
    0x0800019c   0x0800019c   0x00000024   Code   RO            4    .text               startup_stm32f407xx.o
    0x080001c0   0x080001c0   0x00000062   Code   RO         7499    .text               mc_w.l(uldiv.o)
    0x08000222   0x08000222   0x00000024   Code   RO         7501    .text               mc_w.l(memcpya.o)
    0x08000246   0x08000246   0x00000024   Code   RO         7503    .text               mc_w.l(memseta.o)
    0x0800026a   0x0800026a   0x00000026   Code   RO         7535    .text               mf_w.l(f2d.o)
    0x08000290   0x08000290   0x00000030   Code   RO         7537    .text               mf_w.l(cdcmple.o)
    0x080002c0   0x080002c0   0x00000030   Code   RO         7539    .text               mf_w.l(cdrcmple.o)
    0x080002f0   0x080002f0   0x00000038   Code   RO         7541    .text               mf_w.l(d2f.o)
    0x08000328   0x08000328   0x0000001e   Code   RO         7590    .text               mc_w.l(llshl.o)
    0x08000346   0x08000346   0x00000020   Code   RO         7592    .text               mc_w.l(llushr.o)
    0x08000366   0x08000366   0x00000000   Code   RO         7601    .text               mc_w.l(iusefp.o)
    0x08000366   0x08000366   0x0000006e   Code   RO         7602    .text               mf_w.l(fepilogue.o)
    0x080003d4   0x080003d4   0x000000a2   Code   RO         7610    .text               mf_w.l(dsqrt.o)
    0x08000476   0x08000476   0x00000002   PAD
    0x08000478   0x08000478   0x00000024   Code   RO         7614    .text               mc_w.l(init.o)
    0x0800049c   0x0800049c   0x000000ba   Code   RO         7620    .text               mf_w.l(depilogue.o)
    0x08000556   0x08000556   0x00000056   Code   RO         7630    .text               mc_w.l(__dczerorl2.o)
    0x080005ac   0x080005ac   0x00000028   Code   RO         5025    i.AHRS_init         bsp_imu.o
    0x080005d4   0x080005d4   0x00000064   Code   RO         5026    i.AHRS_update       bsp_imu.o
    0x08000638   0x08000638   0x0000002c   Code   RO         6703    i.Append_CRC16_Check_Sum  usbd_cdc_if.o
    0x08000664   0x08000664   0x00000014   Code   RO         6400    i.BMI088_ACCEL_NS_H  bmi088middleware.o
    0x08000678   0x08000678   0x00000014   Code   RO         6401    i.BMI088_ACCEL_NS_L  bmi088middleware.o
    0x0800068c   0x0800068c   0x00000002   Code   RO         6402    i.BMI088_GPIO_init  bmi088middleware.o
    0x0800068e   0x0800068e   0x00000002   PAD
    0x08000690   0x08000690   0x00000014   Code   RO         6403    i.BMI088_GYRO_NS_H  bmi088middleware.o
    0x080006a4   0x080006a4   0x00000014   Code   RO         6404    i.BMI088_GYRO_NS_L  bmi088middleware.o
    0x080006b8   0x080006b8   0x00000090   Code   RO         6264    i.BMI088_accel_read_over  bmi088driver.o
    0x08000748   0x08000748   0x00000002   Code   RO         6405    i.BMI088_com_init   bmi088middleware.o
    0x0800074a   0x0800074a   0x0000000c   Code   RO         6406    i.BMI088_delay_ms   bmi088middleware.o
    0x08000756   0x08000756   0x0000000c   Code   RO         6407    i.BMI088_delay_us   bmi088middleware.o
    0x08000762   0x08000762   0x00000002   PAD
    0x08000764   0x08000764   0x00000068   Code   RO         6265    i.BMI088_gyro_read_over  bmi088driver.o
    0x080007cc   0x080007cc   0x00000034   Code   RO         6266    i.BMI088_init       bmi088driver.o
    0x08000800   0x08000800   0x0000017c   Code   RO         6267    i.BMI088_read       bmi088driver.o
    0x0800097c   0x0800097c   0x00000026   Code   RO         6270    i.BMI088_read_muli_reg  bmi088driver.o
    0x080009a2   0x080009a2   0x00000018   Code   RO         6271    i.BMI088_read_single_reg  bmi088driver.o
    0x080009ba   0x080009ba   0x00000002   PAD
    0x080009bc   0x080009bc   0x00000020   Code   RO         6408    i.BMI088_read_write_byte  bmi088middleware.o
    0x080009dc   0x080009dc   0x00000034   Code   RO         6272    i.BMI088_temperature_read_over  bmi088driver.o
    0x08000a10   0x08000a10   0x00000014   Code   RO         6273    i.BMI088_write_single_reg  bmi088driver.o
    0x08000a24   0x08000a24   0x00000004   Code   RO          554    i.BusFault_Handler  stm32f4xx_it.o
    0x08000a28   0x08000a28   0x00000010   Code   RO          555    i.CAN1_RX0_IRQHandler  stm32f4xx_it.o
    0x08000a38   0x08000a38   0x00000010   Code   RO          556    i.CAN1_TX_IRQHandler  stm32f4xx_it.o
    0x08000a48   0x08000a48   0x00000010   Code   RO          557    i.CAN2_RX0_IRQHandler  stm32f4xx_it.o
    0x08000a58   0x08000a58   0x00000044   Code   RO         5958    i.CANTX_MODE        can_comm.o
    0x08000a9c   0x08000a9c   0x00000090   Code   RO         5959    i.CANTX_XYZ_IMU     can_comm.o
    0x08000b2c   0x08000b2c   0x00000058   Code   RO         5425    i.CAN_CMD_GIMBAL    can_receive.o
    0x08000b84   0x08000b84   0x00000044   Code   RO         5960    i.CAN_COMM_T        can_comm.o
    0x08000bc8   0x08000bc8   0x00000064   Code   RO         5961    i.CAN_COMM_XYZ_IMU  can_comm.o
    0x08000c2c   0x08000c2c   0x00000044   Code   RO         6704    i.CDC_Control_FS    usbd_cdc_if.o
    0x08000c70   0x08000c70   0x00000004   Code   RO         6705    i.CDC_DeInit_FS     usbd_cdc_if.o
    0x08000c74   0x08000c74   0x00000024   Code   RO         6706    i.CDC_Init_FS       usbd_cdc_if.o
    0x08000c98   0x08000c98   0x00000030   Code   RO         6707    i.CDC_Receive_FS    usbd_cdc_if.o
    0x08000cc8   0x08000cc8   0x0000000c   Code   RO         6708    i.CDC_TransmitCplt_FS  usbd_cdc_if.o
    0x08000cd4   0x08000cd4   0x00000038   Code   RO         6709    i.CDC_Transmit_FS   usbd_cdc_if.o
    0x08000d0c   0x08000d0c   0x00000010   Code   RO          558    i.DMA1_Stream1_IRQHandler  stm32f4xx_it.o
    0x08000d1c   0x08000d1c   0x00000010   Code   RO          559    i.DMA1_Stream5_IRQHandler  stm32f4xx_it.o
    0x08000d2c   0x08000d2c   0x00000898   Code   RO         5027    i.DMA2_Stream2_IRQHandler  bsp_imu.o
    0x080015c4   0x080015c4   0x00000010   Code   RO          560    i.DMA2_Stream3_IRQHandler  stm32f4xx_it.o
    0x080015d4   0x080015d4   0x00000034   Code   RO         1832    i.DMA_CalcBaseAndBitshift  stm32f4xx_hal_dma.o
    0x08001608   0x08001608   0x000000aa   Code   RO         1833    i.DMA_CheckFifoParam  stm32f4xx_hal_dma.o
    0x080016b2   0x080016b2   0x00000002   Code   RO          561    i.DebugMon_Handler  stm32f4xx_it.o
    0x080016b4   0x080016b4   0x0000000a   Code   RO          562    i.EXTI0_IRQHandler  stm32f4xx_it.o
    0x080016be   0x080016be   0x0000000a   Code   RO          563    i.EXTI3_IRQHandler  stm32f4xx_it.o
    0x080016c8   0x080016c8   0x0000000a   Code   RO          564    i.EXTI4_IRQHandler  stm32f4xx_it.o
    0x080016d2   0x080016d2   0x0000000a   Code   RO          565    i.EXTI9_5_IRQHandler  stm32f4xx_it.o
    0x080016dc   0x080016dc   0x00000006   Code   RO           13    i.Error_Handler     main.o
    0x080016e2   0x080016e2   0x00000002   PAD
    0x080016e4   0x080016e4   0x00000034   Code   RO         6710    i.Get_CRC16_Check_Sum  usbd_cdc_if.o
    0x08001718   0x08001718   0x00000034   Code   RO         6613    i.Get_SerialNum     usbd_desc.o
    0x0800174c   0x0800174c   0x0000002a   Code   RO         2517    i.HAL_CAN_ActivateNotification  stm32f4xx_hal_can.o
    0x08001776   0x08001776   0x0000014a   Code   RO         2518    i.HAL_CAN_AddTxMessage  stm32f4xx_hal_can.o
    0x080018c0   0x080018c0   0x00000124   Code   RO         2519    i.HAL_CAN_ConfigFilter  stm32f4xx_hal_can.o
    0x080019e4   0x080019e4   0x00000002   Code   RO         2522    i.HAL_CAN_ErrorCallback  stm32f4xx_hal_can.o
    0x080019e6   0x080019e6   0x00000194   Code   RO         2525    i.HAL_CAN_GetRxMessage  stm32f4xx_hal_can.o
    0x08001b7a   0x08001b7a   0x0000024e   Code   RO         2529    i.HAL_CAN_IRQHandler  stm32f4xx_hal_can.o
    0x08001dc8   0x08001dc8   0x00000174   Code   RO         2530    i.HAL_CAN_Init      stm32f4xx_hal_can.o
    0x08001f3c   0x08001f3c   0x00000170   Code   RO          290    i.HAL_CAN_MspInit   can.o
    0x080020ac   0x080020ac   0x00000002   Code   RO         2537    i.HAL_CAN_RxFifo0FullCallback  stm32f4xx_hal_can.o
    0x080020ae   0x080020ae   0x00000002   PAD
    0x080020b0   0x080020b0   0x000000a8   Code   RO         5427    i.HAL_CAN_RxFifo0MsgPendingCallback  can_receive.o
    0x08002158   0x08002158   0x00000002   Code   RO         2539    i.HAL_CAN_RxFifo1FullCallback  stm32f4xx_hal_can.o
    0x0800215a   0x0800215a   0x00000002   Code   RO         2540    i.HAL_CAN_RxFifo1MsgPendingCallback  stm32f4xx_hal_can.o
    0x0800215c   0x0800215c   0x00000002   Code   RO         2541    i.HAL_CAN_SleepCallback  stm32f4xx_hal_can.o
    0x0800215e   0x0800215e   0x0000005e   Code   RO         2542    i.HAL_CAN_Start     stm32f4xx_hal_can.o
    0x080021bc   0x080021bc   0x00000002   Code   RO         2544    i.HAL_CAN_TxMailbox0AbortCallback  stm32f4xx_hal_can.o
    0x080021be   0x080021be   0x00000002   Code   RO         2545    i.HAL_CAN_TxMailbox0CompleteCallback  stm32f4xx_hal_can.o
    0x080021c0   0x080021c0   0x00000002   Code   RO         2546    i.HAL_CAN_TxMailbox1AbortCallback  stm32f4xx_hal_can.o
    0x080021c2   0x080021c2   0x00000002   Code   RO         2547    i.HAL_CAN_TxMailbox1CompleteCallback  stm32f4xx_hal_can.o
    0x080021c4   0x080021c4   0x00000002   Code   RO         2548    i.HAL_CAN_TxMailbox2AbortCallback  stm32f4xx_hal_can.o
    0x080021c6   0x080021c6   0x00000002   Code   RO         2549    i.HAL_CAN_TxMailbox2CompleteCallback  stm32f4xx_hal_can.o
    0x080021c8   0x080021c8   0x00000002   Code   RO         2551    i.HAL_CAN_WakeUpFromRxMsgCallback  stm32f4xx_hal_can.o
    0x080021ca   0x080021ca   0x00000002   PAD
    0x080021cc   0x080021cc   0x00000240   Code   RO         1840    i.HAL_DMA_IRQHandler  stm32f4xx_hal_dma.o
    0x0800240c   0x0800240c   0x000000ec   Code   RO         1841    i.HAL_DMA_Init      stm32f4xx_hal_dma.o
    0x080024f8   0x080024f8   0x00000028   Code   RO         2265    i.HAL_Delay         stm32f4xx_hal.o
    0x08002520   0x08002520   0x00000098   Code   RO         5028    i.HAL_GPIO_EXTI_Callback  bsp_imu.o
    0x080025b8   0x080025b8   0x0000001c   Code   RO         1727    i.HAL_GPIO_EXTI_IRQHandler  stm32f4xx_hal_gpio.o
    0x080025d4   0x080025d4   0x000001f4   Code   RO         1728    i.HAL_GPIO_Init     stm32f4xx_hal_gpio.o
    0x080027c8   0x080027c8   0x0000000c   Code   RO         1732    i.HAL_GPIO_WritePin  stm32f4xx_hal_gpio.o
    0x080027d4   0x080027d4   0x0000000c   Code   RO         2271    i.HAL_GetTick       stm32f4xx_hal.o
    0x080027e0   0x080027e0   0x000001d0   Code   RO         2761    i.HAL_I2C_Init      stm32f4xx_hal_i2c.o
    0x080029b0   0x080029b0   0x00000308   Code   RO         2779    i.HAL_I2C_Mem_Read  stm32f4xx_hal_i2c.o
    0x08002cb8   0x08002cb8   0x000000c8   Code   RO          363    i.HAL_I2C_MspInit   i2c.o
    0x08002d80   0x08002d80   0x00000018   Code   RO         2277    i.HAL_IncTick       stm32f4xx_hal.o
    0x08002d98   0x08002d98   0x0000003c   Code   RO         2278    i.HAL_Init          stm32f4xx_hal.o
    0x08002dd4   0x08002dd4   0x0000004c   Code   RO         2279    i.HAL_InitTick      stm32f4xx_hal.o
    0x08002e20   0x08002e20   0x00000048   Code   RO          708    i.HAL_MspInit       stm32f4xx_hal_msp.o
    0x08002e68   0x08002e68   0x00000028   Code   RO         2118    i.HAL_NVIC_EnableIRQ  stm32f4xx_hal_cortex.o
    0x08002e90   0x08002e90   0x0000007c   Code   RO         2124    i.HAL_NVIC_SetPriority  stm32f4xx_hal_cortex.o
    0x08002f0c   0x08002f0c   0x00000028   Code   RO         2125    i.HAL_NVIC_SetPriorityGrouping  stm32f4xx_hal_cortex.o
    0x08002f34   0x08002f34   0x00000002   Code   RO          976    i.HAL_PCDEx_LPM_Callback  stm32f4xx_hal_pcd_ex.o
    0x08002f36   0x08002f36   0x0000000a   Code   RO          977    i.HAL_PCDEx_SetRxFiFo  stm32f4xx_hal_pcd_ex.o
    0x08002f40   0x08002f40   0x0000004e   Code   RO          978    i.HAL_PCDEx_SetTxFiFo  stm32f4xx_hal_pcd_ex.o
    0x08002f8e   0x08002f8e   0x0000000e   Code   RO         6820    i.HAL_PCD_ConnectCallback  usbd_conf.o
    0x08002f9c   0x08002f9c   0x00000020   Code   RO         6821    i.HAL_PCD_DataInStageCallback  usbd_conf.o
    0x08002fbc   0x08002fbc   0x00000020   Code   RO         6822    i.HAL_PCD_DataOutStageCallback  usbd_conf.o
    0x08002fdc   0x08002fdc   0x0000000e   Code   RO         6823    i.HAL_PCD_DisconnectCallback  usbd_conf.o
    0x08002fea   0x08002fea   0x00000042   Code   RO          741    i.HAL_PCD_EP_Abort  stm32f4xx_hal_pcd.o
    0x0800302c   0x0800302c   0x0000006a   Code   RO          742    i.HAL_PCD_EP_Close  stm32f4xx_hal_pcd.o
    0x08003096   0x08003096   0x0000007c   Code   RO          743    i.HAL_PCD_EP_ClrStall  stm32f4xx_hal_pcd.o
    0x08003112   0x08003112   0x00000016   Code   RO          745    i.HAL_PCD_EP_GetRxCount  stm32f4xx_hal_pcd.o
    0x08003128   0x08003128   0x0000008c   Code   RO          746    i.HAL_PCD_EP_Open   stm32f4xx_hal_pcd.o
    0x080031b4   0x080031b4   0x00000046   Code   RO          747    i.HAL_PCD_EP_Receive  stm32f4xx_hal_pcd.o
    0x080031fa   0x080031fa   0x0000008a   Code   RO          748    i.HAL_PCD_EP_SetStall  stm32f4xx_hal_pcd.o
    0x08003284   0x08003284   0x00000048   Code   RO          749    i.HAL_PCD_EP_Transmit  stm32f4xx_hal_pcd.o
    0x080032cc   0x080032cc   0x000006ca   Code   RO          751    i.HAL_PCD_IRQHandler  stm32f4xx_hal_pcd.o
    0x08003996   0x08003996   0x00000012   Code   RO         6824    i.HAL_PCD_ISOINIncompleteCallback  usbd_conf.o
    0x080039a8   0x080039a8   0x00000012   Code   RO         6825    i.HAL_PCD_ISOOUTIncompleteCallback  usbd_conf.o
    0x080039ba   0x080039ba   0x0000015e   Code   RO          754    i.HAL_PCD_Init      stm32f4xx_hal_pcd.o
    0x08003b18   0x08003b18   0x000000a8   Code   RO         6827    i.HAL_PCD_MspInit   usbd_conf.o
    0x08003bc0   0x08003bc0   0x00000030   Code   RO         6828    i.HAL_PCD_ResetCallback  usbd_conf.o
    0x08003bf0   0x08003bf0   0x0000000e   Code   RO         6829    i.HAL_PCD_ResumeCallback  usbd_conf.o
    0x08003bfe   0x08003bfe   0x0000000e   Code   RO         6830    i.HAL_PCD_SOFCallback  usbd_conf.o
    0x08003c0c   0x08003c0c   0x00000034   Code   RO          760    i.HAL_PCD_SetAddress  stm32f4xx_hal_pcd.o
    0x08003c40   0x08003c40   0x00000012   Code   RO         6831    i.HAL_PCD_SetupStageCallback  usbd_conf.o
    0x08003c52   0x08003c52   0x0000004c   Code   RO          763    i.HAL_PCD_Start     stm32f4xx_hal_pcd.o
    0x08003c9e   0x08003c9e   0x00000002   PAD
    0x08003ca0   0x08003ca0   0x00000034   Code   RO         6832    i.HAL_PCD_SuspendCallback  usbd_conf.o
    0x08003cd4   0x08003cd4   0x00000184   Code   RO         1329    i.HAL_RCC_ClockConfig  stm32f4xx_hal_rcc.o
    0x08003e58   0x08003e58   0x0000000c   Code   RO         1334    i.HAL_RCC_GetHCLKFreq  stm32f4xx_hal_rcc.o
    0x08003e64   0x08003e64   0x00000020   Code   RO         1336    i.HAL_RCC_GetPCLK1Freq  stm32f4xx_hal_rcc.o
    0x08003e84   0x08003e84   0x00000020   Code   RO         1337    i.HAL_RCC_GetPCLK2Freq  stm32f4xx_hal_rcc.o
    0x08003ea4   0x08003ea4   0x000000b0   Code   RO         1338    i.HAL_RCC_GetSysClockFreq  stm32f4xx_hal_rcc.o
    0x08003f54   0x08003f54   0x0000049c   Code   RO         1341    i.HAL_RCC_OscConfig  stm32f4xx_hal_rcc.o
    0x080043f0   0x080043f0   0x000000c8   Code   RO         3256    i.HAL_SPI_Init      stm32f4xx_hal_spi.o
    0x080044b8   0x080044b8   0x00000158   Code   RO          405    i.HAL_SPI_MspInit   spi.o
    0x08004610   0x08004610   0x00000240   Code   RO         3265    i.HAL_SPI_TransmitReceive  stm32f4xx_hal_spi.o
    0x08004850   0x08004850   0x00000034   Code   RO         2129    i.HAL_SYSTICK_Config  stm32f4xx_hal_cortex.o
    0x08004884   0x08004884   0x00000002   Code   RO         4284    i.HAL_TIMEx_BreakCallback  stm32f4xx_hal_tim_ex.o
    0x08004886   0x08004886   0x00000002   Code   RO         4285    i.HAL_TIMEx_CommutCallback  stm32f4xx_hal_tim_ex.o
    0x08004888   0x08004888   0x000000b4   Code   RO         4303    i.HAL_TIMEx_MasterConfigSynchronization  stm32f4xx_hal_tim_ex.o
    0x0800493c   0x0800493c   0x00000066   Code   RO         3569    i.HAL_TIM_Base_Init  stm32f4xx_hal_tim.o
    0x080049a2   0x080049a2   0x00000002   PAD
    0x080049a4   0x080049a4   0x000000b4   Code   RO          447    i.HAL_TIM_Base_MspInit  tim.o
    0x08004a58   0x08004a58   0x0000009c   Code   RO         3572    i.HAL_TIM_Base_Start  stm32f4xx_hal_tim.o
    0x08004af4   0x08004af4   0x000000a8   Code   RO         3574    i.HAL_TIM_Base_Start_IT  stm32f4xx_hal_tim.o
    0x08004b9c   0x08004b9c   0x0000010c   Code   RO         3578    i.HAL_TIM_ConfigClockSource  stm32f4xx_hal_tim.o
    0x08004ca8   0x08004ca8   0x00000002   Code   RO         3603    i.HAL_TIM_IC_CaptureCallback  stm32f4xx_hal_tim.o
    0x08004caa   0x08004caa   0x0000016c   Code   RO         3617    i.HAL_TIM_IRQHandler  stm32f4xx_hal_tim.o
    0x08004e16   0x08004e16   0x00000002   PAD
    0x08004e18   0x08004e18   0x00000064   Code   RO          448    i.HAL_TIM_MspPostInit  tim.o
    0x08004e7c   0x08004e7c   0x00000002   Code   RO         3620    i.HAL_TIM_OC_DelayElapsedCallback  stm32f4xx_hal_tim.o
    0x08004e7e   0x08004e7e   0x00000104   Code   RO         3641    i.HAL_TIM_PWM_ConfigChannel  stm32f4xx_hal_tim.o
    0x08004f82   0x08004f82   0x00000066   Code   RO         3644    i.HAL_TIM_PWM_Init  stm32f4xx_hal_tim.o
    0x08004fe8   0x08004fe8   0x00000002   Code   RO         3646    i.HAL_TIM_PWM_MspInit  stm32f4xx_hal_tim.o
    0x08004fea   0x08004fea   0x00000002   Code   RO         3647    i.HAL_TIM_PWM_PulseFinishedCallback  stm32f4xx_hal_tim.o
    0x08004fec   0x08004fec   0x0000010c   Code   RO         3649    i.HAL_TIM_PWM_Start  stm32f4xx_hal_tim.o
    0x080050f8   0x080050f8   0x000001f8   Code   RO         6106    i.HAL_TIM_PeriodElapsedCallback  mode.o
    0x080052f0   0x080052f0   0x00000002   Code   RO         3660    i.HAL_TIM_TriggerCallback  stm32f4xx_hal_tim.o
    0x080052f2   0x080052f2   0x00000076   Code   RO         4581    i.HAL_UART_Init     stm32f4xx_hal_uart.o
    0x08005368   0x08005368   0x00000198   Code   RO          507    i.HAL_UART_MspInit  usart.o
    0x08005500   0x08005500   0x00000004   Code   RO          566    i.HardFault_Handler  stm32f4xx_it.o
    0x08005504   0x08005504   0x0000003e   Code   RO         2805    i.I2C_IsAcknowledgeFailed  stm32f4xx_hal_i2c.o
    0x08005542   0x08005542   0x00000002   PAD
    0x08005544   0x08005544   0x00000160   Code   RO         2816    i.I2C_RequestMemoryRead  stm32f4xx_hal_i2c.o
    0x080056a4   0x080056a4   0x000000be   Code   RO         2826    i.I2C_WaitOnFlagUntilTimeout  stm32f4xx_hal_i2c.o
    0x08005762   0x08005762   0x000000fa   Code   RO         2827    i.I2C_WaitOnMasterAddressFlagUntilTimeout  stm32f4xx_hal_i2c.o
    0x0800585c   0x0800585c   0x0000008a   Code   RO         2828    i.I2C_WaitOnRXNEFlagUntilTimeout  stm32f4xx_hal_i2c.o
    0x080058e6   0x080058e6   0x00000066   Code   RO         2831    i.I2C_WaitOnTXEFlagUntilTimeout  stm32f4xx_hal_i2c.o
    0x0800594c   0x0800594c   0x000000ec   Code   RO         5029    i.IMU_Init          bsp_imu.o
    0x08005a38   0x08005a38   0x0000035c   Code   RO         5032    i.INS_task          bsp_imu.o
    0x08005d94   0x08005d94   0x0000003e   Code   RO         6614    i.IntToUnicode      usbd_desc.o
    0x08005dd2   0x08005dd2   0x00000002   PAD
    0x08005dd4   0x08005dd4   0x00000044   Code   RO          291    i.MX_CAN1_Init      can.o
    0x08005e18   0x08005e18   0x00000044   Code   RO          292    i.MX_CAN2_Init      can.o
    0x08005e5c   0x08005e5c   0x00000088   Code   RO          338    i.MX_DMA_Init       dma.o
    0x08005ee4   0x08005ee4   0x000001c4   Code   RO          265    i.MX_GPIO_Init      gpio.o
    0x080060a8   0x080060a8   0x0000003c   Code   RO          364    i.MX_I2C3_Init      i2c.o
    0x080060e4   0x080060e4   0x00000048   Code   RO          406    i.MX_SPI1_Init      spi.o
    0x0800612c   0x0800612c   0x0000006c   Code   RO          449    i.MX_TIM10_Init     tim.o
    0x08006198   0x08006198   0x0000006c   Code   RO          450    i.MX_TIM2_Init      tim.o
    0x08006204   0x08006204   0x0000006c   Code   RO          451    i.MX_TIM3_Init      tim.o
    0x08006270   0x08006270   0x00000038   Code   RO          508    i.MX_USART2_UART_Init  usart.o
    0x080062a8   0x080062a8   0x0000003c   Code   RO          509    i.MX_USART3_UART_Init  usart.o
    0x080062e4   0x080062e4   0x0000004c   Code   RO         6581    i.MX_USB_DEVICE_Init  usb_device.o
    0x08006330   0x08006330   0x000005ac   Code   RO         5839    i.MahonyAHRSupdate  mahonyahrs.o
    0x080068dc   0x080068dc   0x000002fc   Code   RO         5840    i.MahonyAHRSupdateIMU  mahonyahrs.o
    0x08006bd8   0x08006bd8   0x00000004   Code   RO          567    i.MemManage_Handler  stm32f4xx_it.o
    0x08006bdc   0x08006bdc   0x00000004   Code   RO          568    i.NMI_Handler       stm32f4xx_it.o
    0x08006be0   0x08006be0   0x00000010   Code   RO          569    i.OTG_FS_IRQHandler  stm32f4xx_it.o
    0x08006bf0   0x08006bf0   0x00000064   Code   RO          767    i.PCD_EP_OutSetupPacket_int  stm32f4xx_hal_pcd.o
    0x08006c54   0x08006c54   0x00000144   Code   RO          768    i.PCD_EP_OutXfrComplete_int  stm32f4xx_hal_pcd.o
    0x08006d98   0x08006d98   0x000000b6   Code   RO          769    i.PCD_WriteEmptyTxFifo  stm32f4xx_hal_pcd.o
    0x08006e4e   0x08006e4e   0x00000002   PAD
    0x08006e50   0x08006e50   0x00000150   Code   RO         4961    i.PID_Calc          pid.o
    0x08006fa0   0x08006fa0   0x00000070   Code   RO         4962    i.PID_Init          pid.o
    0x08007010   0x08007010   0x0000017c   Code   RO         4963    i.PID_angleloop_calc  pid.o
    0x0800718c   0x0800718c   0x00000064   Code   RO         4964    i.PID_angleloop_init  pid.o
    0x080071f0   0x080071f0   0x0000017c   Code   RO         4965    i.PID_calc          pid.o
    0x0800736c   0x0800736c   0x00000064   Code   RO         4966    i.PID_init          pid.o
    0x080073d0   0x080073d0   0x00000002   Code   RO          570    i.PendSV_Handler    stm32f4xx_it.o
    0x080073d2   0x080073d2   0x00000002   PAD
    0x080073d4   0x080073d4   0x00000098   Code   RO         5659    i.RC_data_is_error  remote_control.o
    0x0800746c   0x0800746c   0x0000009c   Code   RO         5660    i.RC_init           remote_control.o
    0x08007508   0x08007508   0x000000c4   Code   RO         5661    i.RC_restart        remote_control.o
    0x080075cc   0x080075cc   0x0000273c   Code   RO         5269    i.SPI1_DMA_enable   bsp_spi.o
    0x08009d08   0x08009d08   0x00000180   Code   RO         5270    i.SPI1_DMA_init     bsp_spi.o
    0x08009e88   0x08009e88   0x00000088   Code   RO         3294    i.SPI_EndRxTxTransaction  stm32f4xx_hal_spi.o
    0x08009f10   0x08009f10   0x000000d8   Code   RO         3299    i.SPI_WaitFlagStateUntilTimeout  stm32f4xx_hal_spi.o
    0x08009fe8   0x08009fe8   0x00000002   Code   RO          571    i.SVC_Handler       stm32f4xx_it.o
    0x08009fea   0x08009fea   0x00000012   Code   RO         7189    i.SWAPBYTE          usbd_ctlreq.o
    0x08009ffc   0x08009ffc   0x00000064   Code   RO         6711    i.Send_USB          usbd_cdc_if.o
    0x0800a060   0x0800a060   0x00000008   Code   RO          572    i.SysTick_Handler   stm32f4xx_it.o
    0x0800a068   0x0800a068   0x000000b4   Code   RO           14    i.SystemClock_Config  main.o
    0x0800a11c   0x0800a11c   0x00000014   Code   RO         4925    i.SystemInit        system_stm32f4xx.o
    0x0800a130   0x0800a130   0x00000010   Code   RO          573    i.TIM2_IRQHandler   stm32f4xx_it.o
    0x0800a140   0x0800a140   0x00000010   Code   RO          574    i.TIM3_IRQHandler   stm32f4xx_it.o
    0x0800a150   0x0800a150   0x000000e8   Code   RO         3662    i.TIM_Base_SetConfig  stm32f4xx_hal_tim.o
    0x0800a238   0x0800a238   0x00000022   Code   RO         3663    i.TIM_CCxChannelCmd  stm32f4xx_hal_tim.o
    0x0800a25a   0x0800a25a   0x00000016   Code   RO         3673    i.TIM_ETR_SetConfig  stm32f4xx_hal_tim.o
    0x0800a270   0x0800a270   0x00000012   Code   RO         3674    i.TIM_ITRx_SetConfig  stm32f4xx_hal_tim.o
    0x0800a282   0x0800a282   0x00000002   PAD
    0x0800a284   0x0800a284   0x00000070   Code   RO         3675    i.TIM_OC1_SetConfig  stm32f4xx_hal_tim.o
    0x0800a2f4   0x0800a2f4   0x0000007c   Code   RO         3676    i.TIM_OC2_SetConfig  stm32f4xx_hal_tim.o
    0x0800a370   0x0800a370   0x00000078   Code   RO         3677    i.TIM_OC3_SetConfig  stm32f4xx_hal_tim.o
    0x0800a3e8   0x0800a3e8   0x00000054   Code   RO         3678    i.TIM_OC4_SetConfig  stm32f4xx_hal_tim.o
    0x0800a43c   0x0800a43c   0x00000026   Code   RO         3680    i.TIM_TI1_ConfigInputStage  stm32f4xx_hal_tim.o
    0x0800a462   0x0800a462   0x00000028   Code   RO         3682    i.TIM_TI2_ConfigInputStage  stm32f4xx_hal_tim.o
    0x0800a48a   0x0800a48a   0x00000002   PAD
    0x0800a48c   0x0800a48c   0x0000022c   Code   RO         4608    i.UART_SetConfig    stm32f4xx_hal_uart.o
    0x0800a6b8   0x0800a6b8   0x00000034   Code   RO         6712    i.UPPER_COMM_TX     usbd_cdc_if.o
    0x0800a6ec   0x0800a6ec   0x00000154   Code   RO         5662    i.USART3_IRQHandler  remote_control.o
    0x0800a840   0x0800a840   0x000000c4   Code   RO         7352    i.USBD_CDC_DataIn   usbd_cdc.o
    0x0800a904   0x0800a904   0x00000048   Code   RO         7353    i.USBD_CDC_DataOut  usbd_cdc.o
    0x0800a94c   0x0800a94c   0x000000d4   Code   RO         7354    i.USBD_CDC_DeInit   usbd_cdc.o
    0x0800aa20   0x0800aa20   0x00000050   Code   RO         7355    i.USBD_CDC_EP0_RxReady  usbd_cdc.o
    0x0800aa70   0x0800aa70   0x00000010   Code   RO         7356    i.USBD_CDC_GetDeviceQualifierDescriptor  usbd_cdc.o
    0x0800aa80   0x0800aa80   0x00000044   Code   RO         7357    i.USBD_CDC_GetFSCfgDesc  usbd_cdc.o
    0x0800aac4   0x0800aac4   0x00000048   Code   RO         7358    i.USBD_CDC_GetHSCfgDesc  usbd_cdc.o
    0x0800ab0c   0x0800ab0c   0x00000044   Code   RO         7359    i.USBD_CDC_GetOtherSpeedCfgDesc  usbd_cdc.o
    0x0800ab50   0x0800ab50   0x000001a0   Code   RO         7360    i.USBD_CDC_Init     usbd_cdc.o
    0x0800acf0   0x0800acf0   0x00000050   Code   RO         7361    i.USBD_CDC_ReceivePacket  usbd_cdc.o
    0x0800ad40   0x0800ad40   0x00000018   Code   RO         7362    i.USBD_CDC_RegisterInterface  usbd_cdc.o
    0x0800ad58   0x0800ad58   0x0000001e   Code   RO         7363    i.USBD_CDC_SetRxBuffer  usbd_cdc.o
    0x0800ad76   0x0800ad76   0x00000024   Code   RO         7364    i.USBD_CDC_SetTxBuffer  usbd_cdc.o
    0x0800ad9a   0x0800ad9a   0x00000140   Code   RO         7365    i.USBD_CDC_Setup    usbd_cdc.o
    0x0800aeda   0x0800aeda   0x00000002   PAD
    0x0800aedc   0x0800aedc   0x0000005c   Code   RO         7366    i.USBD_CDC_TransmitPacket  usbd_cdc.o
    0x0800af38   0x0800af38   0x0000001c   Code   RO         7027    i.USBD_ClrClassConfig  usbd_core.o
    0x0800af54   0x0800af54   0x0000003e   Code   RO         7190    i.USBD_ClrFeature   usbd_ctlreq.o
    0x0800af92   0x0800af92   0x00000006   Code   RO         7028    i.USBD_CoreFindEP   usbd_core.o
    0x0800af98   0x0800af98   0x00000006   Code   RO         7029    i.USBD_CoreFindIF   usbd_core.o
    0x0800af9e   0x0800af9e   0x00000018   Code   RO         7292    i.USBD_CtlContinueRx  usbd_ioreq.o
    0x0800afb6   0x0800afb6   0x00000018   Code   RO         7293    i.USBD_CtlContinueSendData  usbd_ioreq.o
    0x0800afce   0x0800afce   0x00000018   Code   RO         7191    i.USBD_CtlError     usbd_ctlreq.o
    0x0800afe6   0x0800afe6   0x00000028   Code   RO         7294    i.USBD_CtlPrepareRx  usbd_ioreq.o
    0x0800b00e   0x0800b00e   0x0000001a   Code   RO         7295    i.USBD_CtlReceiveStatus  usbd_ioreq.o
    0x0800b028   0x0800b028   0x00000022   Code   RO         7296    i.USBD_CtlSendData  usbd_ioreq.o
    0x0800b04a   0x0800b04a   0x0000001a   Code   RO         7297    i.USBD_CtlSendStatus  usbd_ioreq.o
    0x0800b064   0x0800b064   0x00000034   Code   RO         6615    i.USBD_FS_ConfigStrDescriptor  usbd_desc.o
    0x0800b098   0x0800b098   0x00000010   Code   RO         6616    i.USBD_FS_DeviceDescriptor  usbd_desc.o
    0x0800b0a8   0x0800b0a8   0x00000038   Code   RO         6617    i.USBD_FS_InterfaceStrDescriptor  usbd_desc.o
    0x0800b0e0   0x0800b0e0   0x00000010   Code   RO         6618    i.USBD_FS_LangIDStrDescriptor  usbd_desc.o
    0x0800b0f0   0x0800b0f0   0x0000002c   Code   RO         6619    i.USBD_FS_ManufacturerStrDescriptor  usbd_desc.o
    0x0800b11c   0x0800b11c   0x00000040   Code   RO         6620    i.USBD_FS_ProductStrDescriptor  usbd_desc.o
    0x0800b15c   0x0800b15c   0x00000018   Code   RO         6621    i.USBD_FS_SerialStrDescriptor  usbd_desc.o
    0x0800b174   0x0800b174   0x00000056   Code   RO         7192    i.USBD_GetConfig    usbd_ctlreq.o
    0x0800b1ca   0x0800b1ca   0x000001fc   Code   RO         7193    i.USBD_GetDescriptor  usbd_ctlreq.o
    0x0800b3c6   0x0800b3c6   0x00000050   Code   RO         7031    i.USBD_GetEpDesc    usbd_core.o
    0x0800b416   0x0800b416   0x00000016   Code   RO         7194    i.USBD_GetLen       usbd_ctlreq.o
    0x0800b42c   0x0800b42c   0x00000014   Code   RO         7032    i.USBD_GetNextDesc  usbd_core.o
    0x0800b440   0x0800b440   0x0000005a   Code   RO         7195    i.USBD_GetStatus    usbd_ctlreq.o
    0x0800b49a   0x0800b49a   0x00000054   Code   RO         7196    i.USBD_GetString    usbd_ctlreq.o
    0x0800b4ee   0x0800b4ee   0x0000002c   Code   RO         6833    i.USBD_Get_USB_Status  usbd_conf.o
    0x0800b51a   0x0800b51a   0x0000003a   Code   RO         7033    i.USBD_Init         usbd_core.o
    0x0800b554   0x0800b554   0x00000026   Code   RO         6834    i.USBD_LL_ClearStallEP  usbd_conf.o
    0x0800b57a   0x0800b57a   0x00000026   Code   RO         6835    i.USBD_LL_CloseEP   usbd_conf.o
    0x0800b5a0   0x0800b5a0   0x00000108   Code   RO         7034    i.USBD_LL_DataInStage  usbd_core.o
    0x0800b6a8   0x0800b6a8   0x00000102   Code   RO         7035    i.USBD_LL_DataOutStage  usbd_core.o
    0x0800b7aa   0x0800b7aa   0x00000006   Code   RO         7036    i.USBD_LL_DevConnected  usbd_core.o
    0x0800b7b0   0x0800b7b0   0x00000026   Code   RO         7037    i.USBD_LL_DevDisconnected  usbd_core.o
    0x0800b7d6   0x0800b7d6   0x00000012   Code   RO         6839    i.USBD_LL_GetRxDataSize  usbd_conf.o
    0x0800b7e8   0x0800b7e8   0x00000068   Code   RO         6840    i.USBD_LL_Init      usbd_conf.o
    0x0800b850   0x0800b850   0x00000038   Code   RO         6841    i.USBD_LL_IsStallEP  usbd_conf.o
    0x0800b888   0x0800b888   0x00000048   Code   RO         7038    i.USBD_LL_IsoINIncomplete  usbd_core.o
    0x0800b8d0   0x0800b8d0   0x00000048   Code   RO         7039    i.USBD_LL_IsoOUTIncomplete  usbd_core.o
    0x0800b918   0x0800b918   0x00000030   Code   RO         6842    i.USBD_LL_OpenEP    usbd_conf.o
    0x0800b948   0x0800b948   0x00000030   Code   RO         6843    i.USBD_LL_PrepareReceive  usbd_conf.o
    0x0800b978   0x0800b978   0x0000006c   Code   RO         7040    i.USBD_LL_Reset     usbd_core.o
    0x0800b9e4   0x0800b9e4   0x00000016   Code   RO         7041    i.USBD_LL_Resume    usbd_core.o
    0x0800b9fa   0x0800b9fa   0x00000028   Code   RO         7042    i.USBD_LL_SOF       usbd_core.o
    0x0800ba22   0x0800ba22   0x00000008   Code   RO         7043    i.USBD_LL_SetSpeed  usbd_core.o
    0x0800ba2a   0x0800ba2a   0x00000026   Code   RO         6844    i.USBD_LL_SetUSBAddress  usbd_conf.o
    0x0800ba50   0x0800ba50   0x00000076   Code   RO         7044    i.USBD_LL_SetupStage  usbd_core.o
    0x0800bac6   0x0800bac6   0x00000026   Code   RO         6845    i.USBD_LL_StallEP   usbd_conf.o
    0x0800baec   0x0800baec   0x0000001e   Code   RO         6846    i.USBD_LL_Start     usbd_conf.o
    0x0800bb0a   0x0800bb0a   0x0000001c   Code   RO         7045    i.USBD_LL_Suspend   usbd_core.o
    0x0800bb26   0x0800bb26   0x00000030   Code   RO         6848    i.USBD_LL_Transmit  usbd_conf.o
    0x0800bb56   0x0800bb56   0x00000036   Code   RO         7197    i.USBD_ParseSetupRequest  usbd_ctlreq.o
    0x0800bb8c   0x0800bb8c   0x00000048   Code   RO         7046    i.USBD_RegisterClass  usbd_core.o
    0x0800bbd4   0x0800bbd4   0x00000006   Code   RO         7047    i.USBD_RunTestMode  usbd_core.o
    0x0800bbda   0x0800bbda   0x0000005a   Code   RO         7198    i.USBD_SetAddress   usbd_ctlreq.o
    0x0800bc34   0x0800bc34   0x00000020   Code   RO         7048    i.USBD_SetClassConfig  usbd_core.o
    0x0800bc54   0x0800bc54   0x00000104   Code   RO         7199    i.USBD_SetConfig    usbd_ctlreq.o
    0x0800bd58   0x0800bd58   0x00000038   Code   RO         7200    i.USBD_SetFeature   usbd_ctlreq.o
    0x0800bd90   0x0800bd90   0x0000000c   Code   RO         7049    i.USBD_Start        usbd_core.o
    0x0800bd9c   0x0800bd9c   0x000000ae   Code   RO         7201    i.USBD_StdDevReq    usbd_ctlreq.o
    0x0800be4a   0x0800be4a   0x00000280   Code   RO         7202    i.USBD_StdEPReq     usbd_ctlreq.o
    0x0800c0ca   0x0800c0ca   0x000000ae   Code   RO         7203    i.USBD_StdItfReq    usbd_ctlreq.o
    0x0800c178   0x0800c178   0x00000002   Code   RO         6849    i.USBD_static_free  usbd_conf.o
    0x0800c17a   0x0800c17a   0x00000002   PAD
    0x0800c17c   0x0800c17c   0x0000000c   Code   RO         6850    i.USBD_static_malloc  usbd_conf.o
    0x0800c188   0x0800c188   0x000000d0   Code   RO         1018    i.USB_ActivateEndpoint  stm32f4xx_ll_usb.o
    0x0800c258   0x0800c258   0x00000028   Code   RO         1020    i.USB_ActivateSetup  stm32f4xx_ll_usb.o
    0x0800c280   0x0800c280   0x0000008c   Code   RO         1022    i.USB_CoreInit      stm32f4xx_ll_usb.o
    0x0800c30c   0x0800c30c   0x00000054   Code   RO         1023    i.USB_CoreReset     stm32f4xx_ll_usb.o
    0x0800c360   0x0800c360   0x0000014c   Code   RO         1026    i.USB_DeactivateEndpoint  stm32f4xx_ll_usb.o
    0x0800c4ac   0x0800c4ac   0x00000024   Code   RO         1027    i.USB_DevConnect    stm32f4xx_ll_usb.o
    0x0800c4d0   0x0800c4d0   0x00000024   Code   RO         1028    i.USB_DevDisconnect  stm32f4xx_ll_usb.o
    0x0800c4f4   0x0800c4f4   0x000001e8   Code   RO         1029    i.USB_DevInit       stm32f4xx_ll_usb.o
    0x0800c6dc   0x0800c6dc   0x0000000e   Code   RO         1030    i.USB_DisableGlobalInt  stm32f4xx_ll_usb.o
    0x0800c6ea   0x0800c6ea   0x00000002   PAD
    0x0800c6ec   0x0800c6ec   0x00000070   Code   RO         1033    i.USB_EP0_OutStart  stm32f4xx_ll_usb.o
    0x0800c75c   0x0800c75c   0x0000008e   Code   RO         1034    i.USB_EPClearStall  stm32f4xx_ll_usb.o
    0x0800c7ea   0x0800c7ea   0x0000009a   Code   RO         1035    i.USB_EPSetStall    stm32f4xx_ll_usb.o
    0x0800c884   0x0800c884   0x000003b4   Code   RO         1036    i.USB_EPStartXfer   stm32f4xx_ll_usb.o
    0x0800cc38   0x0800cc38   0x000000ec   Code   RO         1037    i.USB_EPStopXfer    stm32f4xx_ll_usb.o
    0x0800cd24   0x0800cd24   0x0000000e   Code   RO         1038    i.USB_EnableGlobalInt  stm32f4xx_ll_usb.o
    0x0800cd32   0x0800cd32   0x00000050   Code   RO         1039    i.USB_FlushRxFifo   stm32f4xx_ll_usb.o
    0x0800cd82   0x0800cd82   0x00000054   Code   RO         1040    i.USB_FlushTxFifo   stm32f4xx_ll_usb.o
    0x0800cdd6   0x0800cdd6   0x00000026   Code   RO         1042    i.USB_GetDevSpeed   stm32f4xx_ll_usb.o
    0x0800cdfc   0x0800cdfc   0x0000000a   Code   RO         1044    i.USB_GetMode       stm32f4xx_ll_usb.o
    0x0800ce06   0x0800ce06   0x00000014   Code   RO         1052    i.USB_ReadDevAllInEpInterrupt  stm32f4xx_ll_usb.o
    0x0800ce1a   0x0800ce1a   0x00000014   Code   RO         1053    i.USB_ReadDevAllOutEpInterrupt  stm32f4xx_ll_usb.o
    0x0800ce2e   0x0800ce2e   0x00000032   Code   RO         1054    i.USB_ReadDevInEPInterrupt  stm32f4xx_ll_usb.o
    0x0800ce60   0x0800ce60   0x0000001a   Code   RO         1055    i.USB_ReadDevOutEPInterrupt  stm32f4xx_ll_usb.o
    0x0800ce7a   0x0800ce7a   0x0000000a   Code   RO         1056    i.USB_ReadInterrupts  stm32f4xx_ll_usb.o
    0x0800ce84   0x0800ce84   0x00000060   Code   RO         1057    i.USB_ReadPacket    stm32f4xx_ll_usb.o
    0x0800cee4   0x0800cee4   0x00000068   Code   RO         1059    i.USB_SetCurrentMode  stm32f4xx_ll_usb.o
    0x0800cf4c   0x0800cf4c   0x0000002a   Code   RO         1060    i.USB_SetDevAddress  stm32f4xx_ll_usb.o
    0x0800cf76   0x0800cf76   0x00000012   Code   RO         1061    i.USB_SetDevSpeed   stm32f4xx_ll_usb.o
    0x0800cf88   0x0800cf88   0x000000e8   Code   RO         1062    i.USB_SetTurnaroundTime  stm32f4xx_ll_usb.o
    0x0800d070   0x0800d070   0x00000044   Code   RO         1065    i.USB_WritePacket   stm32f4xx_ll_usb.o
    0x0800d0b4   0x0800d0b4   0x00000004   Code   RO          575    i.UsageFault_Handler  stm32f4xx_it.o
    0x0800d0b8   0x0800d0b8   0x0000003c   Code   RO         6714    i.Verify_CRC16_Check_Sum  usbd_cdc_if.o
    0x0800d0f4   0x0800d0f4   0x00000026   Code   RO         7543    i.__ARM_fpclassifyf  m_wm.l(fpclassifyf.o)
    0x0800d11a   0x0800d11a   0x00000002   PAD
    0x0800d11c   0x0800d11c   0x00000010   Code   RO         2131    i.__NVIC_GetPriorityGrouping  stm32f4xx_hal_cortex.o
    0x0800d12c   0x0800d12c   0x00000028   Code   RO         2132    i.__NVIC_SetPriority  stm32f4xx_hal_cortex.o
    0x0800d154   0x0800d154   0x0000012c   Code   RO         7454    i.__hardfp_asinf    m_wm.l(asinf.o)
    0x0800d280   0x0800d280   0x00000250   Code   RO         7466    i.__hardfp_atan2f   m_wm.l(atan2f.o)
    0x0800d4d0   0x0800d4d0   0x00000014   Code   RO         7478    i.__hardfp_fabs     m_wm.l(fabs.o)
    0x0800d4e4   0x0800d4e4   0x0000007a   Code   RO         7484    i.__hardfp_sqrt     m_wm.l(sqrt.o)
    0x0800d55e   0x0800d55e   0x00000006   Code   RO         7546    i.__mathlib_flt_infnan  m_wm.l(funder.o)
    0x0800d564   0x0800d564   0x00000006   Code   RO         7547    i.__mathlib_flt_infnan2  m_wm.l(funder.o)
    0x0800d56a   0x0800d56a   0x00000002   PAD
    0x0800d56c   0x0800d56c   0x00000010   Code   RO         7548    i.__mathlib_flt_invalid  m_wm.l(funder.o)
    0x0800d57c   0x0800d57c   0x00000010   Code   RO         7551    i.__mathlib_flt_underflow  m_wm.l(funder.o)
    0x0800d58c   0x0800d58c   0x0000000e   Code   RO         7624    i.__scatterload_copy  mc_w.l(handlers.o)
    0x0800d59a   0x0800d59a   0x00000002   Code   RO         7625    i.__scatterload_null  mc_w.l(handlers.o)
    0x0800d59c   0x0800d59c   0x0000000e   Code   RO         7626    i.__scatterload_zeroinit  mc_w.l(handlers.o)
    0x0800d5aa   0x0800d5aa   0x00000002   PAD
    0x0800d5ac   0x0800d5ac   0x0000000c   Code   RO         7596    i.__set_errno       mc_w.l(errno.o)
    0x0800d5b8   0x0800d5b8   0x00000134   Code   RO         6274    i.bmi088_accel_init  bmi088driver.o
    0x0800d6ec   0x0800d6ec   0x000002fc   Code   RO         6275    i.bmi088_accel_self_test  bmi088driver.o
    0x0800d9e8   0x0800d9e8   0x000000f4   Code   RO         6276    i.bmi088_gyro_init  bmi088driver.o
    0x0800dadc   0x0800dadc   0x000000d0   Code   RO         6277    i.bmi088_gyro_self_test  bmi088driver.o
    0x0800dbac   0x0800dbac   0x0000005c   Code   RO         5338    i.can_filter_init   bsp_can.o
    0x0800dc08   0x0800dc08   0x0000014c   Code   RO         6715    i.cdc_vcp_data_rx   usbd_cdc_if.o
    0x0800dd54   0x0800dd54   0x0000004c   Code   RO         5774    i.control_mode_judge  rc_task.o
    0x0800dda0   0x0800dda0   0x00000030   Code   RO         5300    i.delay_init        delay.o
    0x0800ddd0   0x0800ddd0   0x00000050   Code   RO         5301    i.delay_ms          delay.o
    0x0800de20   0x0800de20   0x00000050   Code   RO         5302    i.delay_us          delay.o
    0x0800de70   0x0800de70   0x000000dc   Code   RO         5033    i.get_angle         bsp_imu.o
    0x0800df4c   0x0800df4c   0x00000014   Code   RO         5428    i.get_gimbal_motor_measure_point  can_receive.o
    0x0800df60   0x0800df60   0x00000046   Code   RO         5429    i.get_motor_measure  can_receive.o
    0x0800dfa6   0x0800dfa6   0x00000002   PAD
    0x0800dfa8   0x0800dfa8   0x00000008   Code   RO         5663    i.get_remote_control_point  remote_control.o
    0x0800dfb0   0x0800dfb0   0x00000140   Code   RO         5571    i.gimbal_ctrl_loop  gimbal.o
    0x0800e0f0   0x0800e0f0   0x00000144   Code   RO         5572    i.gimbal_init       gimbal.o
    0x0800e234   0x0800e234   0x0000017c   Code   RO         5573    i.gimbal_rc_to_ctrl_vector  gimbal.o
    0x0800e3b0   0x0800e3b0   0x00000040   Code   RO         5574    i.gimbal_rc_to_set  gimbal.o
    0x0800e3f0   0x0800e3f0   0x000001d0   Code   RO         5575    i.gimbal_task       gimbal.o
    0x0800e5c0   0x0800e5c0   0x0000012c   Code   RO         5036    i.imu_cali_slove    bsp_imu.o
    0x0800e6ec   0x0800e6ec   0x00000168   Code   RO         5037    i.imu_cmd_spi_dma   bsp_imu.o
    0x0800e854   0x0800e854   0x0000000c   Code   RO         5244    i.imu_pwm_set       bsp_imu_pwm.o
    0x0800e860   0x0800e860   0x000000a4   Code   RO         5038    i.imu_temp_control  bsp_imu.o
    0x0800e904   0x0800e904   0x00000010   Code   RO         5392    i.int16_abs         math.o
    0x0800e914   0x0800e914   0x0000003c   Code   RO         5841    i.invSqrt           mahonyahrs.o
    0x0800e950   0x0800e950   0x00000024   Code   RO         6503    i.ist8310_IIC_read_muli_reg  ist8310driver_middleware.o
    0x0800e974   0x0800e974   0x0000008c   Code   RO         6471    i.ist8310_read_mag  ist8310driver.o
    0x0800ea00   0x0800ea00   0x000003fc   Code   RO         5776    i.key_control_data  rc_task.o
    0x0800edfc   0x0800edfc   0x00000044   Code   RO         5394    i.limits_change     math.o
    0x0800ee40   0x0800ee40   0x0000007c   Code   RO           15    i.main              main.o
    0x0800eebc   0x0800eebc   0x000000c0   Code   RO         6107    i.mode_control      mode.o
    0x0800ef7c   0x0800ef7c   0x00000070   Code   RO         6108    i.mode_select       mode.o
    0x0800efec   0x0800efec   0x00000014   Code   RO         5665    i.remote_control_init  remote_control.o
    0x0800f000   0x0800f000   0x000000f4   Code   RO         5666    i.sbus_to_rc        remote_control.o
    0x0800f0f4   0x0800f0f4   0x000000b0   Code   RO         5576    i.shoot_task        gimbal.o
    0x0800f1a4   0x0800f1a4   0x0000003e   Code   RO         7561    i.sqrtf             m_wm.l(sqrtf.o)
    0x0800f1e2   0x0800f1e2   0x00000002   PAD
    0x0800f1e4   0x0800f1e4   0x000000c4   Code   RO         5430    i.update_angle      can_receive.o
    0x0800f2a8   0x0800f2a8   0x00000008   Data   RO         1847    .constdata          stm32f4xx_hal_dma.o
    0x0800f2b0   0x0800f2b0   0x00000018   Data   RO         4926    .constdata          system_stm32f4xx.o
    0x0800f2c8   0x0800f2c8   0x00000020   Data   RO         5040    .constdata          bsp_imu.o
    0x0800f2e8   0x0800f2e8   0x00000020   Data   RO         5578    .constdata          gimbal.o
    0x0800f308   0x0800f308   0x00000012   Data   RO         6282    .constdata          bmi088driver.o
    0x0800f31a   0x0800f31a   0x00000200   Data   RO         6717    .constdata          usbd_cdc_if.o
    0x0800f51a   0x0800f51a   0x00000002   PAD
    0x0800f51c   0x0800f51c   0x00000020   Data   RO         7622    Region$$Table       anon$$obj.o


    Execution Region RW_IRAM1 (Exec base: 0x20000000, Load base: 0x0800f53c, Size: 0x000037f8, Max: 0x0001c000, ABSOLUTE, COMPRESSED[0x0000011c])

    Exec Addr    Load Addr    Size         Type   Attr      Idx    E Section Name        Object

    0x20000000   COMPRESSED   0x00000004   Data   RW          294    .data               can.o
    0x20000004   COMPRESSED   0x00000009   Data   RW         2285    .data               stm32f4xx_hal.o
    0x2000000d   COMPRESSED   0x00000003   PAD
    0x20000010   COMPRESSED   0x00000004   Data   RW         4927    .data               system_stm32f4xx.o
    0x20000014   COMPRESSED   0x0000009e   Data   RW         5041    .data               bsp_imu.o
    0x200000b2   COMPRESSED   0x00000002   PAD
    0x200000b4   COMPRESSED   0x00000008   Data   RW         5303    .data               delay.o
    0x200000bc   COMPRESSED   0x00000020   Data   RW         5432    .data               can_receive.o
    0x200000dc   COMPRESSED   0x0000005c   Data   RW         5579    .data               gimbal.o
    0x20000138   COMPRESSED   0x0000000a   Data   RW         5668    .data               remote_control.o
    0x20000142   COMPRESSED   0x00000001   Data   RW         5743    .data               vision_task.o
    0x20000143   COMPRESSED   0x00000001   PAD
    0x20000144   COMPRESSED   0x00000054   Data   RW         5778    .data               rc_task.o
    0x20000198   COMPRESSED   0x00000014   Data   RW         5842    .data               mahonyahrs.o
    0x200001ac   COMPRESSED   0x00000060   Data   RW         5964    .data               can_comm.o
    0x2000020c   COMPRESSED   0x00000030   Data   RW         6110    .data               mode.o
    0x2000023c   COMPRESSED   0x0000002c   Data   RW         6283    .data               bmi088driver.o
    0x20000268   COMPRESSED   0x0000004e   Data   RW         6623    .data               usbd_desc.o
    0x200002b6   COMPRESSED   0x00000002   PAD
    0x200002b8   COMPRESSED   0x0000001b   Data   RW         6718    .data               usbd_cdc_if.o
    0x200002d3   COMPRESSED   0x00000001   Data   RW         7204    .data               usbd_ctlreq.o
    0x200002d4   COMPRESSED   0x0000008a   Data   RW         7367    .data               usbd_cdc.o
    0x2000035e   COMPRESSED   0x00000002   PAD
    0x20000360   COMPRESSED   0x00000004   Data   RW         7597    .data               mc_w.l(errno.o)
    0x20000364        -       0x00000050   Zero   RW          293    .bss                can.o
    0x200003b4        -       0x00000054   Zero   RW          365    .bss                i2c.o
    0x20000408        -       0x00000118   Zero   RW          407    .bss                spi.o
    0x20000520        -       0x000000d8   Zero   RW          452    .bss                tim.o
    0x200005f8        -       0x00000150   Zero   RW          510    .bss                usart.o
    0x20000748        -       0x00000380   Zero   RW         5039    .bss                bsp_imu.o
    0x20000ac8        -       0x00000144   Zero   RW         5431    .bss                can_receive.o
    0x20000c0c        -       0x000009b0   Zero   RW         5577    .bss                gimbal.o
    0x200015bc        -       0x000000a6   Zero   RW         5667    .bss                remote_control.o
    0x20001662   COMPRESSED   0x00000002   PAD
    0x20001664        -       0x00000014   Zero   RW         5742    .bss                vision_task.o
    0x20001678        -       0x000000f4   Zero   RW         5963    .bss                can_comm.o
    0x2000176c        -       0x000002dc   Zero   RW         6582    .bss                usb_device.o
    0x20001a48        -       0x00000200   Zero   RW         6622    .bss                usbd_desc.o
    0x20001c48        -       0x000010ab   Zero   RW         6716    .bss                usbd_cdc_if.o
    0x20002cf3   COMPRESSED   0x00000001   PAD
    0x20002cf4        -       0x00000704   Zero   RW         6851    .bss                usbd_conf.o
    0x200033f8        -       0x00000400   Zero   RW            1    STACK               startup_stm32f407xx.o


    Execution Region RW_IRAM2 (Exec base: 0x2001c000, Load base: 0x0800f658, Size: 0x00000000, Max: 0x00004000, ABSOLUTE)

    **** No section assigned to this execution region ****


==============================================================================

Image component sizes


      Code (inc. data)   RO Data    RW Data    ZI Data      Debug   Object Name

      2338         40         18         44          0      10023   bmi088driver.o
       140         28          0          0          0       4476   bmi088middleware.o
        92          8          0          0          0        562   bsp_can.o
      4632        352         32        158        896     617767   bsp_imu.o
        12          4          0          0          0        474   bsp_imu_pwm.o
     10428        170          0          0          0       5610   bsp_spi.o
       504         44          0          4         80       2402   can.o
       380         60          0         96        244     577406   can_comm.o
       542         60          0         32        324     588783   can_receive.o
       208         24          0          8          0       1875   delay.o
       136          6          0          0          0        810   dma.o
      1728        198         32         92       2480      12337   gimbal.o
       452         22          0          0          0       1175   gpio.o
       260         30          0          0         84       1689   i2c.o
       140          4          0          0          0       1099   ist8310driver.o
        36          6          0          0          0       1044   ist8310driver_middleware.o
      2276         72          0         20          0       4765   mahonyahrs.o
       310         26          0          0          0     737837   main.o
        84          0          0          0          0       1248   math.o
       808         82          0         48          0     624699   mode.o
      1408         32          0          0          0       6054   pid.o
      1096        112          0         84          0       3722   rc_task.o
      1116         80          0         10        166       7126   remote_control.o
       416         38          0          0        280       1895   spi.o
        36          8        392          0       1024        824   startup_stm32f407xx.o
       212         36          0          9          0       9321   stm32f4xx_hal.o
      2148          6          0          0          0      14191   stm32f4xx_hal_can.o
       312         22          0          0          0      34267   stm32f4xx_hal_cortex.o
      1034         16          8          0          0       3840   stm32f4xx_hal_dma.o
       540         50          0          0          0       2711   stm32f4xx_hal_gpio.o
      2334         36          0          0          0       8802   stm32f4xx_hal_i2c.o
        72          4          0          0          0        838   stm32f4xx_hal_msp.o
      3560         16          0          0          0      13628   stm32f4xx_hal_pcd.o
        90          0          0          0          0       2393   stm32f4xx_hal_pcd_ex.o
      1820         84          0          0          0       5552   stm32f4xx_hal_rcc.o
      1128         14          0          0          0       4657   stm32f4xx_hal_spi.o
      2522        172          0          0          0      17077   stm32f4xx_hal_tim.o
       184         30          0          0          0       2485   stm32f4xx_hal_tim_ex.o
       674         10          0          0          0       1840   stm32f4xx_hal_uart.o
       218         54          0          0          0      10483   stm32f4xx_it.o
      3882         82          0          0          0      22540   stm32f4xx_ll_usb.o
        20          6         24          4          0       1103   system_stm32f4xx.o
       604         48          0          0        216       3684   tim.o
       524         56          0          0        336       2513   usart.o
        76         16          0          0        732        784   usb_device.o
      1782         54          0        138          0      14097   usbd_cdc.o
       864         84        512         27       4267      14077   usbd_cdc_if.o
      1004         24          0          0       1796      17356   usbd_conf.o
      1354          0          0          0          0      16329   usbd_core.o
      2342         30          0          1          0      17684   usbd_ctlreq.o
       386        122          0         78        512       6781   usbd_desc.o
       174          0          0          0          0       4648   usbd_ioreq.o
         0          0          0          1         20        246   vision_task.o

    ----------------------------------------------------------------------
     59476       2578       1052        864      13460    3469629   Object Totals
         0          0         32          0          0          0   (incl. Generated)
        38          0          2         10          3          0   (incl. Padding)

    ----------------------------------------------------------------------

      Code (inc. data)   RO Data    RW Data    ZI Data      Debug   Library Member Name

       300         42          0          0          0        176   asinf.o
       592         90          0          0          0        184   atan2f.o
        20          0          0          0          0        124   fabs.o
        38          0          0          0          0        116   fpclassifyf.o
        44         12          0          0          0        464   funder.o
       122          0          0          0          0        148   sqrt.o
        62          0          0          0          0        136   sqrtf.o
        86          0          0          0          0          0   __dczerorl2.o
         0          0          0          0          0          0   entry.o
         0          0          0          0          0          0   entry10a.o
         0          0          0          0          0          0   entry11a.o
         8          4          0          0          0          0   entry2.o
         4          0          0          0          0          0   entry5.o
         0          0          0          0          0          0   entry7b.o
         0          0          0          0          0          0   entry8b.o
         8          4          0          0          0          0   entry9a.o
        12          6          0          4          0         68   errno.o
        30          0          0          0          0          0   handlers.o
        36          8          0          0          0         68   init.o
         0          0          0          0          0          0   iusefp.o
        30          0          0          0          0         68   llshl.o
        32          0          0          0          0         68   llushr.o
        36          0          0          0          0         68   memcpya.o
        36          0          0          0          0        108   memseta.o
        98          0          0          0          0         92   uldiv.o
        48          0          0          0          0         68   cdcmple.o
        48          0          0          0          0         68   cdrcmple.o
        56          0          0          0          0         88   d2f.o
       186          0          0          0          0        176   depilogue.o
       162          0          0          0          0        100   dsqrt.o
        38          0          0          0          0         68   f2d.o
       110          0          0          0          0        168   fepilogue.o

    ----------------------------------------------------------------------
      2252        166          0          4          0       2624   Library Totals
        10          0          0          0          0          0   (incl. Padding)

    ----------------------------------------------------------------------

      Code (inc. data)   RO Data    RW Data    ZI Data      Debug   Library Name

      1178        144          0          0          0       1348   m_wm.l
       416         22          0          4          0        540   mc_w.l
       648          0          0          0          0        736   mf_w.l

    ----------------------------------------------------------------------
      2252        166          0          4          0       2624   Library Totals

    ----------------------------------------------------------------------

==============================================================================


      Code (inc. data)   RO Data    RW Data    ZI Data      Debug   

     61728       2744       1052        868      13460    3436465   Grand Totals
     61728       2744       1052        284      13460    3436465   ELF Image Totals (compressed)
     61728       2744       1052        284          0          0   ROM Totals

==============================================================================

    Total RO  Size (Code + RO Data)                62780 (  61.31kB)
    Total RW  Size (RW Data + ZI Data)             14328 (  13.99kB)
    Total ROM Size (Code + RO Data + RW Data)      63064 (  61.59kB)

==============================================================================

