Component: ARM Compiler 5.06 update 4 (build 422) Tool: armlink [4d35d2]

==============================================================================

Section Cross References

    startup_stm32f407xx.o(RESET) refers to startup_stm32f407xx.o(STACK) for __initial_sp
    startup_stm32f407xx.o(RESET) refers to startup_stm32f407xx.o(.text) for Reset_Handler
    startup_stm32f407xx.o(RESET) refers to stm32f4xx_it.o(i.NMI_Handler) for NMI_Handler
    startup_stm32f407xx.o(RESET) refers to stm32f4xx_it.o(i.HardFault_Handler) for HardFault_Handler
    startup_stm32f407xx.o(RESET) refers to stm32f4xx_it.o(i.MemManage_Handler) for MemManage_Handler
    startup_stm32f407xx.o(RESET) refers to stm32f4xx_it.o(i.BusFault_Handler) for BusFault_Handler
    startup_stm32f407xx.o(RESET) refers to stm32f4xx_it.o(i.UsageFault_Handler) for UsageFault_Handler
    startup_stm32f407xx.o(RESET) refers to stm32f4xx_it.o(i.SVC_Handler) for SVC_Handler
    startup_stm32f407xx.o(RESET) refers to stm32f4xx_it.o(i.DebugMon_Handler) for DebugMon_Handler
    startup_stm32f407xx.o(RESET) refers to stm32f4xx_it.o(i.PendSV_Handler) for PendSV_Handler
    startup_stm32f407xx.o(RESET) refers to stm32f4xx_it.o(i.SysTick_Handler) for SysTick_Handler
    startup_stm32f407xx.o(RESET) refers to stm32f4xx_it.o(i.EXTI0_IRQHandler) for EXTI0_IRQHandler
    startup_stm32f407xx.o(RESET) refers to stm32f4xx_it.o(i.EXTI3_IRQHandler) for EXTI3_IRQHandler
    startup_stm32f407xx.o(RESET) refers to stm32f4xx_it.o(i.EXTI4_IRQHandler) for EXTI4_IRQHandler
    startup_stm32f407xx.o(RESET) refers to stm32f4xx_it.o(i.DMA1_Stream1_IRQHandler) for DMA1_Stream1_IRQHandler
    startup_stm32f407xx.o(RESET) refers to stm32f4xx_it.o(i.DMA1_Stream5_IRQHandler) for DMA1_Stream5_IRQHandler
    startup_stm32f407xx.o(RESET) refers to stm32f4xx_it.o(i.CAN1_TX_IRQHandler) for CAN1_TX_IRQHandler
    startup_stm32f407xx.o(RESET) refers to stm32f4xx_it.o(i.CAN1_RX0_IRQHandler) for CAN1_RX0_IRQHandler
    startup_stm32f407xx.o(RESET) refers to stm32f4xx_it.o(i.EXTI9_5_IRQHandler) for EXTI9_5_IRQHandler
    startup_stm32f407xx.o(RESET) refers to stm32f4xx_it.o(i.TIM2_IRQHandler) for TIM2_IRQHandler
    startup_stm32f407xx.o(RESET) refers to stm32f4xx_it.o(i.TIM3_IRQHandler) for TIM3_IRQHandler
    startup_stm32f407xx.o(RESET) refers to remote_control.o(i.USART3_IRQHandler) for USART3_IRQHandler
    startup_stm32f407xx.o(RESET) refers to bsp_imu.o(i.DMA2_Stream2_IRQHandler) for DMA2_Stream2_IRQHandler
    startup_stm32f407xx.o(RESET) refers to stm32f4xx_it.o(i.DMA2_Stream3_IRQHandler) for DMA2_Stream3_IRQHandler
    startup_stm32f407xx.o(RESET) refers to stm32f4xx_it.o(i.CAN2_RX0_IRQHandler) for CAN2_RX0_IRQHandler
    startup_stm32f407xx.o(RESET) refers to stm32f4xx_it.o(i.OTG_FS_IRQHandler) for OTG_FS_IRQHandler
    startup_stm32f407xx.o(.text) refers to system_stm32f4xx.o(i.SystemInit) for SystemInit
    startup_stm32f407xx.o(.text) refers to entry.o(.ARM.Collect$$$$00000000) for __main
    main.o(i.SystemClock_Config) refers to memseta.o(.text) for __aeabi_memclr4
    main.o(i.SystemClock_Config) refers to stm32f4xx_hal_rcc.o(i.HAL_RCC_OscConfig) for HAL_RCC_OscConfig
    main.o(i.SystemClock_Config) refers to main.o(i.Error_Handler) for Error_Handler
    main.o(i.SystemClock_Config) refers to stm32f4xx_hal_rcc.o(i.HAL_RCC_ClockConfig) for HAL_RCC_ClockConfig
    main.o(i.main) refers to stm32f4xx_hal.o(i.HAL_Init) for HAL_Init
    main.o(i.main) refers to main.o(i.SystemClock_Config) for SystemClock_Config
    main.o(i.main) refers to gpio.o(i.MX_GPIO_Init) for MX_GPIO_Init
    main.o(i.main) refers to dma.o(i.MX_DMA_Init) for MX_DMA_Init
    main.o(i.main) refers to can.o(i.MX_CAN1_Init) for MX_CAN1_Init
    main.o(i.main) refers to can.o(i.MX_CAN2_Init) for MX_CAN2_Init
    main.o(i.main) refers to tim.o(i.MX_TIM2_Init) for MX_TIM2_Init
    main.o(i.main) refers to i2c.o(i.MX_I2C3_Init) for MX_I2C3_Init
    main.o(i.main) refers to spi.o(i.MX_SPI1_Init) for MX_SPI1_Init
    main.o(i.main) refers to tim.o(i.MX_TIM10_Init) for MX_TIM10_Init
    main.o(i.main) refers to usart.o(i.MX_USART3_UART_Init) for MX_USART3_UART_Init
    main.o(i.main) refers to usb_device.o(i.MX_USB_DEVICE_Init) for MX_USB_DEVICE_Init
    main.o(i.main) refers to usart.o(i.MX_USART2_UART_Init) for MX_USART2_UART_Init
    main.o(i.main) refers to tim.o(i.MX_TIM3_Init) for MX_TIM3_Init
    main.o(i.main) refers to remote_control.o(i.remote_control_init) for remote_control_init
    main.o(i.main) refers to bsp_can.o(i.can_filter_init) for can_filter_init
    main.o(i.main) refers to gimbal.o(i.gimbal_init) for gimbal_init
    main.o(i.main) refers to stm32f4xx_hal_tim.o(i.HAL_TIM_Base_Start) for HAL_TIM_Base_Start
    main.o(i.main) refers to stm32f4xx_hal_tim.o(i.HAL_TIM_PWM_Start) for HAL_TIM_PWM_Start
    main.o(i.main) refers to delay.o(i.delay_init) for delay_init
    main.o(i.main) refers to bsp_imu.o(i.IMU_Init) for IMU_Init
[...]
    HAL_CAN_TxMailbox1AbortCallback          0x08002021   Thumb Code     2  stm32f4xx_hal_can.o(i.HAL_CAN_TxMailbox1AbortCallback)
    HAL_CAN_TxMailbox1CompleteCallback       0x08002023   Thumb Code     2  stm32f4xx_hal_can.o(i.HAL_CAN_TxMailbox1CompleteCallback)
    HAL_CAN_TxMailbox2AbortCallback          0x08002025   Thumb Code     2  stm32f4xx_hal_can.o(i.HAL_CAN_TxMailbox2AbortCallback)
    HAL_CAN_TxMailbox2CompleteCallback       0x08002027   Thumb Code     2  stm32f4xx_hal_can.o(i.HAL_CAN_TxMailbox2CompleteCallback)
    HAL_CAN_WakeUpFromRxMsgCallback          0x08002029   Thumb Code     2  stm32f4xx_hal_can.o(i.HAL_CAN_WakeUpFromRxMsgCallback)
    HAL_DMA_IRQHandler                       0x0800202d   Thumb Code   570  stm32f4xx_hal_dma.o(i.HAL_DMA_IRQHandler)
    HAL_DMA_Init                             0x0800226d   Thumb Code   232  stm32f4xx_hal_dma.o(i.HAL_DMA_Init)
    HAL_Delay                                0x08002359   Thumb Code    36  stm32f4xx_hal.o(i.HAL_Delay)
    HAL_GPIO_EXTI_Callback                   0x08002381   Thumb Code   128  bsp_imu.o(i.HAL_GPIO_EXTI_Callback)
    HAL_GPIO_EXTI_IRQHandler                 0x08002419   Thumb Code    24  stm32f4xx_hal_gpio.o(i.HAL_GPIO_EXTI_IRQHandler)
    HAL_GPIO_Init                            0x08002435   Thumb Code   454  stm32f4xx_hal_gpio.o(i.HAL_GPIO_Init)
    HAL_GPIO_WritePin                        0x08002629   Thumb Code    12  stm32f4xx_hal_gpio.o(i.HAL_GPIO_WritePin)
    HAL_GetTick                              0x08002635   Thumb Code     6  stm32f4xx_hal.o(i.HAL_GetTick)
    HAL_I2C_Init                             0x08002641   Thumb Code   446  stm32f4xx_hal_i2c.o(i.HAL_I2C_Init)
    HAL_I2C_Mem_Read                         0x08002811   Thumb Code   762  stm32f4xx_hal_i2c.o(i.HAL_I2C_Mem_Read)
    HAL_I2C_MspInit                          0x08002b19   Thumb Code   182  i2c.o(i.HAL_I2C_MspInit)
    HAL_IncTick                              0x08002be1   Thumb Code    16  stm32f4xx_hal.o(i.HAL_IncTick)
    HAL_Init                                 0x08002bf9   Thumb Code    54  stm32f4xx_hal.o(i.HAL_Init)
    HAL_InitTick                             0x08002c35   Thumb Code    64  stm32f4xx_hal.o(i.HAL_InitTick)
    HAL_MspInit                              0x08002c81   Thumb Code    68  stm32f4xx_hal_msp.o(i.HAL_MspInit)
    HAL_NVIC_EnableIRQ                       0x08002cc9   Thumb Code    40  stm32f4xx_hal_cortex.o(i.HAL_NVIC_EnableIRQ)
    HAL_NVIC_SetPriority                     0x08002cf1   Thumb Code   124  stm32f4xx_hal_cortex.o(i.HAL_NVIC_SetPriority)
    HAL_NVIC_SetPriorityGrouping             0x08002d6d   Thumb Code    32  stm32f4xx_hal_cortex.o(i.HAL_NVIC_SetPriorityGrouping)
    HAL_PCDEx_LPM_Callback                   0x08002d95   Thumb Code     2  stm32f4xx_hal_pcd_ex.o(i.HAL_PCDEx_LPM_Callback)
    HAL_PCDEx_SetRxFiFo                      0x08002d97   Thumb Code    10  stm32f4xx_hal_pcd_ex.o(i.HAL_PCDEx_SetRxFiFo)
    HAL_PCDEx_SetTxFiFo                      0x08002da1   Thumb Code    78  stm32f4xx_hal_pcd_ex.o(i.HAL_PCDEx_SetTxFiFo)
    HAL_PCD_ConnectCallback                  0x08002def   Thumb Code    14  usbd_conf.o(i.HAL_PCD_ConnectCallback)
    HAL_PCD_DataInStageCallback              0x08002dfd   Thumb Code    32  usbd_conf.o(i.HAL_PCD_DataInStageCallback)
    HAL_PCD_DataOutStageCallback             0x08002e1d   Thumb Code    32  usbd_conf.o(i.HAL_PCD_DataOutStageCallback)
    HAL_PCD_DisconnectCallback               0x08002e3d   Thumb Code    14  usbd_conf.o(i.HAL_PCD_DisconnectCallback)
    HAL_PCD_EP_Abort                         0x08002e4b   Thumb Code    66  stm32f4xx_hal_pcd.o(i.HAL_PCD_EP_Abort)
    HAL_PCD_EP_Close                         0x08002e8d   Thumb Code   106  stm32f4xx_hal_pcd.o(i.HAL_PCD_EP_Close)
    HAL_PCD_EP_ClrStall                      0x08002ef7   Thumb Code   124  stm32f4xx_hal_pcd.o(i.HAL_PCD_EP_ClrStall)
    HAL_PCD_EP_GetRxCount                    0x08002f73   Thumb Code    22  stm32f4xx_hal_pcd.o(i.HAL_PCD_EP_GetRxCount)
    HAL_PCD_EP_Open                          0x08002f89   Thumb Code   140  stm32f4xx_hal_pcd.o(i.HAL_PCD_EP_Open)
    HAL_PCD_EP_Receive                       0x08003015   Thumb Code    70  stm32f4xx_hal_pcd.o(i.HAL_PCD_EP_Receive)
    HAL_PCD_EP_SetStall                      0x0800305b   Thumb Code   138  stm32f4xx_hal_pcd.o(i.HAL_PCD_EP_SetStall)
    HAL_PCD_EP_Transmit                      0x080030e5   Thumb Code    72  stm32f4xx_hal_pcd.o(i.HAL_PCD_EP_Transmit)
    HAL_PCD_IRQHandler                       0x0800312d   Thumb Code  1738  stm32f4xx_hal_pcd.o(i.HAL_PCD_IRQHandler)
    HAL_PCD_ISOINIncompleteCallback          0x080037f7   Thumb Code    18  usbd_conf.o(i.HAL_PCD_ISOINIncompleteCallback)
    HAL_PCD_ISOOUTIncompleteCallback         0x08003809   Thumb Code    18  usbd_conf.o(i.HAL_PCD_ISOOUTIncompleteCallback)
    HAL_PCD_Init                             0x0800381b   Thumb Code   350  stm32f4xx_hal_pcd.o(i.HAL_PCD_Init)
    HAL_PCD_MspInit                          0x08003979   Thumb Code   160  usbd_conf.o(i.HAL_PCD_MspInit)
    HAL_PCD_ResetCallback                    0x08003a21   Thumb Code    48  usbd_conf.o(i.HAL_PCD_ResetCallback)
    HAL_PCD_ResumeCallback                   0x08003a51   Thumb Code    14  usbd_conf.o(i.HAL_PCD_ResumeCallback)
    HAL_PCD_SOFCallback                      0x08003a5f   Thumb Code    14  usbd_conf.o(i.HAL_PCD_SOFCallback)
    HAL_PCD_SetAddress                       0x08003a6d   Thumb Code    52  stm32f4xx_hal_pcd.o(i.HAL_PCD_SetAddress)
    HAL_PCD_SetupStageCallback               0x08003aa1   Thumb Code    18  usbd_conf.o(i.HAL_PCD_SetupStageCallback)
    HAL_PCD_Start                            0x08003ab3   Thumb Code    76  stm32f4xx_hal_pcd.o(i.HAL_PCD_Start)
    HAL_PCD_SuspendCallback                  0x08003b01   Thumb Code    46  usbd_conf.o(i.HAL_PCD_SuspendCallback)
    HAL_RCC_ClockConfig                      0x08003b35   Thumb Code   368  stm32f4xx_hal_rcc.o(i.HAL_RCC_ClockConfig)
    HAL_RCC_GetHCLKFreq                      0x08003cb9   Thumb Code     6  stm32f4xx_hal_rcc.o(i.HAL_RCC_GetHCLKFreq)
    HAL_RCC_GetPCLK1Freq                     0x08003cc5   Thumb Code    22  stm32f4xx_hal_rcc.o(i.HAL_RCC_GetPCLK1Freq)
    HAL_RCC_GetPCLK2Freq                     0x08003ce5   Thumb Code    22  stm32f4xx_hal_rcc.o(i.HAL_RCC_GetPCLK2Freq)
    HAL_RCC_GetSysClockFreq                  0x08003d05   Thumb Code   162  stm32f4xx_hal_rcc.o(i.HAL_RCC_GetSysClockFreq)
    HAL_RCC_OscConfig                        0x08003db5   Thumb Code  1172  stm32f4xx_hal_rcc.o(i.HAL_RCC_OscConfig)
    HAL_SPI_Init                             0x08004251   Thumb Code   200  stm32f4xx_hal_spi.o(i.HAL_SPI_Init)
    HAL_SPI_MspInit                          0x08004319   Thumb Code   316  spi.o(i.HAL_SPI_MspInit)
    HAL_SPI_TransmitReceive                  0x08004471   Thumb Code   576  stm32f4xx_hal_spi.o(i.HAL_SPI_TransmitReceive)
    HAL_SYSTICK_Config                       0x080046b1   Thumb Code    52  stm32f4xx_hal_cortex.o(i.HAL_SYSTICK_Config)
    HAL_TIMEx_BreakCallback                  0x080046e5   Thumb Code     2  stm32f4xx_hal_tim_ex.o(i.HAL_TIMEx_BreakCallback)
    HAL_TIMEx_CommutCallback                 0x080046e7   Thumb Code     2  stm32f4xx_hal_tim_ex.o(i.HAL_TIMEx_CommutCallback)
    HAL_TIMEx_MasterConfigSynchronization    0x080046e9   Thumb Code   150  stm32f4xx_hal_tim_ex.o(i.HAL_TIMEx_MasterConfigSynchronization)
    HAL_TIM_Base_Init                        0x0800479d   Thumb Code   102  stm32f4xx_hal_tim.o(i.HAL_TIM_Base_Init)
    HAL_TIM_Base_MspInit                     0x08004805   Thumb Code   166  tim.o(i.HAL_TIM_Base_MspInit)
    HAL_TIM_Base_Start                       0x080048b9   Thumb Code   126  stm32f4xx_hal_tim.o(i.HAL_TIM_Base_Start)
    HAL_TIM_Base_Start_IT                    0x08004955   Thumb Code   138  stm32f4xx_hal_tim.o(i.HAL_TIM_Base_Start_IT)
    HAL_TIM_ConfigClockSource                0x080049fd   Thumb Code   268  stm32f4xx_hal_tim.o(i.HAL_TIM_ConfigClockSource)
    HAL_TIM_IC_CaptureCallback               0x08004b09   Thumb Code     2  stm32f4xx_hal_tim.o(i.HAL_TIM_IC_CaptureCallback)
    HAL_TIM_IRQHandler                       0x08004b0b   Thumb Code   364  stm32f4xx_hal_tim.o(i.HAL_TIM_IRQHandler)
    HAL_TIM_MspPostInit                      0x08004c79   Thumb Code    86  tim.o(i.HAL_TIM_MspPostInit)
    HAL_TIM_OC_DelayElapsedCallback          0x08004cdd   Thumb Code     2  stm32f4xx_hal_tim.o(i.HAL_TIM_OC_DelayElapsedCallback)
    HAL_TIM_PWM_ConfigChannel                0x08004cdf   Thumb Code   260  stm32f4xx_hal_tim.o(i.HAL_TIM_PWM_ConfigChannel)
    HAL_TIM_PWM_Init                         0x08004de3   Thumb Code   102  stm32f4xx_hal_tim.o(i.HAL_TIM_PWM_Init)
    HAL_TIM_PWM_MspInit                      0x08004e49   Thumb Code     2  stm32f4xx_hal_tim.o(i.HAL_TIM_PWM_MspInit)
    HAL_TIM_PWM_PulseFinishedCallback        0x08004e4b   Thumb Code     2  stm32f4xx_hal_tim.o(i.HAL_TIM_PWM_PulseFinishedCallback)
    HAL_TIM_PWM_Start                        0x08004e4d   Thumb Code   238  stm32f4xx_hal_tim.o(i.HAL_TIM_PWM_Start)
    HAL_TIM_PeriodElapsedCallback            0x08004f59   Thumb Code   104  mode.o(i.HAL_TIM_PeriodElapsedCallback)
    HAL_TIM_TriggerCallback                  0x08004fd9   Thumb Code     2  stm32f4xx_hal_tim.o(i.HAL_TIM_TriggerCallback)
    HAL_UART_Init                            0x08004fdb   Thumb Code   118  stm32f4xx_hal_uart.o(i.HAL_UART_Init)
    HAL_UART_MspInit                         0x08005051   Thumb Code   374  usart.o(i.HAL_UART_MspInit)
    HardFault_Handler                        0x080051e9   Thumb Code     4  stm32f4xx_it.o(i.HardFault_Handler)
    IMU_Init                                 0x08005635   Thumb Code   176  bsp_imu.o(i.IMU_Init)
    INS_task                                 0x08005721   Thumb Code   672  bsp_imu.o(i.INS_task)
    MX_CAN1_Init                             0x08005a69   Thumb Code    58  can.o(i.MX_CAN1_Init)
    MX_CAN2_Init                             0x08005aad   Thumb Code    58  can.o(i.MX_CAN2_Init)
    MX_DMA_Init                              0x08005af1   Thumb Code   130  dma.o(i.MX_DMA_Init)
    MX_GPIO_Init                             0x08005b79   Thumb Code   430  gpio.o(i.MX_GPIO_Init)
    MX_I2C3_Init                             0x08005d3d   Thumb Code    48  i2c.o(i.MX_I2C3_Init)
    MX_SPI1_Init                             0x08005d79   Thumb Code    62  spi.o(i.MX_SPI1_Init)
    MX_TIM10_Init                            0x08005dc1   Thumb Code   100  tim.o(i.MX_TIM10_Init)
    MX_TIM2_Init                             0x08005e2d   Thumb Code   104  tim.o(i.MX_TIM2_Init)
    MX_TIM3_Init                             0x08005e99   Thumb Code   100  tim.o(i.MX_TIM3_Init)
    MX_USART2_UART_Init                      0x08005f05   Thumb Code    46  usart.o(i.MX_USART2_UART_Init)
    MX_USART3_UART_Init                      0x08005f3d   Thumb Code    48  usart.o(i.MX_USART3_UART_Init)
    MX_USB_DEVICE_Init                       0x08005f79   Thumb Code    60  usb_device.o(i.MX_USB_DEVICE_Init)
    MahonyAHRSupdate                         0x08005fc5   Thumb Code  1418  mahonyahrs.o(i.MahonyAHRSupdate)
    MahonyAHRSupdateIMU                      0x08006571   Thumb Code   730  mahonyahrs.o(i.MahonyAHRSupdateIMU)
    MemManage_Handler                        0x0800686d   Thumb Code     4  stm32f4xx_it.o(i.MemManage_Handler)
    NMI_Handler                              0x08006871   Thumb Code     4  stm32f4xx_it.o(i.NMI_Handler)
    OTG_FS_IRQHandler                        0x08006875   Thumb Code    10  stm32f4xx_it.o(i.OTG_FS_IRQHandler)
    PID_Calc                                 0x08006ae5   Thumb Code   330  pid.o(i.PID_Calc)
    PID_Init                                 0x08006c35   Thumb Code   106  pid.o(i.PID_Init)
    PID_angleloop_init                       0x08006ca5   Thumb Code    94  pid.o(i.PID_angleloop_init)
    PID_init                                 0x08006d09   Thumb Code    94  pid.o(i.PID_init)
    PendSV_Handler                           0x08006d6d   Thumb Code     2  stm32f4xx_it.o(i.PendSV_Handler)
    RC_data_is_error                         0x08006d71   Thumb Code   146  remote_control.o(i.RC_data_is_error)
    SPI1_DMA_enable                          0x08006f69   Thumb Code 10024  bsp_spi.o(i.SPI1_DMA_enable)
    SPI1_DMA_init                            0x080096a5   Thumb Code   360  bsp_spi.o(i.SPI1_DMA_init)
    SVC_Handler                              0x08009985   Thumb Code     2  stm32f4xx_it.o(i.SVC_Handler)
    SysTick_Handler                          0x08009999   Thumb Code     8  stm32f4xx_it.o(i.SysTick_Handler)
    SystemClock_Config                       0x080099a1   Thumb Code   170  main.o(i.SystemClock_Config)
    SystemInit                               0x08009a55   Thumb Code    14  system_stm32f4xx.o(i.SystemInit)
    TIM2_IRQHandler                          0x08009a69   Thumb Code    10  stm32f4xx_it.o(i.TIM2_IRQHandler)
    TIM3_IRQHandler                          0x08009a79   Thumb Code    10  stm32f4xx_it.o(i.TIM3_IRQHandler)
    TIM_Base_SetConfig                       0x08009a89   Thumb Code   186  stm32f4xx_hal_tim.o(i.TIM_Base_SetConfig)
    TIM_CCxChannelCmd                        0x08009b71   Thumb Code    34  stm32f4xx_hal_tim.o(i.TIM_CCxChannelCmd)
    TIM_ETR_SetConfig                        0x08009b93   Thumb Code    22  stm32f4xx_hal_tim.o(i.TIM_ETR_SetConfig)
    TIM_OC2_SetConfig                        0x08009c2d   Thumb Code   114  stm32f4xx_hal_tim.o(i.TIM_OC2_SetConfig)
    USART3_IRQHandler                        0x08009ff1   Thumb Code   298  remote_control.o(i.USART3_IRQHandler)
    USBD_CDC_GetDeviceQualifierDescriptor    0x0800a36d   Thumb Code    10  usbd_cdc.o(i.USBD_CDC_GetDeviceQualifierDescriptor)
    USBD_CDC_ReceivePacket                   0x0800a5ed   Thumb Code    74  usbd_cdc.o(i.USBD_CDC_ReceivePacket)
    USBD_CDC_RegisterInterface               0x0800a63d   Thumb Code    24  usbd_cdc.o(i.USBD_CDC_RegisterInterface)
    USBD_CDC_SetRxBuffer                     0x0800a655   Thumb Code    30  usbd_cdc.o(i.USBD_CDC_SetRxBuffer)
    USBD_CDC_SetTxBuffer                     0x0800a673   Thumb Code    36  usbd_cdc.o(i.USBD_CDC_SetTxBuffer)
    USBD_ClrClassConfig                      0x0800a7d7   Thumb Code    28  usbd_core.o(i.USBD_ClrClassConfig)
    USBD_CoreFindEP                          0x0800a831   Thumb Code     6  usbd_core.o(i.USBD_CoreFindEP)
    USBD_CoreFindIF                          0x0800a837   Thumb Code     6  usbd_core.o(i.USBD_CoreFindIF)
    USBD_CtlContinueRx                       0x0800a83d   Thumb Code    24  usbd_ioreq.o(i.USBD_CtlContinueRx)
    USBD_CtlContinueSendData                 0x0800a855   Thumb Code    24  usbd_ioreq.o(i.USBD_CtlContinueSendData)
    USBD_CtlError                            0x0800a86d   Thumb Code    24  usbd_ctlreq.o(i.USBD_CtlError)
    USBD_CtlPrepareRx                        0x0800a885   Thumb Code    40  usbd_ioreq.o(i.USBD_CtlPrepareRx)
    USBD_CtlReceiveStatus                    0x0800a8ad   Thumb Code    26  usbd_ioreq.o(i.USBD_CtlReceiveStatus)
    USBD_CtlSendData                         0x0800a8c7   Thumb Code    34  usbd_ioreq.o(i.USBD_CtlSendData)
    USBD_CtlSendStatus                       0x0800a8e9   Thumb Code    26  usbd_ioreq.o(i.USBD_CtlSendStatus)
    USBD_FS_ConfigStrDescriptor              0x0800a905   Thumb Code    34  usbd_desc.o(i.USBD_FS_ConfigStrDescriptor)
    USBD_FS_DeviceDescriptor                 0x0800a939   Thumb Code    10  usbd_desc.o(i.USBD_FS_DeviceDescriptor)
    USBD_FS_InterfaceStrDescriptor           0x0800a949   Thumb Code    34  usbd_desc.o(i.USBD_FS_InterfaceStrDescriptor)
    USBD_FS_LangIDStrDescriptor              0x0800a981   Thumb Code    10  usbd_desc.o(i.USBD_FS_LangIDStrDescriptor)
    USBD_FS_ManufacturerStrDescriptor        0x0800a991   Thumb Code    20  usbd_desc.o(i.USBD_FS_ManufacturerStrDescriptor)
    USBD_FS_ProductStrDescriptor             0x0800a9bd   Thumb Code    34  usbd_desc.o(i.USBD_FS_ProductStrDescriptor)
    USBD_FS_SerialStrDescriptor              0x0800a9fd   Thumb Code    18  usbd_desc.o(i.USBD_FS_SerialStrDescriptor)
    USBD_GetEpDesc                           0x0800ac67   Thumb Code    80  usbd_core.o(i.USBD_GetEpDesc)
    USBD_GetNextDesc                         0x0800accd   Thumb Code    20  usbd_core.o(i.USBD_GetNextDesc)
    USBD_GetString                           0x0800ad3b   Thumb Code    84  usbd_ctlreq.o(i.USBD_GetString)
    USBD_Get_USB_Status                      0x0800ad8f   Thumb Code    44  usbd_conf.o(i.USBD_Get_USB_Status)
    USBD_Init                                0x0800adbb   Thumb Code    58  usbd_core.o(i.USBD_Init)
    USBD_LL_ClearStallEP                     0x0800adf5   Thumb Code    38  usbd_conf.o(i.USBD_LL_ClearStallEP)
    USBD_LL_CloseEP                          0x0800ae1b   Thumb Code    38  usbd_conf.o(i.USBD_LL_CloseEP)
    USBD_LL_DataInStage                      0x0800ae41   Thumb Code   264  usbd_core.o(i.USBD_LL_DataInStage)
    USBD_LL_DataOutStage                     0x0800af49   Thumb Code   258  usbd_core.o(i.USBD_LL_DataOutStage)
    USBD_LL_DevConnected                     0x0800b04b   Thumb Code     6  usbd_core.o(i.USBD_LL_DevConnected)
    USBD_LL_DevDisconnected                  0x0800b051   Thumb Code    38  usbd_core.o(i.USBD_LL_DevDisconnected)
    USBD_LL_GetRxDataSize                    0x0800b077   Thumb Code    18  usbd_conf.o(i.USBD_LL_GetRxDataSize)
    USBD_LL_Init                             0x0800b089   Thumb Code   100  usbd_conf.o(i.USBD_LL_Init)
    USBD_LL_IsStallEP                        0x0800b0f1   Thumb Code    56  usbd_conf.o(i.USBD_LL_IsStallEP)
    USBD_LL_IsoINIncomplete                  0x0800b129   Thumb Code    72  usbd_core.o(i.USBD_LL_IsoINIncomplete)
    USBD_LL_IsoOUTIncomplete                 0x0800b171   Thumb Code    72  usbd_core.o(i.USBD_LL_IsoOUTIncomplete)
    USBD_LL_OpenEP                           0x0800b1b9   Thumb Code    48  usbd_conf.o(i.USBD_LL_OpenEP)
    USBD_LL_PrepareReceive                   0x0800b1e9   Thumb Code    48  usbd_conf.o(i.USBD_LL_PrepareReceive)
    USBD_LL_Reset                            0x0800b219   Thumb Code   108  usbd_core.o(i.USBD_LL_Reset)
    USBD_LL_Resume                           0x0800b285   Thumb Code    22  usbd_core.o(i.USBD_LL_Resume)
    USBD_LL_SOF                              0x0800b29b   Thumb Code    40  usbd_core.o(i.USBD_LL_SOF)
    USBD_LL_SetSpeed                         0x0800b2c3   Thumb Code     8  usbd_core.o(i.USBD_LL_SetSpeed)
    USBD_LL_SetUSBAddress                    0x0800b2cb   Thumb Code    38  usbd_conf.o(i.USBD_LL_SetUSBAddress)
    USBD_LL_SetupStage                       0x0800b2f1   Thumb Code   118  usbd_core.o(i.USBD_LL_SetupStage)
    USBD_LL_StallEP                          0x0800b367   Thumb Code    38  usbd_conf.o(i.USBD_LL_StallEP)
    USBD_LL_Start                            0x0800b38d   Thumb Code    30  usbd_conf.o(i.USBD_LL_Start)
    USBD_LL_Suspend                          0x0800b3ab   Thumb Code    28  usbd_core.o(i.USBD_LL_Suspend)
    USBD_LL_Transmit                         0x0800b3c7   Thumb Code    48  usbd_conf.o(i.USBD_LL_Transmit)
    USBD_ParseSetupRequest                   0x0800b3f7   Thumb Code    54  usbd_ctlreq.o(i.USBD_ParseSetupRequest)
    USBD_RegisterClass                       0x0800b42d   Thumb Code    72  usbd_core.o(i.USBD_RegisterClass)
    USBD_RunTestMode                         0x0800b475   Thumb Code     6  usbd_core.o(i.USBD_RunTestMode)
    USBD_SetClassConfig                      0x0800b4d5   Thumb Code    32  usbd_core.o(i.USBD_SetClassConfig)
    USBD_Start                               0x0800b631   Thumb Code    12  usbd_core.o(i.USBD_Start)
    USBD_StdDevReq                           0x0800b63d   Thumb Code   174  usbd_ctlreq.o(i.USBD_StdDevReq)
    USBD_StdEPReq                            0x0800b6eb   Thumb Code   640  usbd_ctlreq.o(i.USBD_StdEPReq)
    USBD_StdItfReq                           0x0800b96b   Thumb Code   174  usbd_ctlreq.o(i.USBD_StdItfReq)
    USBD_static_free                         0x0800ba19   Thumb Code     2  usbd_conf.o(i.USBD_static_free)
    USBD_static_malloc                       0x0800ba1d   Thumb Code     6  usbd_conf.o(i.USBD_static_malloc)
    USB_ActivateEndpoint                     0x0800ba29   Thumb Code   202  stm32f4xx_ll_usb.o(i.USB_ActivateEndpoint)
    USB_ActivateSetup                        0x0800baf9   Thumb Code    40  stm32f4xx_ll_usb.o(i.USB_ActivateSetup)
    USB_CoreInit                             0x0800bb21   Thumb Code   136  stm32f4xx_ll_usb.o(i.USB_CoreInit)
    USB_DeactivateEndpoint                   0x0800bc01   Thumb Code   318  stm32f4xx_ll_usb.o(i.USB_DeactivateEndpoint)
    USB_DevConnect                           0x0800bd4d   Thumb Code    36  stm32f4xx_ll_usb.o(i.USB_DevConnect)
    USB_DevDisconnect                        0x0800bd71   Thumb Code    36  stm32f4xx_ll_usb.o(i.USB_DevDisconnect)
    USB_DevInit                              0x0800bd95   Thumb Code   480  stm32f4xx_ll_usb.o(i.USB_DevInit)
    USB_DisableGlobalInt                     0x0800bf7d   Thumb Code    14  stm32f4xx_ll_usb.o(i.USB_DisableGlobalInt)
    USB_EP0_OutStart                         0x0800bf8d   Thumb Code   106  stm32f4xx_ll_usb.o(i.USB_EP0_OutStart)
    USB_EPClearStall                         0x0800bffd   Thumb Code   142  stm32f4xx_ll_usb.o(i.USB_EPClearStall)
    USB_EPSetStall                           0x0800c08b   Thumb Code   154  stm32f4xx_ll_usb.o(i.USB_EPSetStall)
    USB_EPStartXfer                          0x0800c125   Thumb Code   944  stm32f4xx_ll_usb.o(i.USB_EPStartXfer)
    USB_EPStopXfer                           0x0800c4d9   Thumb Code   236  stm32f4xx_ll_usb.o(i.USB_EPStopXfer)
    USB_EnableGlobalInt                      0x0800c5c5   Thumb Code    14  stm32f4xx_ll_usb.o(i.USB_EnableGlobalInt)
    USB_FlushRxFifo                          0x0800c5d3   Thumb Code    80  stm32f4xx_ll_usb.o(i.USB_FlushRxFifo)
    USB_FlushTxFifo                          0x0800c623   Thumb Code    84  stm32f4xx_ll_usb.o(i.USB_FlushTxFifo)
    USB_GetDevSpeed                          0x0800c677   Thumb Code    38  stm32f4xx_ll_usb.o(i.USB_GetDevSpeed)
    USB_GetMode                              0x0800c69d   Thumb Code    10  stm32f4xx_ll_usb.o(i.USB_GetMode)
    USB_ReadDevAllInEpInterrupt              0x0800c6a7   Thumb Code    20  stm32f4xx_ll_usb.o(i.USB_ReadDevAllInEpInterrupt)
    USB_ReadDevAllOutEpInterrupt             0x0800c6bb   Thumb Code    20  stm32f4xx_ll_usb.o(i.USB_ReadDevAllOutEpInterrupt)
    USB_ReadDevInEPInterrupt                 0x0800c6cf   Thumb Code    50  stm32f4xx_ll_usb.o(i.USB_ReadDevInEPInterrupt)
    USB_ReadDevOutEPInterrupt                0x0800c701   Thumb Code    26  stm32f4xx_ll_usb.o(i.USB_ReadDevOutEPInterrupt)
    USB_ReadInterrupts                       0x0800c71b   Thumb Code    10  stm32f4xx_ll_usb.o(i.USB_ReadInterrupts)
    USB_ReadPacket                           0x0800c725   Thumb Code    96  stm32f4xx_ll_usb.o(i.USB_ReadPacket)
    USB_SetCurrentMode                       0x0800c785   Thumb Code   104  stm32f4xx_ll_usb.o(i.USB_SetCurrentMode)
    USB_SetDevAddress                        0x0800c7ed   Thumb Code    42  stm32f4xx_ll_usb.o(i.USB_SetDevAddress)
    USB_SetDevSpeed                          0x0800c817   Thumb Code    18  stm32f4xx_ll_usb.o(i.USB_SetDevSpeed)
    USB_SetTurnaroundTime                    0x0800c829   Thumb Code   192  stm32f4xx_ll_usb.o(i.USB_SetTurnaroundTime)
    USB_WritePacket                          0x0800c911   Thumb Code    68  stm32f4xx_ll_usb.o(i.USB_WritePacket)
    UsageFault_Handler                       0x0800c955   Thumb Code     4  stm32f4xx_it.o(i.UsageFault_Handler)
    Verify_CRC16_Check_Sum                   0x0800c959   Thumb Code    60  usbd_cdc_if.o(i.Verify_CRC16_Check_Sum)
    __ARM_fpclassifyf                        0x0800c995   Thumb Code    38  fpclassifyf.o(i.__ARM_fpclassifyf)
    __hardfp_asinf                           0x0800c9f5   Thumb Code   258  asinf.o(i.__hardfp_asinf)
    __hardfp_atan2f                          0x0800cb21   Thumb Code   502  atan2f.o(i.__hardfp_atan2f)
    __hardfp_sqrt                            0x0800cd71   Thumb Code   122  sqrt.o(i.__hardfp_sqrt)
    __mathlib_flt_infnan                     0x0800cdeb   Thumb Code     6  funder.o(i.__mathlib_flt_infnan)
    __mathlib_flt_infnan2                    0x0800cdf1   Thumb Code     6  funder.o(i.__mathlib_flt_infnan2)
    __mathlib_flt_invalid                    0x0800cdf9   Thumb Code    10  funder.o(i.__mathlib_flt_invalid)
    __mathlib_flt_underflow                  0x0800ce09   Thumb Code    10  funder.o(i.__mathlib_flt_underflow)
    __scatterload_copy                       0x0800ce19   Thumb Code    14  handlers.o(i.__scatterload_copy)
    __scatterload_null                       0x0800ce27   Thumb Code     2  handlers.o(i.__scatterload_null)
    __scatterload_zeroinit                   0x0800ce29   Thumb Code    14  handlers.o(i.__scatterload_zeroinit)
    __set_errno                              0x0800ce39   Thumb Code     6  errno.o(i.__set_errno)
    asinf                                    0x0800ce45   Thumb Code    16  asinf.o(i.asinf)
    atan2f                                   0x0800ce55   Thumb Code    20  atan2f.o(i.atan2f)
    bmi088_accel_init                        0x0800ce69   Thumb Code   302  bmi088driver.o(i.bmi088_accel_init)
    bmi088_accel_self_test                   0x0800cf9d   Thumb Code   760  bmi088driver.o(i.bmi088_accel_self_test)
    bmi088_gyro_init                         0x0800d299   Thumb Code   238  bmi088driver.o(i.bmi088_gyro_init)
    bmi088_gyro_self_test                    0x0800d38d   Thumb Code   208  bmi088driver.o(i.bmi088_gyro_self_test)
    can_filter_init                          0x0800d45d   Thumb Code    84  bsp_can.o(i.can_filter_init)
    cdc_vcp_data_rx                          0x0800d4b9   Thumb Code   300  usbd_cdc_if.o(i.cdc_vcp_data_rx)
    delay_init                               0x0800d605   Thumb Code    32  delay.o(i.delay_init)
    delay_ms                                 0x0800d635   Thumb Code    76  delay.o(i.delay_ms)
    delay_us                                 0x0800d685   Thumb Code    76  delay.o(i.delay_us)
    fabs                                     0x0800d6d5   Thumb Code    24  fabs.o(i.fabs)
    get_angle                                0x0800d6ed   Thumb Code   342  bsp_imu.o(i.get_angle)
    get_gimbal_motor_measure_point           0x0800d845   Thumb Code    10  can_receive.o(i.get_gimbal_motor_measure_point)
    get_motor_measure                        0x0800d855   Thumb Code    46  can_receive.o(i.get_motor_measure)
    get_remote_control_point                 0x0800d885   Thumb Code     4  remote_control.o(i.get_remote_control_point)
    gimbal_init                              0x0800d88d   Thumb Code   154  gimbal.o(i.gimbal_init)
    imu_pwm_set                              0x0800dbd9   Thumb Code     8  bsp_imu_pwm.o(i.imu_pwm_set)
    int16_abs                                0x0800dc89   Thumb Code    16  math.o(i.int16_abs)
    invSqrt                                  0x0800dc99   Thumb Code    56  mahonyahrs.o(i.invSqrt)
    ist8310_IIC_read_muli_reg                0x0800dcd5   Thumb Code    30  ist8310driver_middleware.o(i.ist8310_IIC_read_muli_reg)
    ist8310_read_mag                         0x0800dcf9   Thumb Code   136  ist8310driver.o(i.ist8310_read_mag)
    main                                     0x0800dd85   Thumb Code   108  main.o(i.main)
    remote_control_init                      0x0800de01   Thumb Code    16  remote_control.o(i.remote_control_init)
    sqrtf                                    0x0800df0d   Thumb Code    62  sqrtf.o(i.sqrtf)
    update_angle                             0x0800df4d   Thumb Code   186  can_receive.o(i.update_angle)
    AHBPrescTable                            0x0800e018   Data          16  system_stm32f4xx.o(.constdata)
    APBPrescTable                            0x0800e028   Data           8  system_stm32f4xx.o(.constdata)
    Region$$Table$$Base                      0x0800e284   Number         0  anon$$obj.o(Region$$Table)
    Region$$Table$$Limit                     0x0800e2a4   Number         0  anon$$obj.o(Region$$Table)
    uwTick                                   0x20000004   Data           4  stm32f4xx_hal.o(.data)
    uwTickPrio                               0x20000008   Data           4  stm32f4xx_hal.o(.data)
    uwTickFreq                               0x2000000c   Data           1  stm32f4xx_hal.o(.data)
    SystemCoreClock                          0x20000010   Data           4  system_stm32f4xx.o(.data)
    gyro_dma_rx_buf                          0x20000014   Data           8  bsp_imu.o(.data)
    gyro_dma_tx_buf                          0x2000001c   Data           8  bsp_imu.o(.data)
    accel_dma_tx_buf                         0x20000024   Data           9  bsp_imu.o(.data)
    accel_temp_dma_rx_buf                    0x2000002d   Data           4  bsp_imu.o(.data)
    accel_temp_dma_tx_buf                    0x20000031   Data           4  bsp_imu.o(.data)
    gyro_update_flag                         0x20000035   Data           1  bsp_imu.o(.data)
    accel_update_flag                        0x20000036   Data           1  bsp_imu.o(.data)
    accel_temp_update_flag                   0x20000037   Data           1  bsp_imu.o(.data)
    mag_update_flag                          0x20000038   Data           1  bsp_imu.o(.data)
    imu_start_dma_flag                       0x20000039   Data           1  bsp_imu.o(.data)
    gyro_scale_factor                        0x2000003c   Data          36  bsp_imu.o(.data)
    accel_scale_factor                       0x20000060   Data          36  bsp_imu.o(.data)
    mag_scale_factor                         0x20000084   Data          36  bsp_imu.o(.data)
    s                                        0x200000b0   Data           1  bsp_imu.o(.data)
    rxup_flag                                0x200000cc   Data           4  can_receive.o(.data)
    watch_can                                0x200000d0   Data           4  can_receive.o(.data)
    watch_can_2                              0x200000d4   Data           4  can_receive.o(.data)
    Transmission_Mode                        0x200000d8   Data           4  remote_control.o(.data)
    twoKp                                    0x200000e0   Data           4  mahonyahrs.o(.data)
    twoKi                                    0x200000e4   Data           4  mahonyahrs.o(.data)
    integralFBx                              0x200000e8   Data           4  mahonyahrs.o(.data)
    integralFBy                              0x200000ec   Data           4  mahonyahrs.o(.data)
    integralFBz                              0x200000f0   Data           4  mahonyahrs.o(.data)
    watch_can_comm                           0x2000011c   Data           4  can_comm.o(.data)
    see_imu_1                                0x20000120   Data           4  can_comm.o(.data)
    see_imu_2                                0x20000124   Data           4  can_comm.o(.data)
    x                                        0x20000128   Data           4  can_comm.o(.data)
    y                                        0x2000012c   Data           4  can_comm.o(.data)
    z                                        0x20000130   Data           4  can_comm.o(.data)
    num_IMU                                  0x20000134   Data           2  can_comm.o(.data)
    yaw                                      0x20000138   Data           4  can_comm.o(.data)
    tray                                     0x2000013c   Data           4  can_comm.o(.data)
    s1                                       0x20000140   Data           4  can_comm.o(.data)
    s2                                       0x20000144   Data           4  can_comm.o(.data)
    num_flag                                 0x20000148   Data           4  mode.o(.data)
    IMU_cnt                                  0x2000014c   Data           4  mode.o(.data)
    start_flag                               0x20000150   Data           4  mode.o(.data)
    MS_Count                                 0x20000154   Data           4  mode.o(.data)
    speed_g1                                 0x20000158   Data           4  mode.o(.data)
    speed_g2                                 0x2000015c   Data           4  mode.o(.data)
    speed_g3                                 0x20000160   Data           4  mode.o(.data)
    mode_s                                   0x20000164   Data           4  mode.o(.data)
    Mode                                     0x20000168   Data           1  mode.o(.data)
    V_Mode                                   0x20000169   Data           1  mode.o(.data)
    BMI088_ACCEL_SEN                         0x2000016c   Data           4  bmi088driver.o(.data)
    BMI088_GYRO_SEN                          0x20000170   Data           4  bmi088driver.o(.data)
    FS_Desc                                  0x20000198   Data          28  usbd_desc.o(.data)
    USBD_FS_DeviceDesc                       0x200001b4   Data          18  usbd_desc.o(.data)
    USBD_LangIDDesc                          0x200001c8   Data           4  usbd_desc.o(.data)
    USBD_StringSerial                        0x200001cc   Data          26  usbd_desc.o(.data)
    USBD_Interface_fops_FS                   0x200001e8   Data          20  usbd_cdc_if.o(.data)
    mode_flag                                0x200001fc   Data           2  usbd_cdc_if.o(.data)
    top_flag                                 0x200001fe   Data           2  usbd_cdc_if.o(.data)
    shoot_flag                               0x20000200   Data           2  usbd_cdc_if.o(.data)
    start_receive_flag                       0x20000202   Data           1  usbd_cdc_if.o(.data)
    USBD_CDC                                 0x20000210   Data          56  usbd_cdc.o(.data)
    hcan1                                    0x20000294   Data          40  can.o(.bss)
    hcan2                                    0x200002bc   Data          40  can.o(.bss)
    hi2c3                                    0x200002e4   Data          84  i2c.o(.bss)
    hspi1                                    0x20000338   Data          88  spi.o(.bss)
    hdma_spi1_rx                             0x20000390   Data          96  spi.o(.bss)
    hdma_spi1_tx                             0x200003f0   Data          96  spi.o(.bss)
    htim2                                    0x20000450   Data          72  tim.o(.bss)
    htim3                                    0x20000498   Data          72  tim.o(.bss)
    htim10                                   0x200004e0   Data          72  tim.o(.bss)
    huart2                                   0x20000528   Data          72  usart.o(.bss)
    huart3                                   0x20000570   Data          72  usart.o(.bss)
    hdma_usart2_rx                           0x200005b8   Data          96  usart.o(.bss)
    hdma_usart3_rx                           0x20000618   Data          96  usart.o(.bss)
    accel_dma_rx_buf                         0x20000678   Data           9  bsp_imu.o(.bss)
    bmi088_real_data                         0x20000684   Data          36  bsp_imu.o(.bss)
    ist8310_real_data                        0x200006a8   Data          16  bsp_imu.o(.bss)
    gyro_offset                              0x200006b8   Data          12  bsp_imu.o(.bss)
    gyro_cali_offset                         0x200006c4   Data          12  bsp_imu.o(.bss)
    accel_offset                             0x200006d0   Data          12  bsp_imu.o(.bss)
    accel_cali_offset                        0x200006dc   Data          12  bsp_imu.o(.bss)
    mag_offset                               0x200006e8   Data          12  bsp_imu.o(.bss)
    mag_cali_offset                          0x200006f4   Data          12  bsp_imu.o(.bss)
    INS_gyro                                 0x20000770   Data          12  bsp_imu.o(.bss)
    INS_quat                                 0x20000794   Data          16  bsp_imu.o(.bss)
    INS_angle                                0x200007a4   Data          12  bsp_imu.o(.bss)
    gimbal_y                                 0x200007b0   Data         292  bsp_imu.o(.bss)
    gimbal_r                                 0x200008d4   Data         292  bsp_imu.o(.bss)
    rc_shoot                                 0x20000af0   Data         376  gimbal.o(.bss)
    shoot                                    0x20000c68   Data         312  gimbal.o(.bss)
    gimbal_p                                 0x20000da0   Data         460  gimbal.o(.bss)
    gimbal_move                              0x20000f6c   Data         668  gimbal.o(.bss)
    rc_ctrl                                  0x20001208   Data          22  remote_control.o(.bss)
    global_ctrl                              0x2000121e   Data          22  remote_control.o(.bss)
    rc_sent                                  0x20001234   Data          28  remote_control.o(.bss)
    rc_data                                  0x20001250   Data          22  remote_control.o(.bss)
    vision_sent                              0x200012b0   Data          20  vision_task.o(.bss)
    chassis_tx                               0x200012c4   Data          16  can_comm.o(.bss)
    hUsbDeviceFS                             0x20001394   Data         732  usb_device.o(.bss)
    USBD_StrDesc                             0x20001670   Data         512  usbd_desc.o(.bss)
    usb_tx                                   0x20001870   Data          17  usbd_cdc_if.o(.bss)
    usb_rx                                   0x20001881   Data          17  usbd_cdc_if.o(.bss)
    UserRxBufferFS                           0x20001892   Data        2048  usbd_cdc_if.o(.bss)
    UserTxBufferFS                           0x20002092   Data        2048  usbd_cdc_if.o(.bss)
    usbtemp                                  0x20002892   Data          64  usbd_cdc_if.o(.bss)
    Buffer                                   0x200028d2   Data          20  usbd_cdc_if.o(.bss)
    receive_data                             0x200028e6   Data          36  usbd_cdc_if.o(.bss)
    pack_rx                                  0x2000290a   Data          17  usbd_cdc_if.o(.bss)
    hpcd_USB_OTG_FS                          0x2000291c   Data        1252  usbd_conf.o(.bss)
    __initial_sp                             0x20003420   Data           0  startup_stm32f407xx.o(STACK)



==============================================================================

Memory Map of the image

  Image Entry point : 0x08000189

  Load Region LR_IROM1 (Base: 0x08000000, Size: 0x0000e538, Max: 0x00100000, ABSOLUTE, COMPRESSED[0x0000e3b0])

    Execution Region ER_IROM1 (Exec base: 0x08000000, Load base: 0x08000000, Size: 0x0000e2a4, Max: 0x00100000, ABSOLUTE)

    Exec Addr    Load Addr    Size         Type   Attr      Idx    E Section Name        Object

    0x08000000   0x08000000   0x00000188   Data   RO            3    RESET               startup_stm32f407xx.o
    0x08000188   0x08000188   0x00000000   Code   RO         7492  * .ARM.Collect$$$$00000000  mc_w.l(entry.o)
    0x08000188   0x08000188   0x00000004   Code   RO         7565    .ARM.Collect$$$$00000001  mc_w.l(entry2.o)
    0x0800018c   0x0800018c   0x00000004   Code   RO         7568    .ARM.Collect$$$$00000004  mc_w.l(entry5.o)
    0x08000190   0x08000190   0x00000000   Code   RO         7570    .ARM.Collect$$$$00000008  mc_w.l(entry7b.o)
    0x08000190   0x08000190   0x00000000   Code   RO         7572    .ARM.Collect$$$$0000000A  mc_w.l(entry8b.o)
    0x08000190   0x08000190   0x00000008   Code   RO         7573    .ARM.Collect$$$$0000000B  mc_w.l(entry9a.o)
    0x08000198   0x08000198   0x00000000   Code   RO         7575    .ARM.Collect$$$$0000000D  mc_w.l(entry10a.o)
    0x08000198   0x08000198   0x00000000   Code   RO         7577    .ARM.Collect$$$$0000000F  mc_w.l(entry11a.o)
    0x08000198   0x08000198   0x00000004   Code   RO         7566    .ARM.Collect$$$$00002712  mc_w.l(entry2.o)
    0x0800019c   0x0800019c   0x00000024   Code   RO            4    .text               startup_stm32f407xx.o
    0x080001c0   0x080001c0   0x00000062   Code   RO         7495    .text               mc_w.l(uldiv.o)
    0x08000222   0x08000222   0x00000024   Code   RO         7497    .text               mc_w.l(memcpya.o)
    0x08000246   0x08000246   0x00000024   Code   RO         7499    .text               mc_w.l(memseta.o)
    0x0800026a   0x0800026a   0x00000026   Code   RO         7531    .text               mf_w.l(f2d.o)
    0x08000290   0x08000290   0x00000038   Code   RO         7535    .text               mf_w.l(d2f.o)
    0x080002c8   0x080002c8   0x0000001e   Code   RO         7584    .text               mc_w.l(llshl.o)
    0x080002e6   0x080002e6   0x00000020   Code   RO         7586    .text               mc_w.l(llushr.o)
    0x08000306   0x08000306   0x00000000   Code   RO         7595    .text               mc_w.l(iusefp.o)
    0x08000306   0x08000306   0x0000006e   Code   RO         7596    .text               mf_w.l(fepilogue.o)
    0x08000374   0x08000374   0x000000a2   Code   RO         7604    .text               mf_w.l(dsqrt.o)
    0x08000416   0x08000416   0x00000002   PAD
    0x08000418   0x08000418   0x00000024   Code   RO         7610    .text               mc_w.l(init.o)
    0x0800043c   0x0800043c   0x000000ba   Code   RO         7616    .text               mf_w.l(depilogue.o)
    0x080004f6   0x080004f6   0x00000056   Code   RO         7626    .text               mc_w.l(__dczerorl2.o)
    0x0800054c   0x0800054c   0x00000028   Code   RO         5024    i.AHRS_init         bsp_imu.o
    0x08000574   0x08000574   0x00000064   Code   RO         5025    i.AHRS_update       bsp_imu.o
    0x080005d8   0x080005d8   0x00000014   Code   RO         6396    i.BMI088_ACCEL_NS_H  bmi088middleware.o
    0x080005ec   0x080005ec   0x00000014   Code   RO         6397    i.BMI088_ACCEL_NS_L  bmi088middleware.o
    0x08000600   0x08000600   0x00000002   Code   RO         6398    i.BMI088_GPIO_init  bmi088middleware.o
    0x08000602   0x08000602   0x00000002   PAD
    0x08000604   0x08000604   0x00000014   Code   RO         6399    i.BMI088_GYRO_NS_H  bmi088middleware.o
    0x08000618   0x08000618   0x00000014   Code   RO         6400    i.BMI088_GYRO_NS_L  bmi088middleware.o
    0x0800062c   0x0800062c   0x00000090   Code   RO         6260    i.BMI088_accel_read_over  bmi088driver.o
    0x080006bc   0x080006bc   0x00000002   Code   RO         6401    i.BMI088_com_init   bmi088middleware.o
    0x080006be   0x080006be   0x0000000c   Code   RO         6402    i.BMI088_delay_ms   bmi088middleware.o
    0x080006ca   0x080006ca   0x0000000c   Code   RO         6403    i.BMI088_delay_us   bmi088middleware.o
    0x080006d6   0x080006d6   0x00000002   PAD
    0x080006d8   0x080006d8   0x00000068   Code   RO         6261    i.BMI088_gyro_read_over  bmi088driver.o
    0x08000740   0x08000740   0x00000034   Code   RO         6262    i.BMI088_init       bmi088driver.o
    0x08000774   0x08000774   0x0000017c   Code   RO         6263    i.BMI088_read       bmi088driver.o
    0x080008f0   0x080008f0   0x00000026   Code   RO         6266    i.BMI088_read_muli_reg  bmi088driver.o
    0x08000916   0x08000916   0x00000018   Code   RO         6267    i.BMI088_read_single_reg  bmi088driver.o
    0x0800092e   0x0800092e   0x00000002   PAD
    0x08000930   0x08000930   0x00000020   Code   RO         6404    i.BMI088_read_write_byte  bmi088middleware.o
    0x08000950   0x08000950   0x00000034   Code   RO         6268    i.BMI088_temperature_read_over  bmi088driver.o
    0x08000984   0x08000984   0x00000014   Code   RO         6269    i.BMI088_write_single_reg  bmi088driver.o
    0x08000998   0x08000998   0x00000004   Code   RO          554    i.BusFault_Handler  stm32f4xx_it.o
    0x0800099c   0x0800099c   0x00000010   Code   RO          555    i.CAN1_RX0_IRQHandler  stm32f4xx_it.o
    0x080009ac   0x080009ac   0x00000010   Code   RO          556    i.CAN1_TX_IRQHandler  stm32f4xx_it.o
    0x080009bc   0x080009bc   0x00000010   Code   RO          557    i.CAN2_RX0_IRQHandler  stm32f4xx_it.o
    0x080009cc   0x080009cc   0x00000090   Code   RO         5959    i.CANTX_XYZ_IMU     can_comm.o
    0x08000a5c   0x08000a5c   0x00000050   Code   RO         5962    i.CAN_COMM_XYZ_IMU  can_comm.o
    0x08000aac   0x08000aac   0x00000044   Code   RO         6700    i.CDC_Control_FS    usbd_cdc_if.o
    0x08000af0   0x08000af0   0x00000004   Code   RO         6701    i.CDC_DeInit_FS     usbd_cdc_if.o
    0x08000af4   0x08000af4   0x00000024   Code   RO         6702    i.CDC_Init_FS       usbd_cdc_if.o
    0x08000b18   0x08000b18   0x00000030   Code   RO         6703    i.CDC_Receive_FS    usbd_cdc_if.o
    0x08000b48   0x08000b48   0x0000000c   Code   RO         6704    i.CDC_TransmitCplt_FS  usbd_cdc_if.o
    0x08000b54   0x08000b54   0x00000010   Code   RO          558    i.DMA1_Stream1_IRQHandler  stm32f4xx_it.o
    0x08000b64   0x08000b64   0x00000010   Code   RO          559    i.DMA1_Stream5_IRQHandler  stm32f4xx_it.o
    0x08000b74   0x08000b74   0x00000898   Code   RO         5026    i.DMA2_Stream2_IRQHandler  bsp_imu.o
    0x0800140c   0x0800140c   0x00000010   Code   RO          560    i.DMA2_Stream3_IRQHandler  stm32f4xx_it.o
    0x0800141c   0x0800141c   0x00000034   Code   RO         1832    i.DMA_CalcBaseAndBitshift  stm32f4xx_hal_dma.o
    0x08001450   0x08001450   0x000000aa   Code   RO         1833    i.DMA_CheckFifoParam  stm32f4xx_hal_dma.o
    0x080014fa   0x080014fa   0x00000002   Code   RO          561    i.DebugMon_Handler  stm32f4xx_it.o
    0x080014fc   0x080014fc   0x0000000a   Code   RO          562    i.EXTI0_IRQHandler  stm32f4xx_it.o
    0x08001506   0x08001506   0x0000000a   Code   RO          563    i.EXTI3_IRQHandler  stm32f4xx_it.o
    0x08001510   0x08001510   0x0000000a   Code   RO          564    i.EXTI4_IRQHandler  stm32f4xx_it.o
    0x0800151a   0x0800151a   0x0000000a   Code   RO          565    i.EXTI9_5_IRQHandler  stm32f4xx_it.o
    0x08001524   0x08001524   0x00000006   Code   RO           13    i.Error_Handler     main.o
    0x0800152a   0x0800152a   0x00000002   PAD
    0x0800152c   0x0800152c   0x00000034   Code   RO         6706    i.Get_CRC16_Check_Sum  usbd_cdc_if.o
    0x08001560   0x08001560   0x00000034   Code   RO         6609    i.Get_SerialNum     usbd_desc.o
    0x08001594   0x08001594   0x0000002a   Code   RO         2517    i.HAL_CAN_ActivateNotification  stm32f4xx_hal_can.o
    0x080015be   0x080015be   0x0000014a   Code   RO         2518    i.HAL_CAN_AddTxMessage  stm32f4xx_hal_can.o
    0x08001708   0x08001708   0x00000124   Code   RO         2519    i.HAL_CAN_ConfigFilter  stm32f4xx_hal_can.o
    0x0800182c   0x0800182c   0x00000002   Code   RO         2522    i.HAL_CAN_ErrorCallback  stm32f4xx_hal_can.o
    0x0800182e   0x0800182e   0x00000194   Code   RO         2525    i.HAL_CAN_GetRxMessage  stm32f4xx_hal_can.o
    0x080019c2   0x080019c2   0x0000024e   Code   RO         2529    i.HAL_CAN_IRQHandler  stm32f4xx_hal_can.o
    0x08001c10   0x08001c10   0x00000174   Code   RO         2530    i.HAL_CAN_Init      stm32f4xx_hal_can.o
    0x08001d84   0x08001d84   0x00000170   Code   RO          290    i.HAL_CAN_MspInit   can.o
    0x08001ef4   0x08001ef4   0x00000002   Code   RO         2537    i.HAL_CAN_RxFifo0FullCallback  stm32f4xx_hal_can.o
    0x08001ef6   0x08001ef6   0x00000002   PAD
    0x08001ef8   0x08001ef8   0x000000c0   Code   RO         5437    i.HAL_CAN_RxFifo0MsgPendingCallback  can_receive.o
    0x08001fb8   0x08001fb8   0x00000002   Code   RO         2539    i.HAL_CAN_RxFifo1FullCallback  stm32f4xx_hal_can.o
    0x08001fba   0x08001fba   0x00000002   Code   RO         2540    i.HAL_CAN_RxFifo1MsgPendingCallback  stm32f4xx_hal_can.o
    0x08001fbc   0x08001fbc   0x00000002   Code   RO         2541    i.HAL_CAN_SleepCallback  stm32f4xx_hal_can.o
    0x08001fbe   0x08001fbe   0x0000005e   Code   RO         2542    i.HAL_CAN_Start     stm32f4xx_hal_can.o
    0x0800201c   0x0800201c   0x00000002   Code   RO         2544    i.HAL_CAN_TxMailbox0AbortCallback  stm32f4xx_hal_can.o
    0x0800201e   0x0800201e   0x00000002   Code   RO         2545    i.HAL_CAN_TxMailbox0CompleteCallback  stm32f4xx_hal_can.o
    0x08002020   0x08002020   0x00000002   Code   RO         2546    i.HAL_CAN_TxMailbox1AbortCallback  stm32f4xx_hal_can.o
    0x08002022   0x08002022   0x00000002   Code   RO         2547    i.HAL_CAN_TxMailbox1CompleteCallback  stm32f4xx_hal_can.o
    0x08002024   0x08002024   0x00000002   Code   RO         2548    i.HAL_CAN_TxMailbox2AbortCallback  stm32f4xx_hal_can.o
    0x08002026   0x08002026   0x00000002   Code   RO         2549    i.HAL_CAN_TxMailbox2CompleteCallback  stm32f4xx_hal_can.o
    0x08002028   0x08002028   0x00000002   Code   RO         2551    i.HAL_CAN_WakeUpFromRxMsgCallback  stm32f4xx_hal_can.o
    0x0800202a   0x0800202a   0x00000002   PAD
    0x0800202c   0x0800202c   0x00000240   Code   RO         1840    i.HAL_DMA_IRQHandler  stm32f4xx_hal_dma.o
    0x0800226c   0x0800226c   0x000000ec   Code   RO         1841    i.HAL_DMA_Init      stm32f4xx_hal_dma.o
    0x08002358   0x08002358   0x00000028   Code   RO         2265    i.HAL_Delay         stm32f4xx_hal.o
    0x08002380   0x08002380   0x00000098   Code   RO         5027    i.HAL_GPIO_EXTI_Callback  bsp_imu.o
    0x08002418   0x08002418   0x0000001c   Code   RO         1727    i.HAL_GPIO_EXTI_IRQHandler  stm32f4xx_hal_gpio.o
    0x08002434   0x08002434   0x000001f4   Code   RO         1728    i.HAL_GPIO_Init     stm32f4xx_hal_gpio.o
    0x08002628   0x08002628   0x0000000c   Code   RO         1732    i.HAL_GPIO_WritePin  stm32f4xx_hal_gpio.o
    0x08002634   0x08002634   0x0000000c   Code   RO         2271    i.HAL_GetTick       stm32f4xx_hal.o
    0x08002640   0x08002640   0x000001d0   Code   RO         2761    i.HAL_I2C_Init      stm32f4xx_hal_i2c.o
    0x08002810   0x08002810   0x00000308   Code   RO         2779    i.HAL_I2C_Mem_Read  stm32f4xx_hal_i2c.o
    0x08002b18   0x08002b18   0x000000c8   Code   RO          363    i.HAL_I2C_MspInit   i2c.o
    0x08002be0   0x08002be0   0x00000018   Code   RO         2277    i.HAL_IncTick       stm32f4xx_hal.o
    0x08002bf8   0x08002bf8   0x0000003c   Code   RO         2278    i.HAL_Init          stm32f4xx_hal.o
    0x08002c34   0x08002c34   0x0000004c   Code   RO         2279    i.HAL_InitTick      stm32f4xx_hal.o
    0x08002c80   0x08002c80   0x00000048   Code   RO          708    i.HAL_MspInit       stm32f4xx_hal_msp.o
    0x08002cc8   0x08002cc8   0x00000028   Code   RO         2118    i.HAL_NVIC_EnableIRQ  stm32f4xx_hal_cortex.o
    0x08002cf0   0x08002cf0   0x0000007c   Code   RO         2124    i.HAL_NVIC_SetPriority  stm32f4xx_hal_cortex.o
    0x08002d6c   0x08002d6c   0x00000028   Code   RO         2125    i.HAL_NVIC_SetPriorityGrouping  stm32f4xx_hal_cortex.o
    0x08002d94   0x08002d94   0x00000002   Code   RO          976    i.HAL_PCDEx_LPM_Callback  stm32f4xx_hal_pcd_ex.o
    0x08002d96   0x08002d96   0x0000000a   Code   RO          977    i.HAL_PCDEx_SetRxFiFo  stm32f4xx_hal_pcd_ex.o
    0x08002da0   0x08002da0   0x0000004e   Code   RO          978    i.HAL_PCDEx_SetTxFiFo  stm32f4xx_hal_pcd_ex.o
    0x08002dee   0x08002dee   0x0000000e   Code   RO         6816    i.HAL_PCD_ConnectCallback  usbd_conf.o
    0x08002dfc   0x08002dfc   0x00000020   Code   RO         6817    i.HAL_PCD_DataInStageCallback  usbd_conf.o
    0x08002e1c   0x08002e1c   0x00000020   Code   RO         6818    i.HAL_PCD_DataOutStageCallback  usbd_conf.o
    0x08002e3c   0x08002e3c   0x0000000e   Code   RO         6819    i.HAL_PCD_DisconnectCallback  usbd_conf.o
    0x08002e4a   0x08002e4a   0x00000042   Code   RO          741    i.HAL_PCD_EP_Abort  stm32f4xx_hal_pcd.o
    0x08002e8c   0x08002e8c   0x0000006a   Code   RO          742    i.HAL_PCD_EP_Close  stm32f4xx_hal_pcd.o
    0x08002ef6   0x08002ef6   0x0000007c   Code   RO          743    i.HAL_PCD_EP_ClrStall  stm32f4xx_hal_pcd.o
    0x08002f72   0x08002f72   0x00000016   Code   RO          745    i.HAL_PCD_EP_GetRxCount  stm32f4xx_hal_pcd.o
    0x08002f88   0x08002f88   0x0000008c   Code   RO          746    i.HAL_PCD_EP_Open   stm32f4xx_hal_pcd.o
    0x08003014   0x08003014   0x00000046   Code   RO          747    i.HAL_PCD_EP_Receive  stm32f4xx_hal_pcd.o
    0x0800305a   0x0800305a   0x0000008a   Code   RO          748    i.HAL_PCD_EP_SetStall  stm32f4xx_hal_pcd.o
    0x080030e4   0x080030e4   0x00000048   Code   RO          749    i.HAL_PCD_EP_Transmit  stm32f4xx_hal_pcd.o
    0x0800312c   0x0800312c   0x000006ca   Code   RO          751    i.HAL_PCD_IRQHandler  stm32f4xx_hal_pcd.o
    0x080037f6   0x080037f6   0x00000012   Code   RO         6820    i.HAL_PCD_ISOINIncompleteCallback  usbd_conf.o
    0x08003808   0x08003808   0x00000012   Code   RO         6821    i.HAL_PCD_ISOOUTIncompleteCallback  usbd_conf.o
    0x0800381a   0x0800381a   0x0000015e   Code   RO          754    i.HAL_PCD_Init      stm32f4xx_hal_pcd.o
    0x08003978   0x08003978   0x000000a8   Code   RO         6823    i.HAL_PCD_MspInit   usbd_conf.o
    0x08003a20   0x08003a20   0x00000030   Code   RO         6824    i.HAL_PCD_ResetCallback  usbd_conf.o
    0x08003a50   0x08003a50   0x0000000e   Code   RO         6825    i.HAL_PCD_ResumeCallback  usbd_conf.o
    0x08003a5e   0x08003a5e   0x0000000e   Code   RO         6826    i.HAL_PCD_SOFCallback  usbd_conf.o
    0x08003a6c   0x08003a6c   0x00000034   Code   RO          760    i.HAL_PCD_SetAddress  stm32f4xx_hal_pcd.o
    0x08003aa0   0x08003aa0   0x00000012   Code   RO         6827    i.HAL_PCD_SetupStageCallback  usbd_conf.o
    0x08003ab2   0x08003ab2   0x0000004c   Code   RO          763    i.HAL_PCD_Start     stm32f4xx_hal_pcd.o
    0x08003afe   0x08003afe   0x00000002   PAD
    0x08003b00   0x08003b00   0x00000034   Code   RO         6828    i.HAL_PCD_SuspendCallback  usbd_conf.o
    0x08003b34   0x08003b34   0x00000184   Code   RO         1329    i.HAL_RCC_ClockConfig  stm32f4xx_hal_rcc.o
    0x08003cb8   0x08003cb8   0x0000000c   Code   RO         1334    i.HAL_RCC_GetHCLKFreq  stm32f4xx_hal_rcc.o
    0x08003cc4   0x08003cc4   0x00000020   Code   RO         1336    i.HAL_RCC_GetPCLK1Freq  stm32f4xx_hal_rcc.o
    0x08003ce4   0x08003ce4   0x00000020   Code   RO         1337    i.HAL_RCC_GetPCLK2Freq  stm32f4xx_hal_rcc.o
    0x08003d04   0x08003d04   0x000000b0   Code   RO         1338    i.HAL_RCC_GetSysClockFreq  stm32f4xx_hal_rcc.o
    0x08003db4   0x08003db4   0x0000049c   Code   RO         1341    i.HAL_RCC_OscConfig  stm32f4xx_hal_rcc.o
    0x08004250   0x08004250   0x000000c8   Code   RO         3256    i.HAL_SPI_Init      stm32f4xx_hal_spi.o
    0x08004318   0x08004318   0x00000158   Code   RO          405    i.HAL_SPI_MspInit   spi.o
    0x08004470   0x08004470   0x00000240   Code   RO         3265    i.HAL_SPI_TransmitReceive  stm32f4xx_hal_spi.o
    0x080046b0   0x080046b0   0x00000034   Code   RO         2129    i.HAL_SYSTICK_Config  stm32f4xx_hal_cortex.o
    0x080046e4   0x080046e4   0x00000002   Code   RO         4284    i.HAL_TIMEx_BreakCallback  stm32f4xx_hal_tim_ex.o
    0x080046e6   0x080046e6   0x00000002   Code   RO         4285    i.HAL_TIMEx_CommutCallback  stm32f4xx_hal_tim_ex.o
    0x080046e8   0x080046e8   0x000000b4   Code   RO         4303    i.HAL_TIMEx_MasterConfigSynchronization  stm32f4xx_hal_tim_ex.o
    0x0800479c   0x0800479c   0x00000066   Code   RO         3569    i.HAL_TIM_Base_Init  stm32f4xx_hal_tim.o
    0x08004802   0x08004802   0x00000002   PAD
    0x08004804   0x08004804   0x000000b4   Code   RO          447    i.HAL_TIM_Base_MspInit  tim.o
    0x080048b8   0x080048b8   0x0000009c   Code   RO         3572    i.HAL_TIM_Base_Start  stm32f4xx_hal_tim.o
    0x08004954   0x08004954   0x000000a8   Code   RO         3574    i.HAL_TIM_Base_Start_IT  stm32f4xx_hal_tim.o
    0x080049fc   0x080049fc   0x0000010c   Code   RO         3578    i.HAL_TIM_ConfigClockSource  stm32f4xx_hal_tim.o
    0x08004b08   0x08004b08   0x00000002   Code   RO         3603    i.HAL_TIM_IC_CaptureCallback  stm32f4xx_hal_tim.o
    0x08004b0a   0x08004b0a   0x0000016c   Code   RO         3617    i.HAL_TIM_IRQHandler  stm32f4xx_hal_tim.o
    0x08004c76   0x08004c76   0x00000002   PAD
    0x08004c78   0x08004c78   0x00000064   Code   RO          448    i.HAL_TIM_MspPostInit  tim.o
    0x08004cdc   0x08004cdc   0x00000002   Code   RO         3620    i.HAL_TIM_OC_DelayElapsedCallback  stm32f4xx_hal_tim.o
    0x08004cde   0x08004cde   0x00000104   Code   RO         3641    i.HAL_TIM_PWM_ConfigChannel  stm32f4xx_hal_tim.o
    0x08004de2   0x08004de2   0x00000066   Code   RO         3644    i.HAL_TIM_PWM_Init  stm32f4xx_hal_tim.o
    0x08004e48   0x08004e48   0x00000002   Code   RO         3646    i.HAL_TIM_PWM_MspInit  stm32f4xx_hal_tim.o
    0x08004e4a   0x08004e4a   0x00000002   Code   RO         3647    i.HAL_TIM_PWM_PulseFinishedCallback  stm32f4xx_hal_tim.o
    0x08004e4c   0x08004e4c   0x0000010c   Code   RO         3649    i.HAL_TIM_PWM_Start  stm32f4xx_hal_tim.o
    0x08004f58   0x08004f58   0x00000080   Code   RO         6106    i.HAL_TIM_PeriodElapsedCallback  mode.o
    0x08004fd8   0x08004fd8   0x00000002   Code   RO         3660    i.HAL_TIM_TriggerCallback  stm32f4xx_hal_tim.o
    0x08004fda   0x08004fda   0x00000076   Code   RO         4581    i.HAL_UART_Init     stm32f4xx_hal_uart.o
    0x08005050   0x08005050   0x00000198   Code   RO          507    i.HAL_UART_MspInit  usart.o
    0x080051e8   0x080051e8   0x00000004   Code   RO          566    i.HardFault_Handler  stm32f4xx_it.o
    0x080051ec   0x080051ec   0x0000003e   Code   RO         2805    i.I2C_IsAcknowledgeFailed  stm32f4xx_hal_i2c.o
    0x0800522a   0x0800522a   0x00000002   PAD
    0x0800522c   0x0800522c   0x00000160   Code   RO         2816    i.I2C_RequestMemoryRead  stm32f4xx_hal_i2c.o
    0x0800538c   0x0800538c   0x000000be   Code   RO         2826    i.I2C_WaitOnFlagUntilTimeout  stm32f4xx_hal_i2c.o
    0x0800544a   0x0800544a   0x000000fa   Code   RO         2827    i.I2C_WaitOnMasterAddressFlagUntilTimeout  stm32f4xx_hal_i2c.o
    0x08005544   0x08005544   0x0000008a   Code   RO         2828    i.I2C_WaitOnRXNEFlagUntilTimeout  stm32f4xx_hal_i2c.o
    0x080055ce   0x080055ce   0x00000066   Code   RO         2831    i.I2C_WaitOnTXEFlagUntilTimeout  stm32f4xx_hal_i2c.o
    0x08005634   0x08005634   0x000000ec   Code   RO         5028    i.IMU_Init          bsp_imu.o
    0x08005720   0x08005720   0x00000308   Code   RO         5031    i.INS_task          bsp_imu.o
    0x08005a28   0x08005a28   0x0000003e   Code   RO         6610    i.IntToUnicode      usbd_desc.o
    0x08005a66   0x08005a66   0x00000002   PAD
    0x08005a68   0x08005a68   0x00000044   Code   RO          291    i.MX_CAN1_Init      can.o
    0x08005aac   0x08005aac   0x00000044   Code   RO          292    i.MX_CAN2_Init      can.o
    0x08005af0   0x08005af0   0x00000088   Code   RO          338    i.MX_DMA_Init       dma.o
    0x08005b78   0x08005b78   0x000001c4   Code   RO          265    i.MX_GPIO_Init      gpio.o
    0x08005d3c   0x08005d3c   0x0000003c   Code   RO          364    i.MX_I2C3_Init      i2c.o
    0x08005d78   0x08005d78   0x00000048   Code   RO          406    i.MX_SPI1_Init      spi.o
    0x08005dc0   0x08005dc0   0x0000006c   Code   RO          449    i.MX_TIM10_Init     tim.o
    0x08005e2c   0x08005e2c   0x0000006c   Code   RO          450    i.MX_TIM2_Init      tim.o
    0x08005e98   0x08005e98   0x0000006c   Code   RO          451    i.MX_TIM3_Init      tim.o
    0x08005f04   0x08005f04   0x00000038   Code   RO          508    i.MX_USART2_UART_Init  usart.o
    0x08005f3c   0x08005f3c   0x0000003c   Code   RO          509    i.MX_USART3_UART_Init  usart.o
    0x08005f78   0x08005f78   0x0000004c   Code   RO         6577    i.MX_USB_DEVICE_Init  usb_device.o
    0x08005fc4   0x08005fc4   0x000005ac   Code   RO         5839    i.MahonyAHRSupdate  mahonyahrs.o
    0x08006570   0x08006570   0x000002fc   Code   RO         5840    i.MahonyAHRSupdateIMU  mahonyahrs.o
    0x0800686c   0x0800686c   0x00000004   Code   RO          567    i.MemManage_Handler  stm32f4xx_it.o
    0x08006870   0x08006870   0x00000004   Code   RO          568    i.NMI_Handler       stm32f4xx_it.o
    0x08006874   0x08006874   0x00000010   Code   RO          569    i.OTG_FS_IRQHandler  stm32f4xx_it.o
    0x08006884   0x08006884   0x00000064   Code   RO          767    i.PCD_EP_OutSetupPacket_int  stm32f4xx_hal_pcd.o
    0x080068e8   0x080068e8   0x00000144   Code   RO          768    i.PCD_EP_OutXfrComplete_int  stm32f4xx_hal_pcd.o
    0x08006a2c   0x08006a2c   0x000000b6   Code   RO          769    i.PCD_WriteEmptyTxFifo  stm32f4xx_hal_pcd.o
    0x08006ae2   0x08006ae2   0x00000002   PAD
    0x08006ae4   0x08006ae4   0x00000150   Code   RO         4961    i.PID_Calc          pid.o
    0x08006c34   0x08006c34   0x00000070   Code   RO         4962    i.PID_Init          pid.o
    0x08006ca4   0x08006ca4   0x00000064   Code   RO         4964    i.PID_angleloop_init  pid.o
    0x08006d08   0x08006d08   0x00000064   Code   RO         4966    i.PID_init          pid.o
    0x08006d6c   0x08006d6c   0x00000002   Code   RO          570    i.PendSV_Handler    stm32f4xx_it.o
    0x08006d6e   0x08006d6e   0x00000002   PAD
    0x08006d70   0x08006d70   0x00000098   Code   RO         5666    i.RC_data_is_error  remote_control.o
    0x08006e08   0x08006e08   0x0000009c   Code   RO         5667    i.RC_init           remote_control.o
    0x08006ea4   0x08006ea4   0x000000c4   Code   RO         5668    i.RC_restart        remote_control.o
    0x08006f68   0x08006f68   0x0000273c   Code   RO         5268    i.SPI1_DMA_enable   bsp_spi.o
    0x080096a4   0x080096a4   0x00000180   Code   RO         5269    i.SPI1_DMA_init     bsp_spi.o
    0x08009824   0x08009824   0x00000088   Code   RO         3294    i.SPI_EndRxTxTransaction  stm32f4xx_hal_spi.o
    0x080098ac   0x080098ac   0x000000d8   Code   RO         3299    i.SPI_WaitFlagStateUntilTimeout  stm32f4xx_hal_spi.o
    0x08009984   0x08009984   0x00000002   Code   RO          571    i.SVC_Handler       stm32f4xx_it.o
    0x08009986   0x08009986   0x00000012   Code   RO         7185    i.SWAPBYTE          usbd_ctlreq.o
    0x08009998   0x08009998   0x00000008   Code   RO          572    i.SysTick_Handler   stm32f4xx_it.o
    0x080099a0   0x080099a0   0x000000b4   Code   RO           14    i.SystemClock_Config  main.o
    0x08009a54   0x08009a54   0x00000014   Code   RO         4925    i.SystemInit        system_stm32f4xx.o
    0x08009a68   0x08009a68   0x00000010   Code   RO          573    i.TIM2_IRQHandler   stm32f4xx_it.o
    0x08009a78   0x08009a78   0x00000010   Code   RO          574    i.TIM3_IRQHandler   stm32f4xx_it.o
    0x08009a88   0x08009a88   0x000000e8   Code   RO         3662    i.TIM_Base_SetConfig  stm32f4xx_hal_tim.o
    0x08009b70   0x08009b70   0x00000022   Code   RO         3663    i.TIM_CCxChannelCmd  stm32f4xx_hal_tim.o
    0x08009b92   0x08009b92   0x00000016   Code   RO         3673    i.TIM_ETR_SetConfig  stm32f4xx_hal_tim.o
    0x08009ba8   0x08009ba8   0x00000012   Code   RO         3674    i.TIM_ITRx_SetConfig  stm32f4xx_hal_tim.o
    0x08009bba   0x08009bba   0x00000002   PAD
    0x08009bbc   0x08009bbc   0x00000070   Code   RO         3675    i.TIM_OC1_SetConfig  stm32f4xx_hal_tim.o
    0x08009c2c   0x08009c2c   0x0000007c   Code   RO         3676    i.TIM_OC2_SetConfig  stm32f4xx_hal_tim.o
    0x08009ca8   0x08009ca8   0x00000078   Code   RO         3677    i.TIM_OC3_SetConfig  stm32f4xx_hal_tim.o
    0x08009d20   0x08009d20   0x00000054   Code   RO         3678    i.TIM_OC4_SetConfig  stm32f4xx_hal_tim.o
    0x08009d74   0x08009d74   0x00000026   Code   RO         3680    i.TIM_TI1_ConfigInputStage  stm32f4xx_hal_tim.o
    0x08009d9a   0x08009d9a   0x00000028   Code   RO         3682    i.TIM_TI2_ConfigInputStage  stm32f4xx_hal_tim.o
    0x08009dc2   0x08009dc2   0x00000002   PAD
    0x08009dc4   0x08009dc4   0x0000022c   Code   RO         4608    i.UART_SetConfig    stm32f4xx_hal_uart.o
    0x08009ff0   0x08009ff0   0x0000014c   Code   RO         5669    i.USART3_IRQHandler  remote_control.o
    0x0800a13c   0x0800a13c   0x000000c4   Code   RO         7348    i.USBD_CDC_DataIn   usbd_cdc.o
    0x0800a200   0x0800a200   0x00000048   Code   RO         7349    i.USBD_CDC_DataOut  usbd_cdc.o
    0x0800a248   0x0800a248   0x000000d4   Code   RO         7350    i.USBD_CDC_DeInit   usbd_cdc.o
    0x0800a31c   0x0800a31c   0x00000050   Code   RO         7351    i.USBD_CDC_EP0_RxReady  usbd_cdc.o
    0x0800a36c   0x0800a36c   0x00000010   Code   RO         7352    i.USBD_CDC_GetDeviceQualifierDescriptor  usbd_cdc.o
    0x0800a37c   0x0800a37c   0x00000044   Code   RO         7353    i.USBD_CDC_GetFSCfgDesc  usbd_cdc.o
    0x0800a3c0   0x0800a3c0   0x00000048   Code   RO         7354    i.USBD_CDC_GetHSCfgDesc  usbd_cdc.o
    0x0800a408   0x0800a408   0x00000044   Code   RO         7355    i.USBD_CDC_GetOtherSpeedCfgDesc  usbd_cdc.o
    0x0800a44c   0x0800a44c   0x000001a0   Code   RO         7356    i.USBD_CDC_Init     usbd_cdc.o
    0x0800a5ec   0x0800a5ec   0x00000050   Code   RO         7357    i.USBD_CDC_ReceivePacket  usbd_cdc.o
    0x0800a63c   0x0800a63c   0x00000018   Code   RO         7358    i.USBD_CDC_RegisterInterface  usbd_cdc.o
    0x0800a654   0x0800a654   0x0000001e   Code   RO         7359    i.USBD_CDC_SetRxBuffer  usbd_cdc.o
    0x0800a672   0x0800a672   0x00000024   Code   RO         7360    i.USBD_CDC_SetTxBuffer  usbd_cdc.o
    0x0800a696   0x0800a696   0x00000140   Code   RO         7361    i.USBD_CDC_Setup    usbd_cdc.o
    0x0800a7d6   0x0800a7d6   0x0000001c   Code   RO         7023    i.USBD_ClrClassConfig  usbd_core.o
    0x0800a7f2   0x0800a7f2   0x0000003e   Code   RO         7186    i.USBD_ClrFeature   usbd_ctlreq.o
    0x0800a830   0x0800a830   0x00000006   Code   RO         7024    i.USBD_CoreFindEP   usbd_core.o
    0x0800a836   0x0800a836   0x00000006   Code   RO         7025    i.USBD_CoreFindIF   usbd_core.o
    0x0800a83c   0x0800a83c   0x00000018   Code   RO         7288    i.USBD_CtlContinueRx  usbd_ioreq.o
    0x0800a854   0x0800a854   0x00000018   Code   RO         7289    i.USBD_CtlContinueSendData  usbd_ioreq.o
    0x0800a86c   0x0800a86c   0x00000018   Code   RO         7187    i.USBD_CtlError     usbd_ctlreq.o
    0x0800a884   0x0800a884   0x00000028   Code   RO         7290    i.USBD_CtlPrepareRx  usbd_ioreq.o
    0x0800a8ac   0x0800a8ac   0x0000001a   Code   RO         7291    i.USBD_CtlReceiveStatus  usbd_ioreq.o
    0x0800a8c6   0x0800a8c6   0x00000022   Code   RO         7292    i.USBD_CtlSendData  usbd_ioreq.o
    0x0800a8e8   0x0800a8e8   0x0000001a   Code   RO         7293    i.USBD_CtlSendStatus  usbd_ioreq.o
    0x0800a902   0x0800a902   0x00000002   PAD
    0x0800a904   0x0800a904   0x00000034   Code   RO         6611    i.USBD_FS_ConfigStrDescriptor  usbd_desc.o
    0x0800a938   0x0800a938   0x00000010   Code   RO         6612    i.USBD_FS_DeviceDescriptor  usbd_desc.o
    0x0800a948   0x0800a948   0x00000038   Code   RO         6613    i.USBD_FS_InterfaceStrDescriptor  usbd_desc.o
    0x0800a980   0x0800a980   0x00000010   Code   RO         6614    i.USBD_FS_LangIDStrDescriptor  usbd_desc.o
    0x0800a990   0x0800a990   0x0000002c   Code   RO         6615    i.USBD_FS_ManufacturerStrDescriptor  usbd_desc.o
    0x0800a9bc   0x0800a9bc   0x00000040   Code   RO         6616    i.USBD_FS_ProductStrDescriptor  usbd_desc.o
    0x0800a9fc   0x0800a9fc   0x00000018   Code   RO         6617    i.USBD_FS_SerialStrDescriptor  usbd_desc.o
    0x0800aa14   0x0800aa14   0x00000056   Code   RO         7188    i.USBD_GetConfig    usbd_ctlreq.o
    0x0800aa6a   0x0800aa6a   0x000001fc   Code   RO         7189    i.USBD_GetDescriptor  usbd_ctlreq.o
    0x0800ac66   0x0800ac66   0x00000050   Code   RO         7027    i.USBD_GetEpDesc    usbd_core.o
    0x0800acb6   0x0800acb6   0x00000016   Code   RO         7190    i.USBD_GetLen       usbd_ctlreq.o
    0x0800accc   0x0800accc   0x00000014   Code   RO         7028    i.USBD_GetNextDesc  usbd_core.o
    0x0800ace0   0x0800ace0   0x0000005a   Code   RO         7191    i.USBD_GetStatus    usbd_ctlreq.o
    0x0800ad3a   0x0800ad3a   0x00000054   Code   RO         7192    i.USBD_GetString    usbd_ctlreq.o
    0x0800ad8e   0x0800ad8e   0x0000002c   Code   RO         6829    i.USBD_Get_USB_Status  usbd_conf.o
    0x0800adba   0x0800adba   0x0000003a   Code   RO         7029    i.USBD_Init         usbd_core.o
    0x0800adf4   0x0800adf4   0x00000026   Code   RO         6830    i.USBD_LL_ClearStallEP  usbd_conf.o
    0x0800ae1a   0x0800ae1a   0x00000026   Code   RO         6831    i.USBD_LL_CloseEP   usbd_conf.o
    0x0800ae40   0x0800ae40   0x00000108   Code   RO         7030    i.USBD_LL_DataInStage  usbd_core.o
    0x0800af48   0x0800af48   0x00000102   Code   RO         7031    i.USBD_LL_DataOutStage  usbd_core.o
    0x0800b04a   0x0800b04a   0x00000006   Code   RO         7032    i.USBD_LL_DevConnected  usbd_core.o
    0x0800b050   0x0800b050   0x00000026   Code   RO         7033    i.USBD_LL_DevDisconnected  usbd_core.o
    0x0800b076   0x0800b076   0x00000012   Code   RO         6835    i.USBD_LL_GetRxDataSize  usbd_conf.o
    0x0800b088   0x0800b088   0x00000068   Code   RO         6836    i.USBD_LL_Init      usbd_conf.o
    0x0800b0f0   0x0800b0f0   0x00000038   Code   RO         6837    i.USBD_LL_IsStallEP  usbd_conf.o
    0x0800b128   0x0800b128   0x00000048   Code   RO         7034    i.USBD_LL_IsoINIncomplete  usbd_core.o
    0x0800b170   0x0800b170   0x00000048   Code   RO         7035    i.USBD_LL_IsoOUTIncomplete  usbd_core.o
    0x0800b1b8   0x0800b1b8   0x00000030   Code   RO         6838    i.USBD_LL_OpenEP    usbd_conf.o
    0x0800b1e8   0x0800b1e8   0x00000030   Code   RO         6839    i.USBD_LL_PrepareReceive  usbd_conf.o
    0x0800b218   0x0800b218   0x0000006c   Code   RO         7036    i.USBD_LL_Reset     usbd_core.o
    0x0800b284   0x0800b284   0x00000016   Code   RO         7037    i.USBD_LL_Resume    usbd_core.o
    0x0800b29a   0x0800b29a   0x00000028   Code   RO         7038    i.USBD_LL_SOF       usbd_core.o
    0x0800b2c2   0x0800b2c2   0x00000008   Code   RO         7039    i.USBD_LL_SetSpeed  usbd_core.o
    0x0800b2ca   0x0800b2ca   0x00000026   Code   RO         6840    i.USBD_LL_SetUSBAddress  usbd_conf.o
    0x0800b2f0   0x0800b2f0   0x00000076   Code   RO         7040    i.USBD_LL_SetupStage  usbd_core.o
    0x0800b366   0x0800b366   0x00000026   Code   RO         6841    i.USBD_LL_StallEP   usbd_conf.o
    0x0800b38c   0x0800b38c   0x0000001e   Code   RO         6842    i.USBD_LL_Start     usbd_conf.o
    0x0800b3aa   0x0800b3aa   0x0000001c   Code   RO         7041    i.USBD_LL_Suspend   usbd_core.o
    0x0800b3c6   0x0800b3c6   0x00000030   Code   RO         6844    i.USBD_LL_Transmit  usbd_conf.o
    0x0800b3f6   0x0800b3f6   0x00000036   Code   RO         7193    i.USBD_ParseSetupRequest  usbd_ctlreq.o
    0x0800b42c   0x0800b42c   0x00000048   Code   RO         7042    i.USBD_RegisterClass  usbd_core.o
    0x0800b474   0x0800b474   0x00000006   Code   RO         7043    i.USBD_RunTestMode  usbd_core.o
    0x0800b47a   0x0800b47a   0x0000005a   Code   RO         7194    i.USBD_SetAddress   usbd_ctlreq.o
    0x0800b4d4   0x0800b4d4   0x00000020   Code   RO         7044    i.USBD_SetClassConfig  usbd_core.o
    0x0800b4f4   0x0800b4f4   0x00000104   Code   RO         7195    i.USBD_SetConfig    usbd_ctlreq.o
    0x0800b5f8   0x0800b5f8   0x00000038   Code   RO         7196    i.USBD_SetFeature   usbd_ctlreq.o
    0x0800b630   0x0800b630   0x0000000c   Code   RO         7045    i.USBD_Start        usbd_core.o
    0x0800b63c   0x0800b63c   0x000000ae   Code   RO         7197    i.USBD_StdDevReq    usbd_ctlreq.o
    0x0800b6ea   0x0800b6ea   0x00000280   Code   RO         7198    i.USBD_StdEPReq     usbd_ctlreq.o
    0x0800b96a   0x0800b96a   0x000000ae   Code   RO         7199    i.USBD_StdItfReq    usbd_ctlreq.o
    0x0800ba18   0x0800ba18   0x00000002   Code   RO         6845    i.USBD_static_free  usbd_conf.o
    0x0800ba1a   0x0800ba1a   0x00000002   PAD
    0x0800ba1c   0x0800ba1c   0x0000000c   Code   RO         6846    i.USBD_static_malloc  usbd_conf.o
    0x0800ba28   0x0800ba28   0x000000d0   Code   RO         1018    i.USB_ActivateEndpoint  stm32f4xx_ll_usb.o
    0x0800baf8   0x0800baf8   0x00000028   Code   RO         1020    i.USB_ActivateSetup  stm32f4xx_ll_usb.o
    0x0800bb20   0x0800bb20   0x0000008c   Code   RO         1022    i.USB_CoreInit      stm32f4xx_ll_usb.o
    0x0800bbac   0x0800bbac   0x00000054   Code   RO         1023    i.USB_CoreReset     stm32f4xx_ll_usb.o
    0x0800bc00   0x0800bc00   0x0000014c   Code   RO         1026    i.USB_DeactivateEndpoint  stm32f4xx_ll_usb.o
    0x0800bd4c   0x0800bd4c   0x00000024   Code   RO         1027    i.USB_DevConnect    stm32f4xx_ll_usb.o
    0x0800bd70   0x0800bd70   0x00000024   Code   RO         1028    i.USB_DevDisconnect  stm32f4xx_ll_usb.o
    0x0800bd94   0x0800bd94   0x000001e8   Code   RO         1029    i.USB_DevInit       stm32f4xx_ll_usb.o
    0x0800bf7c   0x0800bf7c   0x0000000e   Code   RO         1030    i.USB_DisableGlobalInt  stm32f4xx_ll_usb.o
    0x0800bf8a   0x0800bf8a   0x00000002   PAD
    0x0800bf8c   0x0800bf8c   0x00000070   Code   RO         1033    i.USB_EP0_OutStart  stm32f4xx_ll_usb.o
    0x0800bffc   0x0800bffc   0x0000008e   Code   RO         1034    i.USB_EPClearStall  stm32f4xx_ll_usb.o
    0x0800c08a   0x0800c08a   0x0000009a   Code   RO         1035    i.USB_EPSetStall    stm32f4xx_ll_usb.o
    0x0800c124   0x0800c124   0x000003b4   Code   RO         1036    i.USB_EPStartXfer   stm32f4xx_ll_usb.o
    0x0800c4d8   0x0800c4d8   0x000000ec   Code   RO         1037    i.USB_EPStopXfer    stm32f4xx_ll_usb.o
    0x0800c5c4   0x0800c5c4   0x0000000e   Code   RO         1038    i.USB_EnableGlobalInt  stm32f4xx_ll_usb.o
    0x0800c5d2   0x0800c5d2   0x00000050   Code   RO         1039    i.USB_FlushRxFifo   stm32f4xx_ll_usb.o
    0x0800c622   0x0800c622   0x00000054   Code   RO         1040    i.USB_FlushTxFifo   stm32f4xx_ll_usb.o
    0x0800c676   0x0800c676   0x00000026   Code   RO         1042    i.USB_GetDevSpeed   stm32f4xx_ll_usb.o
    0x0800c69c   0x0800c69c   0x0000000a   Code   RO         1044    i.USB_GetMode       stm32f4xx_ll_usb.o
    0x0800c6a6   0x0800c6a6   0x00000014   Code   RO         1052    i.USB_ReadDevAllInEpInterrupt  stm32f4xx_ll_usb.o
    0x0800c6ba   0x0800c6ba   0x00000014   Code   RO         1053    i.USB_ReadDevAllOutEpInterrupt  stm32f4xx_ll_usb.o
    0x0800c6ce   0x0800c6ce   0x00000032   Code   RO         1054    i.USB_ReadDevInEPInterrupt  stm32f4xx_ll_usb.o
    0x0800c700   0x0800c700   0x0000001a   Code   RO         1055    i.USB_ReadDevOutEPInterrupt  stm32f4xx_ll_usb.o
    0x0800c71a   0x0800c71a   0x0000000a   Code   RO         1056    i.USB_ReadInterrupts  stm32f4xx_ll_usb.o
    0x0800c724   0x0800c724   0x00000060   Code   RO         1057    i.USB_ReadPacket    stm32f4xx_ll_usb.o
    0x0800c784   0x0800c784   0x00000068   Code   RO         1059    i.USB_SetCurrentMode  stm32f4xx_ll_usb.o
    0x0800c7ec   0x0800c7ec   0x0000002a   Code   RO         1060    i.USB_SetDevAddress  stm32f4xx_ll_usb.o
    0x0800c816   0x0800c816   0x00000012   Code   RO         1061    i.USB_SetDevSpeed   stm32f4xx_ll_usb.o
    0x0800c828   0x0800c828   0x000000e8   Code   RO         1062    i.USB_SetTurnaroundTime  stm32f4xx_ll_usb.o
    0x0800c910   0x0800c910   0x00000044   Code   RO         1065    i.USB_WritePacket   stm32f4xx_ll_usb.o
    0x0800c954   0x0800c954   0x00000004   Code   RO          575    i.UsageFault_Handler  stm32f4xx_it.o
    0x0800c958   0x0800c958   0x0000003c   Code   RO         6710    i.Verify_CRC16_Check_Sum  usbd_cdc_if.o
    0x0800c994   0x0800c994   0x00000026   Code   RO         7537    i.__ARM_fpclassifyf  m_wm.l(fpclassifyf.o)
    0x0800c9ba   0x0800c9ba   0x00000002   PAD
    0x0800c9bc   0x0800c9bc   0x00000010   Code   RO         2131    i.__NVIC_GetPriorityGrouping  stm32f4xx_hal_cortex.o
    0x0800c9cc   0x0800c9cc   0x00000028   Code   RO         2132    i.__NVIC_SetPriority  stm32f4xx_hal_cortex.o
    0x0800c9f4   0x0800c9f4   0x0000012c   Code   RO         7450    i.__hardfp_asinf    m_wm.l(asinf.o)
    0x0800cb20   0x0800cb20   0x00000250   Code   RO         7462    i.__hardfp_atan2f   m_wm.l(atan2f.o)
    0x0800cd70   0x0800cd70   0x0000007a   Code   RO         7480    i.__hardfp_sqrt     m_wm.l(sqrt.o)
    0x0800cdea   0x0800cdea   0x00000006   Code   RO         7540    i.__mathlib_flt_infnan  m_wm.l(funder.o)
    0x0800cdf0   0x0800cdf0   0x00000006   Code   RO         7541    i.__mathlib_flt_infnan2  m_wm.l(funder.o)
    0x0800cdf6   0x0800cdf6   0x00000002   PAD
    0x0800cdf8   0x0800cdf8   0x00000010   Code   RO         7542    i.__mathlib_flt_invalid  m_wm.l(funder.o)
    0x0800ce08   0x0800ce08   0x00000010   Code   RO         7545    i.__mathlib_flt_underflow  m_wm.l(funder.o)
    0x0800ce18   0x0800ce18   0x0000000e   Code   RO         7620    i.__scatterload_copy  mc_w.l(handlers.o)
    0x0800ce26   0x0800ce26   0x00000002   Code   RO         7621    i.__scatterload_null  mc_w.l(handlers.o)
    0x0800ce28   0x0800ce28   0x0000000e   Code   RO         7622    i.__scatterload_zeroinit  mc_w.l(handlers.o)
    0x0800ce36   0x0800ce36   0x00000002   PAD
    0x0800ce38   0x0800ce38   0x0000000c   Code   RO         7590    i.__set_errno       mc_w.l(errno.o)
    0x0800ce44   0x0800ce44   0x00000010   Code   RO         7452    i.asinf             m_wm.l(asinf.o)
    0x0800ce54   0x0800ce54   0x00000014   Code   RO         7464    i.atan2f            m_wm.l(atan2f.o)
    0x0800ce68   0x0800ce68   0x00000134   Code   RO         6270    i.bmi088_accel_init  bmi088driver.o
    0x0800cf9c   0x0800cf9c   0x000002fc   Code   RO         6271    i.bmi088_accel_self_test  bmi088driver.o
    0x0800d298   0x0800d298   0x000000f4   Code   RO         6272    i.bmi088_gyro_init  bmi088driver.o
    0x0800d38c   0x0800d38c   0x000000d0   Code   RO         6273    i.bmi088_gyro_self_test  bmi088driver.o
    0x0800d45c   0x0800d45c   0x0000005c   Code   RO         5337    i.can_filter_init   bsp_can.o
    0x0800d4b8   0x0800d4b8   0x0000014c   Code   RO         6711    i.cdc_vcp_data_rx   usbd_cdc_if.o
    0x0800d604   0x0800d604   0x00000030   Code   RO         5299    i.delay_init        delay.o
    0x0800d634   0x0800d634   0x00000050   Code   RO         5300    i.delay_ms          delay.o
    0x0800d684   0x0800d684   0x00000050   Code   RO         5301    i.delay_us          delay.o
    0x0800d6d4   0x0800d6d4   0x00000018   Code   RO         7476    i.fabs              m_wm.l(fabs.o)
    0x0800d6ec   0x0800d6ec   0x00000156   Code   RO         5032    i.get_angle         bsp_imu.o
    0x0800d842   0x0800d842   0x00000002   PAD
    0x0800d844   0x0800d844   0x00000010   Code   RO         5438    i.get_gimbal_motor_measure_point  can_receive.o
    0x0800d854   0x0800d854   0x0000002e   Code   RO         5439    i.get_motor_measure  can_receive.o
    0x0800d882   0x0800d882   0x00000002   PAD
    0x0800d884   0x0800d884   0x00000008   Code   RO         5670    i.get_remote_control_point  remote_control.o
    0x0800d88c   0x0800d88c   0x000000b8   Code   RO         5578    i.gimbal_init       gimbal.o
    0x0800d944   0x0800d944   0x0000012c   Code   RO         5035    i.imu_cali_slove    bsp_imu.o
    0x0800da70   0x0800da70   0x00000168   Code   RO         5036    i.imu_cmd_spi_dma   bsp_imu.o
    0x0800dbd8   0x0800dbd8   0x0000000c   Code   RO         5243    i.imu_pwm_set       bsp_imu_pwm.o
    0x0800dbe4   0x0800dbe4   0x000000a4   Code   RO         5037    i.imu_temp_control  bsp_imu.o
    0x0800dc88   0x0800dc88   0x00000010   Code   RO         5394    i.int16_abs         math.o
    0x0800dc98   0x0800dc98   0x0000003c   Code   RO         5841    i.invSqrt           mahonyahrs.o
    0x0800dcd4   0x0800dcd4   0x00000024   Code   RO         6499    i.ist8310_IIC_read_muli_reg  ist8310driver_middleware.o
    0x0800dcf8   0x0800dcf8   0x0000008c   Code   RO         6467    i.ist8310_read_mag  ist8310driver.o
    0x0800dd84   0x0800dd84   0x0000007c   Code   RO           15    i.main              main.o
    0x0800de00   0x0800de00   0x00000014   Code   RO         5671    i.remote_control_init  remote_control.o
    0x0800de14   0x0800de14   0x000000f8   Code   RO         5672    i.sbus_to_rc        remote_control.o
    0x0800df0c   0x0800df0c   0x0000003e   Code   RO         7555    i.sqrtf             m_wm.l(sqrtf.o)
    0x0800df4a   0x0800df4a   0x00000002   PAD
    0x0800df4c   0x0800df4c   0x000000c4   Code   RO         5440    i.update_angle      can_receive.o
    0x0800e010   0x0800e010   0x00000008   Data   RO         1847    .constdata          stm32f4xx_hal_dma.o
    0x0800e018   0x0800e018   0x00000018   Data   RO         4926    .constdata          system_stm32f4xx.o
    0x0800e030   0x0800e030   0x00000020   Data   RO         5039    .constdata          bsp_imu.o
    0x0800e050   0x0800e050   0x00000020   Data   RO         5584    .constdata          gimbal.o
    0x0800e070   0x0800e070   0x00000012   Data   RO         6278    .constdata          bmi088driver.o
    0x0800e082   0x0800e082   0x00000200   Data   RO         6713    .constdata          usbd_cdc_if.o
    0x0800e282   0x0800e282   0x00000002   PAD
    0x0800e284   0x0800e284   0x00000020   Data   RO         7618    Region$$Table       anon$$obj.o


    Execution Region RW_IRAM1 (Exec base: 0x20000000, Load base: 0x0800e2a4, Size: 0x00003420, Max: 0x0001c000, ABSOLUTE, COMPRESSED[0x0000010c])

    Exec Addr    Load Addr    Size         Type   Attr      Idx    E Section Name        Object

    0x20000000   COMPRESSED   0x00000004   Data   RW          294    .data               can.o
    0x20000004   COMPRESSED   0x00000009   Data   RW         2285    .data               stm32f4xx_hal.o
    0x2000000d   COMPRESSED   0x00000003   PAD
    0x20000010   COMPRESSED   0x00000004   Data   RW         4927    .data               system_stm32f4xx.o
    0x20000014   COMPRESSED   0x0000009e   Data   RW         5040    .data               bsp_imu.o
    0x200000b2   COMPRESSED   0x00000002   PAD
    0x200000b4   COMPRESSED   0x00000008   Data   RW         5302    .data               delay.o
    0x200000bc   COMPRESSED   0x0000001c   Data   RW         5442    .data               can_receive.o
    0x200000d8   COMPRESSED   0x00000006   Data   RW         5674    .data               remote_control.o
    0x200000de   COMPRESSED   0x00000002   PAD
    0x200000e0   COMPRESSED   0x00000014   Data   RW         5842    .data               mahonyahrs.o
    0x200000f4   COMPRESSED   0x00000054   Data   RW         5964    .data               can_comm.o
    0x20000148   COMPRESSED   0x00000022   Data   RW         6110    .data               mode.o
    0x2000016a   COMPRESSED   0x00000002   PAD
    0x2000016c   COMPRESSED   0x0000002c   Data   RW         6279    .data               bmi088driver.o
    0x20000198   COMPRESSED   0x0000004e   Data   RW         6619    .data               usbd_desc.o
    0x200001e6   COMPRESSED   0x00000002   PAD
    0x200001e8   COMPRESSED   0x0000001b   Data   RW         6714    .data               usbd_cdc_if.o
    0x20000203   COMPRESSED   0x00000001   Data   RW         7200    .data               usbd_ctlreq.o
    0x20000204   COMPRESSED   0x0000008a   Data   RW         7363    .data               usbd_cdc.o
    0x2000028e   COMPRESSED   0x00000002   PAD
    0x20000290   COMPRESSED   0x00000004   Data   RW         7591    .data               mc_w.l(errno.o)
    0x20000294        -       0x00000050   Zero   RW          293    .bss                can.o
    0x200002e4        -       0x00000054   Zero   RW          365    .bss                i2c.o
    0x20000338        -       0x00000118   Zero   RW          407    .bss                spi.o
    0x20000450        -       0x000000d8   Zero   RW          452    .bss                tim.o
    0x20000528        -       0x00000150   Zero   RW          510    .bss                usart.o
    0x20000678        -       0x00000380   Zero   RW         5038    .bss                bsp_imu.o
    0x200009f8        -       0x000000f8   Zero   RW         5441    .bss                can_receive.o
    0x20000af0        -       0x00000718   Zero   RW         5583    .bss                gimbal.o
    0x20001208        -       0x000000a6   Zero   RW         5673    .bss                remote_control.o
    0x200012ae   COMPRESSED   0x00000002   PAD
    0x200012b0        -       0x00000014   Zero   RW         5742    .bss                vision_task.o
    0x200012c4        -       0x000000d0   Zero   RW         5963    .bss                can_comm.o
    0x20001394        -       0x000002dc   Zero   RW         6578    .bss                usb_device.o
    0x20001670        -       0x00000200   Zero   RW         6618    .bss                usbd_desc.o
    0x20001870        -       0x000010ab   Zero   RW         6712    .bss                usbd_cdc_if.o
    0x2000291b   COMPRESSED   0x00000001   PAD
    0x2000291c        -       0x00000704   Zero   RW         6847    .bss                usbd_conf.o
    0x20003020        -       0x00000400   Zero   RW            1    STACK               startup_stm32f407xx.o


    Execution Region RW_IRAM2 (Exec base: 0x2001c000, Load base: 0x0800e3b0, Size: 0x00000000, Max: 0x00004000, ABSOLUTE)

    **** No section assigned to this execution region ****


==============================================================================

Image component sizes


      Code (inc. data)   RO Data    RW Data    ZI Data      Debug   Object Name

      2338         40         18         44          0      10023   bmi088driver.o
       140         28          0          0          0       4476   bmi088middleware.o
        92          8          0          0          0        562   bsp_can.o
      4670        352         32        158        896     617471   bsp_imu.o
        12          4          0          0          0        474   bsp_imu_pwm.o
     10428        170          0          0          0       5610   bsp_spi.o
       504         44          0          4         80       2402   can.o
       224         30          0         84        208     580220   can_comm.o
       450         42          0         28        248     588036   can_receive.o
       208         24          0          8          0       1875   delay.o
       136          6          0          0          0        810   dma.o
       184         30         32          0       1816       7462   gimbal.o
       452         22          0          0          0       1175   gpio.o
       260         30          0          0         84       1689   i2c.o
       140          4          0          0          0       1099   ist8310driver.o
        36          6          0          0          0       1044   ist8310driver_middleware.o
      2276         72          0         20          0       4765   mahonyahrs.o
       310         26          0          0          0     737825   main.o
        16          0          0          0          0        524   math.o
       128         24          0         34          0     622877   mode.o
       648         24          0          0          0       4378   pid.o
      1112         82          0          6        166       7081   remote_control.o
       416         38          0          0        280       1895   spi.o
        36          8        392          0       1024        824   startup_stm32f407xx.o
       212         36          0          9          0       9321   stm32f4xx_hal.o
      2148          6          0          0          0      14191   stm32f4xx_hal_can.o
       312         22          0          0          0      34267   stm32f4xx_hal_cortex.o
      1034         16          8          0          0       3840   stm32f4xx_hal_dma.o
       540         50          0          0          0       2711   stm32f4xx_hal_gpio.o
      2334         36          0          0          0       8802   stm32f4xx_hal_i2c.o
        72          4          0          0          0        838   stm32f4xx_hal_msp.o
      3560         16          0          0          0      13628   stm32f4xx_hal_pcd.o
        90          0          0          0          0       2393   stm32f4xx_hal_pcd_ex.o
      1820         84          0          0          0       5552   stm32f4xx_hal_rcc.o
      1128         14          0          0          0       4657   stm32f4xx_hal_spi.o
      2522        172          0          0          0      17077   stm32f4xx_hal_tim.o
       184         30          0          0          0       2485   stm32f4xx_hal_tim_ex.o
       674         10          0          0          0       1840   stm32f4xx_hal_uart.o
       218         54          0          0          0      10483   stm32f4xx_it.o
      3882         82          0          0          0      22540   stm32f4xx_ll_usb.o
        20          6         24          4          0       1103   system_stm32f4xx.o
       604         48          0          0        216       3684   tim.o
       524         56          0          0        336       2513   usart.o
        76         16          0          0        732        784   usb_device.o
      1690         48          0        138          0      13311   usbd_cdc.o
       612         56        512         27       4267      11191   usbd_cdc_if.o
      1004         24          0          0       1796      17356   usbd_conf.o
      1354          0          0          0          0      16329   usbd_core.o
      2342         30          0          1          0      17684   usbd_ctlreq.o
       386        122          0         78        512       6781   usbd_desc.o
       174          0          0          0          0       4648   usbd_ioreq.o
         0          0          0          0         20        726   vision_task.o

    ----------------------------------------------------------------------
     54772       2152       1052        656      12684    3455332   Object Totals
         0          0         32          0          0          0   (incl. Generated)
        40          0          2         13          3          0   (incl. Padding)

    ----------------------------------------------------------------------

      Code (inc. data)   RO Data    RW Data    ZI Data      Debug   Library Member Name

       316         42          0          0          0        300   asinf.o
       612         90          0          0          0        308   atan2f.o
        24          0          0          0          0        124   fabs.o
        38          0          0          0          0        116   fpclassifyf.o
        44         12          0          0          0        464   funder.o
       122          0          0          0          0        148   sqrt.o
        62          0          0          0          0        136   sqrtf.o
        86          0          0          0          0          0   __dczerorl2.o
         0          0          0          0          0          0   entry.o
         0          0          0          0          0          0   entry10a.o
         0          0          0          0          0          0   entry11a.o
         8          4          0          0          0          0   entry2.o
         4          0          0          0          0          0   entry5.o
         0          0          0          0          0          0   entry7b.o
         0          0          0          0          0          0   entry8b.o
         8          4          0          0          0          0   entry9a.o
        12          6          0          4          0         68   errno.o
        30          0          0          0          0          0   handlers.o
        36          8          0          0          0         68   init.o
         0          0          0          0          0          0   iusefp.o
        30          0          0          0          0         68   llshl.o
        32          0          0          0          0         68   llushr.o
        36          0          0          0          0         68   memcpya.o
        36          0          0          0          0        108   memseta.o
        98          0          0          0          0         92   uldiv.o
        56          0          0          0          0         88   d2f.o
       186          0          0          0          0        176   depilogue.o
       162          0          0          0          0        100   dsqrt.o
        38          0          0          0          0         68   f2d.o
       110          0          0          0          0        168   fepilogue.o

    ----------------------------------------------------------------------
      2196        166          0          4          0       2736   Library Totals
        10          0          0          0          0          0   (incl. Padding)

    ----------------------------------------------------------------------

      Code (inc. data)   RO Data    RW Data    ZI Data      Debug   Library Name

      1218        144          0          0          0       1596   m_wm.l
       416         22          0          4          0        540   mc_w.l
       552          0          0          0          0        600   mf_w.l

    ----------------------------------------------------------------------
      2196        166          0          4          0       2736   Library Totals

    ----------------------------------------------------------------------

==============================================================================


      Code (inc. data)   RO Data    RW Data    ZI Data      Debug   

     56968       2318       1052        660      12684    3423984   Grand Totals
     56968       2318       1052        268      12684    3423984   ELF Image Totals (compressed)
     56968       2318       1052        268          0          0   ROM Totals

==============================================================================

    Total RO  Size (Code + RO Data)                58020 (  56.66kB)
    Total RW  Size (RW Data + ZI Data)             13344 (  13.03kB)
    Total ROM Size (Code + RO Data + RW Data)      58288 (  56.92kB)

==============================================================================

